[INFO] Scanning for projects...
[WARNING] 
[WARNING] Some problems were encountered while building the effective model for com.lrenyi:template-dataforge-sample-backend:jar:2.5.2-SNAPSHOT
[WARNING] 'build.plugins.plugin.version' for org.apache.maven.plugins:maven-deploy-plugin is missing. @ line 57, column 21
[WARNING] 
[WARNING] It is highly recommended to fix these problems because they threaten the stability of your build.
[WARNING] 
[WARNING] For this reason, future Maven versions might no longer support building such malformed projects.
[WARNING] 
[INFO] 
[INFO] ----------------------< com.lrenyi:template-flow >----------------------
[INFO] Building Template Flow 2.5.2-SNAPSHOT
[INFO]   from pom.xml
[INFO] --------------------------------[ jar ]---------------------------------
[INFO] 
[INFO] --- enforcer:3.5.0:enforce (default-cli) @ template-flow ---
[INFO] Rule 0: org.apache.maven.enforcer.rules.dependency.DependencyConvergence passed
[INFO] Rule 1: org.apache.maven.enforcer.rules.version.RequireJavaVersion passed
[INFO] Rule 2: org.apache.maven.enforcer.rules.version.RequireMavenVersion passed
[INFO] 
[INFO] --- checkstyle:3.3.1:check (validate) @ template-flow ---
[INFO] 寮€濮嬫鏌モ€︹€?
[WARN] D:\github.com\app.template\template-flow\src\main\java\com\lrenyi\template\flow\backpressure\BackpressureManager.java:19:1: 瀵煎叆璇彞'java.util.concurrent.atomic.AtomicLong'浣嶇疆閿欒銆傚簲浣嶄簬 'STANDARD_JAVA_PACKAGE' 缁勶紝姝よ涓嶅簲瀵煎叆銆?[CustomImportOrder]
[WARN] D:\github.com\app.template\template-flow\src\main\java\com\lrenyi\template\flow\backpressure\BackpressureManager.java:20:1: 瀵煎叆璇彞'java.util.function.BooleanSupplier'浣嶇疆閿欒銆傚簲浣嶄簬 'STANDARD_JAVA_PACKAGE' 缁勶紝姝よ涓嶅簲瀵煎叆銆?[CustomImportOrder]
[WARN] D:\github.com\app.template\template-flow\src\main\java\com\lrenyi\template\flow\backpressure\BackpressureManager.java:21:1: 瀵煎叆璇彞'java.util.stream.Collectors'浣嶇疆閿欒銆傚簲浣嶄簬 'STANDARD_JAVA_PACKAGE' 缁勶紝姝よ涓嶅簲瀵煎叆銆?[CustomImportOrder]
[WARN] D:\github.com\app.template\template-flow\src\main\java\com\lrenyi\template\flow\backpressure\BackpressureManager.java:22:1: 瀵煎叆璇彞'java.util.stream.StreamSupport'浣嶇疆閿欒銆傚簲浣嶄簬 'STANDARD_JAVA_PACKAGE' 缁勶紝姝よ涓嶅簲瀵煎叆銆?[CustomImportOrder]
[WARN] D:\github.com\app.template\template-flow\src\main\java\com\lrenyi\template\flow\backpressure\BackpressureManager.java:181: 璇avadoc娉ㄩ噴搴斾负澶氳鐨勩€?[SingleLineJavadoc]
[WARN] D:\github.com\app.template\template-flow\src\main\java\com\lrenyi\template\flow\backpressure\BackpressureManager.java:197: 璇avadoc娉ㄩ噴搴斾负澶氳鐨勩€?[SingleLineJavadoc]
[WARN] D:\github.com\app.template\template-flow\src\main\java\com\lrenyi\template\flow\backpressure\BackpressureMetricNames.java:44:40: 绗?40 涓瓧绗?'}' 搴旂嫭鍗犱竴琛屻€?[RightCurlyAlone]
[WARN] D:\github.com\app.template\template-flow\src\main\java\com\lrenyi\template\flow\backpressure\dimension\ConsumerConcurrencyDimension.java:103:5: 鈥淢ETHOD_DEF鈥濅箣鍓嶅簲璇ユ湁涓€涓┖鐧借銆?[EmptyLineSeparator]
[WARN] D:\github.com\app.template\template-flow\src\main\java\com\lrenyi\template\flow\backpressure\dimension\InFlightConsumerDimension.java:8:1: 瀵煎叆璇彞'com.lrenyi.template.flow.backpressure.ResourceBackpressureDimension' 瀛楀吀椤哄簭閿欒銆傚簲鍦?com.lrenyi.template.flow.util.FlowLogHelper'涔嬪墠銆?[CustomImportOrder]
[WARN] D:\github.com\app.template\template-flow\src\main\java\com\lrenyi\template\flow\backpressure\dimension\InFlightConsumerDimension.java:9:1: 瀵煎叆璇彞'com.lrenyi.template.flow.resource.PermitPair' 瀛楀吀椤哄簭閿欒銆傚簲鍦?com.lrenyi.template.flow.util.FlowLogHelper'涔嬪墠銆?[CustomImportOrder]
[WARN] D:\github.com\app.template\template-flow\src\main\java\com\lrenyi\template\flow\backpressure\dimension\InFlightConsumerDimension.java:99:5: 鈥淢ETHOD_DEF鈥濅箣鍓嶅簲璇ユ湁涓€涓┖鐧借銆?[EmptyLineSeparator]
[WARN] D:\github.com\app.template\template-flow\src\main\java\com\lrenyi\template\flow\backpressure\dimension\InFlightProductionDimension.java:9:1: 瀵煎叆璇彞'com.lrenyi.template.flow.backpressure.ResourceBackpressureDimension' 瀛楀吀椤哄簭閿欒銆傚簲鍦?com.lrenyi.template.flow.util.FlowLogHelper'涔嬪墠銆?[CustomImportOrder]
[WARN] D:\github.com\app.template\template-flow\src\main\java\com\lrenyi\template\flow\backpressure\dimension\InFlightProductionDimension.java:10:1: 瀵煎叆璇彞'com.lrenyi.template.flow.resource.PermitPair' 瀛楀吀椤哄簭閿欒銆傚簲鍦?com.lrenyi.template.flow.util.FlowLogHelper'涔嬪墠銆?[CustomImportOrder]
[WARN] D:\github.com\app.template\template-flow\src\main\java\com\lrenyi\template\flow\backpressure\dimension\InFlightProductionDimension.java:38:5: 鍦堝鏉傚害锛?22 锛堟渶澶氾細 15 锛夈€?[CyclomaticComplexity]
[WARN] D:\github.com\app.template\template-flow\src\main\java\com\lrenyi\template\flow\backpressure\dimension\InFlightProductionDimension.java:129:5: 鈥淢ETHOD_DEF鈥濅箣鍓嶅簲璇ユ湁涓€涓┖鐧借銆?[EmptyLineSeparator]
[WARN] D:\github.com\app.template\template-flow\src\main\java\com\lrenyi\template\flow\backpressure\dimension\ProducerConcurrencyDimension.java:92:5: 鈥淢ETHOD_DEF鈥濅箣鍓嶅簲璇ユ湁涓€涓┖鐧借銆?[EmptyLineSeparator]
[WARN] D:\github.com\app.template\template-flow\src\main\java\com\lrenyi\template\flow\backpressure\dimension\StorageDimension.java:85:5: 鈥淢ETHOD_DEF鈥濅箣鍓嶅簲璇ユ湁涓€涓┖鐧借銆?[EmptyLineSeparator]
[WARN] D:\github.com\app.template\template-flow\src\main\java\com\lrenyi\template\flow\backpressure\ResourceBackpressureDimension.java:17: 璇avadoc娉ㄩ噴搴斾负澶氳鐨勩€?[SingleLineJavadoc]
[WARN] D:\github.com\app.template\template-flow\src\main\java\com\lrenyi\template\flow\engine\FlowJoinerEngine.java:241:5: 鎵€鏈夐噸杞界殑鏂规硶閮藉簲璇ョ浉閭绘斁缃€傚湪鐩稿悓绫诲瀷鐨勯噸杞芥柟娉曚箣闂存斁缃潪閲嶈浇鏂规硶鏄繚鍙嶇殑銆傛渶鍚庝竴涓噸杞芥柟娉曞湪琛?'59' 涓娿€?[OverloadMethodsDeclarationOrder]
[WARN] D:\github.com\app.template\template-flow\src\main\java\com\lrenyi\template\flow\FlowAutoConfiguration.java:14:37: 绗?37 涓瓧绗?'}' 搴旂嫭鍗犱竴琛屻€?[RightCurlyAlone]
[WARN] D:\github.com\app.template\template-flow\src\main\java\com\lrenyi\template\flow\manager\FlowCacheManager.java:16:1: 瀵煎叆璇彞'com.lrenyi.template.flow.storage.FlowStorageFactory' 瀛楀吀椤哄簭閿欒銆傚簲鍦?com.lrenyi.template.flow.util.FlowLogHelper'涔嬪墠銆?[CustomImportOrder]
[WARN] D:\github.com\app.template\template-flow\src\main\java\com\lrenyi\template\flow\manager\FlowCacheManager.java:17:1: 瀵煎叆璇彞'com.lrenyi.template.flow.storage.FlowStorageFactoryLoader' 瀛楀吀椤哄簭閿欒銆傚簲鍦?com.lrenyi.template.flow.util.FlowLogHelper'涔嬪墠銆?[CustomImportOrder]
[WARN] D:\github.com\app.template\template-flow\src\main\java\com\lrenyi\template\flow\manager\FlowLauncherFactory.java:7:1: 瀵煎叆璇彞'com.lrenyi.template.core.TemplateConfigProperties' 瀛楀吀椤哄簭閿欒銆傚簲鍦?com.lrenyi.template.flow.model.FlowConstants'涔嬪墠銆?[CustomImportOrder]
[WARN] D:\github.com\app.template\template-flow\src\main\java\com\lrenyi\template\flow\manager\FlowLauncherFactory.java:8:1: 瀵煎叆璇彞'com.lrenyi.template.flow.api.FlowJoiner' 瀛楀吀椤哄簭閿欒銆傚簲鍦?com.lrenyi.template.flow.model.FlowConstants'涔嬪墠銆?[CustomImportOrder]
[WARN] D:\github.com\app.template\template-flow\src\main\java\com\lrenyi\template\flow\manager\FlowLauncherFactory.java:9:1: 瀵煎叆璇彞'com.lrenyi.template.flow.api.ProgressTracker' 瀛楀吀椤哄簭閿欒銆傚簲鍦?com.lrenyi.template.flow.model.FlowConstants'涔嬪墠銆?[CustomImportOrder]
[WARN] D:\github.com\app.template\template-flow\src\main\java\com\lrenyi\template\flow\manager\FlowLauncherFactory.java:10:1: 瀵煎叆璇彞'com.lrenyi.template.flow.backpressure.BackpressureManager' 瀛楀吀椤哄簭閿欒銆傚簲鍦?com.lrenyi.template.flow.model.FlowConstants'涔嬪墠銆?[CustomImportOrder]
[WARN] D:\github.com\app.template\template-flow\src\main\java\com\lrenyi\template\flow\manager\FlowLauncherFactory.java:11:1: 瀵煎叆璇彞'com.lrenyi.template.flow.backpressure.DimensionContext' 瀛楀吀椤哄簭閿欒銆傚簲鍦?com.lrenyi.template.flow.model.FlowConstants'涔嬪墠銆?[CustomImportOrder]
[WARN] D:\github.com\app.template\template-flow\src\main\java\com\lrenyi\template\flow\manager\FlowLauncherFactory.java:12:1: 瀵煎叆璇彞'com.lrenyi.template.flow.context.FlowResourceContext' 瀛楀吀椤哄簭閿欒銆傚簲鍦?com.lrenyi.template.flow.model.FlowConstants'涔嬪墠銆?[CustomImportOrder]
[WARN] D:\github.com\app.template\template-flow\src\main\java\com\lrenyi\template\flow\manager\FlowLauncherFactory.java:13:1: 瀵煎叆璇彞'com.lrenyi.template.flow.internal.FlowEgressHandler' 瀛楀吀椤哄簭閿欒銆傚簲鍦?com.lrenyi.template.flow.model.FlowConstants'涔嬪墠銆?[CustomImportOrder]
[WARN] D:\github.com\app.template\template-flow\src\main\java\com\lrenyi\template\flow\manager\FlowLauncherFactory.java:14:1: 瀵煎叆璇彞'com.lrenyi.template.flow.internal.FlowFinalizer' 瀛楀吀椤哄簭閿欒銆傚簲鍦?com.lrenyi.template.flow.model.FlowConstants'涔嬪墠銆?[CustomImportOrder]
[WARN] D:\github.com\app.template\template-flow\src\main\java\com\lrenyi\template\flow\manager\FlowLauncherFactory.java:15:1: 瀵煎叆璇彞'com.lrenyi.template.flow.internal.FlowLauncher' 瀛楀吀椤哄簭閿欒銆傚簲鍦?com.lrenyi.template.flow.model.FlowConstants'涔嬪墠銆?[CustomImportOrder]
[WARN] D:\github.com\app.template\template-flow\src\main\java\com\lrenyi\template\flow\manager\FlowLauncherFactory.java:73: 鏈瀛楃鏁?141涓紝鏈€澶氾細140涓€?[LineLength]
[WARN] D:\github.com\app.template\template-flow\src\main\java\com\lrenyi\template\flow\metrics\FlowMetricNames.java:13: 璇avadoc娉ㄩ噴搴斾负澶氳鐨勩€?[SingleLineJavadoc]
[WARN] D:\github.com\app.template\template-flow\src\main\java\com\lrenyi\template\flow\metrics\FlowMetricNames.java:99:32: 绗?32 涓瓧绗?'}' 搴旂嫭鍗犱竴琛屻€?[RightCurlyAlone]
[WARN] D:\github.com\app.template\template-flow\src\main\java\com\lrenyi\template\flow\resource\PermitPair.java:24:5: 鈥淰ARIABLE_DEF鈥濅箣鍓嶅簲璇ユ湁涓€涓┖鐧借銆?[EmptyLineSeparator]
[WARN] D:\github.com\app.template\template-flow\src\main\java\com\lrenyi\template\flow\storage\BoundedTimedFlowStorage.java:19:1: 瀵煎叆璇彞'com.lrenyi.template.flow.internal.FlowFinalizer' 瀛楀吀椤哄簭閿欒銆傚簲鍦?com.lrenyi.template.flow.model.FlowConstants'涔嬪墠銆?[CustomImportOrder]
[WARN] D:\github.com\app.template\template-flow\src\main\java\com\lrenyi\template\flow\storage\BoundedTimedFlowStorage.java:20:1: 瀵煎叆璇彞'com.lrenyi.template.flow.internal.FlowLauncher' 瀛楀吀椤哄簭閿欒銆傚簲鍦?com.lrenyi.template.flow.model.FlowConstants'涔嬪墠銆?[CustomImportOrder]
[WARN] D:\github.com\app.template\template-flow\src\main\java\com\lrenyi\template\flow\storage\BoundedTimedFlowStorage.java:21:1: 瀵煎叆璇彞'com.lrenyi.template.flow.model.EgressReason' 瀛楀吀椤哄簭閿欒銆傚簲鍦?com.lrenyi.template.flow.model.FlowConstants'涔嬪墠銆?[CustomImportOrder]
[WARN] D:\github.com\app.template\template-flow\src\main\java\com\lrenyi\template\flow\storage\BoundedTimedFlowStorage.java:93:5: 鈥淐TOR_DEF鈥濅箣鍓嶅簲璇ユ湁涓€涓┖鐧借銆?[EmptyLineSeparator]
[WARN] D:\github.com\app.template\template-flow\src\main\java\com\lrenyi\template\flow\storage\BoundedTimedFlowStorage.java:296:5: 鍦堝鏉傚害锛?22 锛堟渶澶氾細 15 锛夈€?[CyclomaticComplexity]
妫€鏌ュ畬鎴愩€?
[INFO] You have 0 Checkstyle violations.
[INFO] 
[INFO] --- resources:3.3.1:resources (default-resources) @ template-flow ---
[INFO] Copying 3 resources from src\main\resources to target\classes
[INFO] 
[INFO] --- flatten:1.6.0:flatten (flatten) @ template-flow ---
[INFO] Generating flattened POM of project com.lrenyi:template-flow:jar:2.5.2-SNAPSHOT...
[INFO] 
[INFO] --- compiler:3.11.0:compile (default-compile) @ template-flow ---
[INFO] Nothing to compile - all classes are up to date
[INFO] 
[INFO] >>> spotbugs:4.8.1.0:check (validate) > :spotbugs @ template-flow >>>
[INFO] 
[INFO] --- spotbugs:4.8.1.0:spotbugs (spotbugs) @ template-flow ---
[INFO] 
[INFO] <<< spotbugs:4.8.1.0:check (validate) < :spotbugs @ template-flow <<<
[INFO] 
[INFO] 
[INFO] --- spotbugs:4.8.1.0:check (validate) @ template-flow ---
[INFO] 
[INFO] --- resources:3.3.1:testResources (default-testResources) @ template-flow ---
[INFO] skip non existing resourceDirectory D:\github.com\app.template\template-flow\src\test\resources
[INFO] 
[INFO] --- compiler:3.11.0:testCompile (default-testCompile) @ template-flow ---
[INFO] Nothing to compile - all classes are up to date
[INFO] 
[INFO] --- surefire:3.1.2:test (default-test) @ template-flow ---
[INFO] Using auto detected provider org.apache.maven.surefire.junitplatform.JUnitPlatformProvider
[INFO] 
[INFO] -------------------------------------------------------
[INFO]  T E S T S
[INFO] -------------------------------------------------------
[INFO] Running com.lrenyi.template.flow.config.FlowStorageTypeTest
[INFO] Tests run: 3, Failures: 0, Errors: 0, Skipped: 0, Time elapsed: 0.105 s -- in com.lrenyi.template.flow.config.FlowStorageTypeTest
[INFO] Running com.lrenyi.template.flow.context.FlowEntryTest
[INFO] Tests run: 6, Failures: 0, Errors: 0, Skipped: 0, Time elapsed: 0.026 s -- in com.lrenyi.template.flow.context.FlowEntryTest
[INFO] Running com.lrenyi.template.flow.context.FlowProgressSnapshotTest
[INFO] Tests run: 7, Failures: 0, Errors: 0, Skipped: 0, Time elapsed: 0.024 s -- in com.lrenyi.template.flow.context.FlowProgressSnapshotTest
[INFO] Running com.lrenyi.template.flow.exception.DefaultFlowExceptionHandlerTest
10:09:34.090 [main] WARN com.lrenyi.template.flow.exception.DefaultFlowExceptionHandler -- Flow寮傚父 [jobId=job1, entryId=e1, phase=CONSUMPTION]
java.lang.IllegalArgumentException: test empty context
	at com.lrenyi.template.flow.exception.DefaultFlowExceptionHandlerTest.handleExceptionEmptyContextLogsWarn(DefaultFlowExceptionHandlerTest.java:30)
	at java.base/jdk.internal.reflect.DirectMethodHandleAccessor.invoke(DirectMethodHandleAccessor.java:103)
	at java.base/java.lang.reflect.Method.invoke(Method.java:580)
	at org.junit.platform.commons.util.ReflectionUtils.invokeMethod(ReflectionUtils.java:728)
	at org.junit.jupiter.engine.execution.MethodInvocation.proceed(MethodInvocation.java:60)
	at org.junit.jupiter.engine.execution.InvocationInterceptorChain$ValidatingInvocation.proceed(InvocationInterceptorChain.java:131)
	at org.junit.jupiter.engine.extension.TimeoutExtension.intercept(TimeoutExtension.java:156)
	at org.junit.jupiter.engine.extension.TimeoutExtension.interceptTestableMethod(TimeoutExtension.java:147)
	at org.junit.jupiter.engine.extension.TimeoutExtension.interceptTestMethod(TimeoutExtension.java:86)
	at org.junit.jupiter.engine.execution.InterceptingExecutableInvoker$ReflectiveInterceptorCall.lambda$ofVoidMethod$0(InterceptingExecutableInvoker.java:103)
	at org.junit.jupiter.engine.execution.InterceptingExecutableInvoker.lambda$invoke$0(InterceptingExecutableInvoker.java:93)
	at org.junit.jupiter.engine.execution.InvocationInterceptorChain$InterceptedInvocation.proceed(InvocationInterceptorChain.java:106)
	at org.junit.jupiter.engine.execution.InvocationInterceptorChain.proceed(InvocationInterceptorChain.java:64)
	at org.junit.jupiter.engine.execution.InvocationInterceptorChain.chainAndInvoke(InvocationInterceptorChain.java:45)
	at org.junit.jupiter.engine.execution.InvocationInterceptorChain.invoke(InvocationInterceptorChain.java:37)
	at org.junit.jupiter.engine.execution.InterceptingExecutableInvoker.invoke(InterceptingExecutableInvoker.java:92)
	at org.junit.jupiter.engine.execution.InterceptingExecutableInvoker.invoke(InterceptingExecutableInvoker.java:86)
	at org.junit.jupiter.engine.descriptor.TestMethodTestDescriptor.lambda$invokeTestMethod$7(TestMethodTestDescriptor.java:218)
	at org.junit.platform.engine.support.hierarchical.ThrowableCollector.execute(ThrowableCollector.java:73)
	at org.junit.jupiter.engine.descriptor.TestMethodTestDescriptor.invokeTestMethod(TestMethodTestDescriptor.java:214)
	at org.junit.jupiter.engine.descriptor.TestMethodTestDescriptor.execute(TestMethodTestDescriptor.java:139)
	at org.junit.jupiter.engine.descriptor.TestMethodTestDescriptor.execute(TestMethodTestDescriptor.java:69)
	at org.junit.platform.engine.support.hierarchical.NodeTestTask.lambda$executeRecursively$6(NodeTestTask.java:156)
	at org.junit.platform.engine.support.hierarchical.ThrowableCollector.execute(ThrowableCollector.java:73)
	at org.junit.platform.engine.support.hierarchical.NodeTestTask.lambda$executeRecursively$8(NodeTestTask.java:146)
	at org.junit.platform.engine.support.hierarchical.Node.around(Node.java:137)
	at org.junit.platform.engine.support.hierarchical.NodeTestTask.lambda$executeRecursively$9(NodeTestTask.java:144)
	at org.junit.platform.engine.support.hierarchical.ThrowableCollector.execute(ThrowableCollector.java:73)
	at org.junit.platform.engine.support.hierarchical.NodeTestTask.executeRecursively(NodeTestTask.java:143)
	at org.junit.platform.engine.support.hierarchical.NodeTestTask.execute(NodeTestTask.java:100)
	at java.base/java.util.ArrayList.forEach(ArrayList.java:1596)
	at org.junit.platform.engine.support.hierarchical.SameThreadHierarchicalTestExecutorService.invokeAll(SameThreadHierarchicalTestExecutorService.java:41)
	at org.junit.platform.engine.support.hierarchical.NodeTestTask.lambda$executeRecursively$6(NodeTestTask.java:160)
	at org.junit.platform.engine.support.hierarchical.ThrowableCollector.execute(ThrowableCollector.java:73)
	at org.junit.platform.engine.support.hierarchical.NodeTestTask.lambda$executeRecursively$8(NodeTestTask.java:146)
	at org.junit.platform.engine.support.hierarchical.Node.around(Node.java:137)
	at org.junit.platform.engine.support.hierarchical.NodeTestTask.lambda$executeRecursively$9(NodeTestTask.java:144)
	at org.junit.platform.engine.support.hierarchical.ThrowableCollector.execute(ThrowableCollector.java:73)
	at org.junit.platform.engine.support.hierarchical.NodeTestTask.executeRecursively(NodeTestTask.java:143)
	at org.junit.platform.engine.support.hierarchical.NodeTestTask.execute(NodeTestTask.java:100)
	at java.base/java.util.ArrayList.forEach(ArrayList.java:1596)
	at org.junit.platform.engine.support.hierarchical.SameThreadHierarchicalTestExecutorService.invokeAll(SameThreadHierarchicalTestExecutorService.java:41)
	at org.junit.platform.engine.support.hierarchical.NodeTestTask.lambda$executeRecursively$6(NodeTestTask.java:160)
	at org.junit.platform.engine.support.hierarchical.ThrowableCollector.execute(ThrowableCollector.java:73)
	at org.junit.platform.engine.support.hierarchical.NodeTestTask.lambda$executeRecursively$8(NodeTestTask.java:146)
	at org.junit.platform.engine.support.hierarchical.Node.around(Node.java:137)
	at org.junit.platform.engine.support.hierarchical.NodeTestTask.lambda$executeRecursively$9(NodeTestTask.java:144)
	at org.junit.platform.engine.support.hierarchical.ThrowableCollector.execute(ThrowableCollector.java:73)
	at org.junit.platform.engine.support.hierarchical.NodeTestTask.executeRecursively(NodeTestTask.java:143)
	at org.junit.platform.engine.support.hierarchical.NodeTestTask.execute(NodeTestTask.java:100)
	at org.junit.platform.engine.support.hierarchical.SameThreadHierarchicalTestExecutorService.submit(SameThreadHierarchicalTestExecutorService.java:35)
	at org.junit.platform.engine.support.hierarchical.HierarchicalTestExecutor.execute(HierarchicalTestExecutor.java:57)
	at org.junit.platform.engine.support.hierarchical.HierarchicalTestEngine.execute(HierarchicalTestEngine.java:54)
	at org.junit.platform.launcher.core.EngineExecutionOrchestrator.execute(EngineExecutionOrchestrator.java:198)
	at org.junit.platform.launcher.core.EngineExecutionOrchestrator.execute(EngineExecutionOrchestrator.java:169)
	at org.junit.platform.launcher.core.EngineExecutionOrchestrator.execute(EngineExecutionOrchestrator.java:93)
	at org.junit.platform.launcher.core.EngineExecutionOrchestrator.lambda$execute$0(EngineExecutionOrchestrator.java:58)
	at org.junit.platform.launcher.core.EngineExecutionOrchestrator.withInterceptedStreams(EngineExecutionOrchestrator.java:141)
	at org.junit.platform.launcher.core.EngineExecutionOrchestrator.execute(EngineExecutionOrchestrator.java:57)
	at org.junit.platform.launcher.core.DefaultLauncher.execute(DefaultLauncher.java:103)
	at org.junit.platform.launcher.core.DefaultLauncher.execute(DefaultLauncher.java:85)
	at org.junit.platform.launcher.core.DelegatingLauncher.execute(DelegatingLauncher.java:47)
	at org.apache.maven.surefire.junitplatform.LazyLauncher.execute(LazyLauncher.java:56)
	at org.apache.maven.surefire.junitplatform.JUnitPlatformProvider.execute(JUnitPlatformProvider.java:184)
	at org.apache.maven.surefire.junitplatform.JUnitPlatformProvider.invokeAllTests(JUnitPlatformProvider.java:148)
	at org.apache.maven.surefire.junitplatform.JUnitPlatformProvider.invoke(JUnitPlatformProvider.java:122)
	at org.apache.maven.surefire.booter.ForkedBooter.runSuitesInProcess(ForkedBooter.java:385)
	at org.apache.maven.surefire.booter.ForkedBooter.execute(ForkedBooter.java:162)
	at org.apache.maven.surefire.booter.ForkedBooter.run(ForkedBooter.java:507)
	at org.apache.maven.surefire.booter.ForkedBooter.main(ForkedBooter.java:495)
10:09:34.107 [main] ERROR com.lrenyi.template.flow.exception.DefaultFlowExceptionHandler -- Flow寮傚父 [jobId=j, entryId=e, phase=CONSUMPTION]
java.lang.StackOverflowError: test SOE
	at com.lrenyi.template.flow.exception.DefaultFlowExceptionHandlerTest.handleExceptionVirtualMachineErrorTreatedAsCritical(DefaultFlowExceptionHandlerTest.java:50)
	at java.base/jdk.internal.reflect.DirectMethodHandleAccessor.invoke(DirectMethodHandleAccessor.java:103)
	at java.base/java.lang.reflect.Method.invoke(Method.java:580)
	at org.junit.platform.commons.util.ReflectionUtils.invokeMethod(ReflectionUtils.java:728)
	at org.junit.jupiter.engine.execution.MethodInvocation.proceed(MethodInvocation.java:60)
	at org.junit.jupiter.engine.execution.InvocationInterceptorChain$ValidatingInvocation.proceed(InvocationInterceptorChain.java:131)
	at org.junit.jupiter.engine.extension.TimeoutExtension.intercept(TimeoutExtension.java:156)
	at org.junit.jupiter.engine.extension.TimeoutExtension.interceptTestableMethod(TimeoutExtension.java:147)
	at org.junit.jupiter.engine.extension.TimeoutExtension.interceptTestMethod(TimeoutExtension.java:86)
	at org.junit.jupiter.engine.execution.InterceptingExecutableInvoker$ReflectiveInterceptorCall.lambda$ofVoidMethod$0(InterceptingExecutableInvoker.java:103)
	at org.junit.jupiter.engine.execution.InterceptingExecutableInvoker.lambda$invoke$0(InterceptingExecutableInvoker.java:93)
	at org.junit.jupiter.engine.execution.InvocationInterceptorChain$InterceptedInvocation.proceed(InvocationInterceptorChain.java:106)
	at org.junit.jupiter.engine.execution.InvocationInterceptorChain.proceed(InvocationInterceptorChain.java:64)
	at org.junit.jupiter.engine.execution.InvocationInterceptorChain.chainAndInvoke(InvocationInterceptorChain.java:45)
	at org.junit.jupiter.engine.execution.InvocationInterceptorChain.invoke(InvocationInterceptorChain.java:37)
	at org.junit.jupiter.engine.execution.InterceptingExecutableInvoker.invoke(InterceptingExecutableInvoker.java:92)
	at org.junit.jupiter.engine.execution.InterceptingExecutableInvoker.invoke(InterceptingExecutableInvoker.java:86)
	at org.junit.jupiter.engine.descriptor.TestMethodTestDescriptor.lambda$invokeTestMethod$7(TestMethodTestDescriptor.java:218)
	at org.junit.platform.engine.support.hierarchical.ThrowableCollector.execute(ThrowableCollector.java:73)
	at org.junit.jupiter.engine.descriptor.TestMethodTestDescriptor.invokeTestMethod(TestMethodTestDescriptor.java:214)
	at org.junit.jupiter.engine.descriptor.TestMethodTestDescriptor.execute(TestMethodTestDescriptor.java:139)
	at org.junit.jupiter.engine.descriptor.TestMethodTestDescriptor.execute(TestMethodTestDescriptor.java:69)
	at org.junit.platform.engine.support.hierarchical.NodeTestTask.lambda$executeRecursively$6(NodeTestTask.java:156)
	at org.junit.platform.engine.support.hierarchical.ThrowableCollector.execute(ThrowableCollector.java:73)
	at org.junit.platform.engine.support.hierarchical.NodeTestTask.lambda$executeRecursively$8(NodeTestTask.java:146)
	at org.junit.platform.engine.support.hierarchical.Node.around(Node.java:137)
	at org.junit.platform.engine.support.hierarchical.NodeTestTask.lambda$executeRecursively$9(NodeTestTask.java:144)
	at org.junit.platform.engine.support.hierarchical.ThrowableCollector.execute(ThrowableCollector.java:73)
	at org.junit.platform.engine.support.hierarchical.NodeTestTask.executeRecursively(NodeTestTask.java:143)
	at org.junit.platform.engine.support.hierarchical.NodeTestTask.execute(NodeTestTask.java:100)
	at java.base/java.util.ArrayList.forEach(ArrayList.java:1596)
	at org.junit.platform.engine.support.hierarchical.SameThreadHierarchicalTestExecutorService.invokeAll(SameThreadHierarchicalTestExecutorService.java:41)
	at org.junit.platform.engine.support.hierarchical.NodeTestTask.lambda$executeRecursively$6(NodeTestTask.java:160)
	at org.junit.platform.engine.support.hierarchical.ThrowableCollector.execute(ThrowableCollector.java:73)
	at org.junit.platform.engine.support.hierarchical.NodeTestTask.lambda$executeRecursively$8(NodeTestTask.java:146)
	at org.junit.platform.engine.support.hierarchical.Node.around(Node.java:137)
	at org.junit.platform.engine.support.hierarchical.NodeTestTask.lambda$executeRecursively$9(NodeTestTask.java:144)
	at org.junit.platform.engine.support.hierarchical.ThrowableCollector.execute(ThrowableCollector.java:73)
	at org.junit.platform.engine.support.hierarchical.NodeTestTask.executeRecursively(NodeTestTask.java:143)
	at org.junit.platform.engine.support.hierarchical.NodeTestTask.execute(NodeTestTask.java:100)
	at java.base/java.util.ArrayList.forEach(ArrayList.java:1596)
	at org.junit.platform.engine.support.hierarchical.SameThreadHierarchicalTestExecutorService.invokeAll(SameThreadHierarchicalTestExecutorService.java:41)
	at org.junit.platform.engine.support.hierarchical.NodeTestTask.lambda$executeRecursively$6(NodeTestTask.java:160)
	at org.junit.platform.engine.support.hierarchical.ThrowableCollector.execute(ThrowableCollector.java:73)
	at org.junit.platform.engine.support.hierarchical.NodeTestTask.lambda$executeRecursively$8(NodeTestTask.java:146)
	at org.junit.platform.engine.support.hierarchical.Node.around(Node.java:137)
	at org.junit.platform.engine.support.hierarchical.NodeTestTask.lambda$executeRecursively$9(NodeTestTask.java:144)
	at org.junit.platform.engine.support.hierarchical.ThrowableCollector.execute(ThrowableCollector.java:73)
	at org.junit.platform.engine.support.hierarchical.NodeTestTask.executeRecursively(NodeTestTask.java:143)
	at org.junit.platform.engine.support.hierarchical.NodeTestTask.execute(NodeTestTask.java:100)
	at org.junit.platform.engine.support.hierarchical.SameThreadHierarchicalTestExecutorService.submit(SameThreadHierarchicalTestExecutorService.java:35)
	at org.junit.platform.engine.support.hierarchical.HierarchicalTestExecutor.execute(HierarchicalTestExecutor.java:57)
	at org.junit.platform.engine.support.hierarchical.HierarchicalTestEngine.execute(HierarchicalTestEngine.java:54)
	at org.junit.platform.launcher.core.EngineExecutionOrchestrator.execute(EngineExecutionOrchestrator.java:198)
	at org.junit.platform.launcher.core.EngineExecutionOrchestrator.execute(EngineExecutionOrchestrator.java:169)
	at org.junit.platform.launcher.core.EngineExecutionOrchestrator.execute(EngineExecutionOrchestrator.java:93)
	at org.junit.platform.launcher.core.EngineExecutionOrchestrator.lambda$execute$0(EngineExecutionOrchestrator.java:58)
	at org.junit.platform.launcher.core.EngineExecutionOrchestrator.withInterceptedStreams(EngineExecutionOrchestrator.java:141)
	at org.junit.platform.launcher.core.EngineExecutionOrchestrator.execute(EngineExecutionOrchestrator.java:57)
	at org.junit.platform.launcher.core.DefaultLauncher.execute(DefaultLauncher.java:103)
	at org.junit.platform.launcher.core.DefaultLauncher.execute(DefaultLauncher.java:85)
	at org.junit.platform.launcher.core.DelegatingLauncher.execute(DelegatingLauncher.java:47)
	at org.apache.maven.surefire.junitplatform.LazyLauncher.execute(LazyLauncher.java:56)
	at org.apache.maven.surefire.junitplatform.JUnitPlatformProvider.execute(JUnitPlatformProvider.java:184)
	at org.apache.maven.surefire.junitplatform.JUnitPlatformProvider.invokeAllTests(JUnitPlatformProvider.java:148)
	at org.apache.maven.surefire.junitplatform.JUnitPlatformProvider.invoke(JUnitPlatformProvider.java:122)
	at org.apache.maven.surefire.booter.ForkedBooter.runSuitesInProcess(ForkedBooter.java:385)
	at org.apache.maven.surefire.booter.ForkedBooter.execute(ForkedBooter.java:162)
	at org.apache.maven.surefire.booter.ForkedBooter.run(ForkedBooter.java:507)
	at org.apache.maven.surefire.booter.ForkedBooter.main(ForkedBooter.java:495)
10:09:34.112 [main] ERROR com.lrenyi.template.flow.exception.DefaultFlowExceptionHandler -- Flow寮傚父 [jobId=j, entryId=e, phase=STORAGE, context={k=v}]
java.lang.RuntimeException: test storage critical
	at com.lrenyi.template.flow.exception.DefaultFlowExceptionHandlerTest.handleExceptionStoragePhaseTreatedAsCritical(DefaultFlowExceptionHandlerTest.java:40)
	at java.base/jdk.internal.reflect.DirectMethodHandleAccessor.invoke(DirectMethodHandleAccessor.java:103)
	at java.base/java.lang.reflect.Method.invoke(Method.java:580)
	at org.junit.platform.commons.util.ReflectionUtils.invokeMethod(ReflectionUtils.java:728)
	at org.junit.jupiter.engine.execution.MethodInvocation.proceed(MethodInvocation.java:60)
	at org.junit.jupiter.engine.execution.InvocationInterceptorChain$ValidatingInvocation.proceed(InvocationInterceptorChain.java:131)
	at org.junit.jupiter.engine.extension.TimeoutExtension.intercept(TimeoutExtension.java:156)
	at org.junit.jupiter.engine.extension.TimeoutExtension.interceptTestableMethod(TimeoutExtension.java:147)
	at org.junit.jupiter.engine.extension.TimeoutExtension.interceptTestMethod(TimeoutExtension.java:86)
	at org.junit.jupiter.engine.execution.InterceptingExecutableInvoker$ReflectiveInterceptorCall.lambda$ofVoidMethod$0(InterceptingExecutableInvoker.java:103)
	at org.junit.jupiter.engine.execution.InterceptingExecutableInvoker.lambda$invoke$0(InterceptingExecutableInvoker.java:93)
	at org.junit.jupiter.engine.execution.InvocationInterceptorChain$InterceptedInvocation.proceed(InvocationInterceptorChain.java:106)
	at org.junit.jupiter.engine.execution.InvocationInterceptorChain.proceed(InvocationInterceptorChain.java:64)
	at org.junit.jupiter.engine.execution.InvocationInterceptorChain.chainAndInvoke(InvocationInterceptorChain.java:45)
	at org.junit.jupiter.engine.execution.InvocationInterceptorChain.invoke(InvocationInterceptorChain.java:37)
	at org.junit.jupiter.engine.execution.InterceptingExecutableInvoker.invoke(InterceptingExecutableInvoker.java:92)
	at org.junit.jupiter.engine.execution.InterceptingExecutableInvoker.invoke(InterceptingExecutableInvoker.java:86)
	at org.junit.jupiter.engine.descriptor.TestMethodTestDescriptor.lambda$invokeTestMethod$7(TestMethodTestDescriptor.java:218)
	at org.junit.platform.engine.support.hierarchical.ThrowableCollector.execute(ThrowableCollector.java:73)
	at org.junit.jupiter.engine.descriptor.TestMethodTestDescriptor.invokeTestMethod(TestMethodTestDescriptor.java:214)
	at org.junit.jupiter.engine.descriptor.TestMethodTestDescriptor.execute(TestMethodTestDescriptor.java:139)
	at org.junit.jupiter.engine.descriptor.TestMethodTestDescriptor.execute(TestMethodTestDescriptor.java:69)
	at org.junit.platform.engine.support.hierarchical.NodeTestTask.lambda$executeRecursively$6(NodeTestTask.java:156)
	at org.junit.platform.engine.support.hierarchical.ThrowableCollector.execute(ThrowableCollector.java:73)
	at org.junit.platform.engine.support.hierarchical.NodeTestTask.lambda$executeRecursively$8(NodeTestTask.java:146)
	at org.junit.platform.engine.support.hierarchical.Node.around(Node.java:137)
	at org.junit.platform.engine.support.hierarchical.NodeTestTask.lambda$executeRecursively$9(NodeTestTask.java:144)
	at org.junit.platform.engine.support.hierarchical.ThrowableCollector.execute(ThrowableCollector.java:73)
	at org.junit.platform.engine.support.hierarchical.NodeTestTask.executeRecursively(NodeTestTask.java:143)
	at org.junit.platform.engine.support.hierarchical.NodeTestTask.execute(NodeTestTask.java:100)
	at java.base/java.util.ArrayList.forEach(ArrayList.java:1596)
	at org.junit.platform.engine.support.hierarchical.SameThreadHierarchicalTestExecutorService.invokeAll(SameThreadHierarchicalTestExecutorService.java:41)
	at org.junit.platform.engine.support.hierarchical.NodeTestTask.lambda$executeRecursively$6(NodeTestTask.java:160)
	at org.junit.platform.engine.support.hierarchical.ThrowableCollector.execute(ThrowableCollector.java:73)
	at org.junit.platform.engine.support.hierarchical.NodeTestTask.lambda$executeRecursively$8(NodeTestTask.java:146)
	at org.junit.platform.engine.support.hierarchical.Node.around(Node.java:137)
	at org.junit.platform.engine.support.hierarchical.NodeTestTask.lambda$executeRecursively$9(NodeTestTask.java:144)
	at org.junit.platform.engine.support.hierarchical.ThrowableCollector.execute(ThrowableCollector.java:73)
	at org.junit.platform.engine.support.hierarchical.NodeTestTask.executeRecursively(NodeTestTask.java:143)
	at org.junit.platform.engine.support.hierarchical.NodeTestTask.execute(NodeTestTask.java:100)
	at java.base/java.util.ArrayList.forEach(ArrayList.java:1596)
	at org.junit.platform.engine.support.hierarchical.SameThreadHierarchicalTestExecutorService.invokeAll(SameThreadHierarchicalTestExecutorService.java:41)
	at org.junit.platform.engine.support.hierarchical.NodeTestTask.lambda$executeRecursively$6(NodeTestTask.java:160)
	at org.junit.platform.engine.support.hierarchical.ThrowableCollector.execute(ThrowableCollector.java:73)
	at org.junit.platform.engine.support.hierarchical.NodeTestTask.lambda$executeRecursively$8(NodeTestTask.java:146)
	at org.junit.platform.engine.support.hierarchical.Node.around(Node.java:137)
	at org.junit.platform.engine.support.hierarchical.NodeTestTask.lambda$executeRecursively$9(NodeTestTask.java:144)
	at org.junit.platform.engine.support.hierarchical.ThrowableCollector.execute(ThrowableCollector.java:73)
	at org.junit.platform.engine.support.hierarchical.NodeTestTask.executeRecursively(NodeTestTask.java:143)
	at org.junit.platform.engine.support.hierarchical.NodeTestTask.execute(NodeTestTask.java:100)
	at org.junit.platform.engine.support.hierarchical.SameThreadHierarchicalTestExecutorService.submit(SameThreadHierarchicalTestExecutorService.java:35)
	at org.junit.platform.engine.support.hierarchical.HierarchicalTestExecutor.execute(HierarchicalTestExecutor.java:57)
	at org.junit.platform.engine.support.hierarchical.HierarchicalTestEngine.execute(HierarchicalTestEngine.java:54)
	at org.junit.platform.launcher.core.EngineExecutionOrchestrator.execute(EngineExecutionOrchestrator.java:198)
	at org.junit.platform.launcher.core.EngineExecutionOrchestrator.execute(EngineExecutionOrchestrator.java:169)
	at org.junit.platform.launcher.core.EngineExecutionOrchestrator.execute(EngineExecutionOrchestrator.java:93)
	at org.junit.platform.launcher.core.EngineExecutionOrchestrator.lambda$execute$0(EngineExecutionOrchestrator.java:58)
	at org.junit.platform.launcher.core.EngineExecutionOrchestrator.withInterceptedStreams(EngineExecutionOrchestrator.java:141)
	at org.junit.platform.launcher.core.EngineExecutionOrchestrator.execute(EngineExecutionOrchestrator.java:57)
	at org.junit.platform.launcher.core.DefaultLauncher.execute(DefaultLauncher.java:103)
	at org.junit.platform.launcher.core.DefaultLauncher.execute(DefaultLauncher.java:85)
	at org.junit.platform.launcher.core.DelegatingLauncher.execute(DelegatingLauncher.java:47)
	at org.apache.maven.surefire.junitplatform.LazyLauncher.execute(LazyLauncher.java:56)
	at org.apache.maven.surefire.junitplatform.JUnitPlatformProvider.execute(JUnitPlatformProvider.java:184)
	at org.apache.maven.surefire.junitplatform.JUnitPlatformProvider.invokeAllTests(JUnitPlatformProvider.java:148)
	at org.apache.maven.surefire.junitplatform.JUnitPlatformProvider.invoke(JUnitPlatformProvider.java:122)
	at org.apache.maven.surefire.booter.ForkedBooter.runSuitesInProcess(ForkedBooter.java:385)
	at org.apache.maven.surefire.booter.ForkedBooter.execute(ForkedBooter.java:162)
	at org.apache.maven.surefire.booter.ForkedBooter.run(ForkedBooter.java:507)
	at org.apache.maven.surefire.booter.ForkedBooter.main(ForkedBooter.java:495)
10:09:34.120 [main] ERROR com.lrenyi.template.flow.exception.DefaultFlowExceptionHandler -- Flow寮傚父 [jobId=job1, entryId=entry1, phase=STORAGE, context={key=value}]
java.lang.OutOfMemoryError: test OOM
	at com.lrenyi.template.flow.exception.DefaultFlowExceptionHandlerTest.handleExceptionWithEntryIdAndNonEmptyContextLogsErrorWhenCritical(DefaultFlowExceptionHandlerTest.java:13)
	at java.base/jdk.internal.reflect.DirectMethodHandleAccessor.invoke(DirectMethodHandleAccessor.java:103)
	at java.base/java.lang.reflect.Method.invoke(Method.java:580)
	at org.junit.platform.commons.util.ReflectionUtils.invokeMethod(ReflectionUtils.java:728)
	at org.junit.jupiter.engine.execution.MethodInvocation.proceed(MethodInvocation.java:60)
	at org.junit.jupiter.engine.execution.InvocationInterceptorChain$ValidatingInvocation.proceed(InvocationInterceptorChain.java:131)
	at org.junit.jupiter.engine.extension.TimeoutExtension.intercept(TimeoutExtension.java:156)
	at org.junit.jupiter.engine.extension.TimeoutExtension.interceptTestableMethod(TimeoutExtension.java:147)
	at org.junit.jupiter.engine.extension.TimeoutExtension.interceptTestMethod(TimeoutExtension.java:86)
	at org.junit.jupiter.engine.execution.InterceptingExecutableInvoker$ReflectiveInterceptorCall.lambda$ofVoidMethod$0(InterceptingExecutableInvoker.java:103)
	at org.junit.jupiter.engine.execution.InterceptingExecutableInvoker.lambda$invoke$0(InterceptingExecutableInvoker.java:93)
	at org.junit.jupiter.engine.execution.InvocationInterceptorChain$InterceptedInvocation.proceed(InvocationInterceptorChain.java:106)
	at org.junit.jupiter.engine.execution.InvocationInterceptorChain.proceed(InvocationInterceptorChain.java:64)
	at org.junit.jupiter.engine.execution.InvocationInterceptorChain.chainAndInvoke(InvocationInterceptorChain.java:45)
	at org.junit.jupiter.engine.execution.InvocationInterceptorChain.invoke(InvocationInterceptorChain.java:37)
	at org.junit.jupiter.engine.execution.InterceptingExecutableInvoker.invoke(InterceptingExecutableInvoker.java:92)
	at org.junit.jupiter.engine.execution.InterceptingExecutableInvoker.invoke(InterceptingExecutableInvoker.java:86)
	at org.junit.jupiter.engine.descriptor.TestMethodTestDescriptor.lambda$invokeTestMethod$7(TestMethodTestDescriptor.java:218)
	at org.junit.platform.engine.support.hierarchical.ThrowableCollector.execute(ThrowableCollector.java:73)
	at org.junit.jupiter.engine.descriptor.TestMethodTestDescriptor.invokeTestMethod(TestMethodTestDescriptor.java:214)
	at org.junit.jupiter.engine.descriptor.TestMethodTestDescriptor.execute(TestMethodTestDescriptor.java:139)
	at org.junit.jupiter.engine.descriptor.TestMethodTestDescriptor.execute(TestMethodTestDescriptor.java:69)
	at org.junit.platform.engine.support.hierarchical.NodeTestTask.lambda$executeRecursively$6(NodeTestTask.java:156)
	at org.junit.platform.engine.support.hierarchical.ThrowableCollector.execute(ThrowableCollector.java:73)
	at org.junit.platform.engine.support.hierarchical.NodeTestTask.lambda$executeRecursively$8(NodeTestTask.java:146)
	at org.junit.platform.engine.support.hierarchical.Node.around(Node.java:137)
	at org.junit.platform.engine.support.hierarchical.NodeTestTask.lambda$executeRecursively$9(NodeTestTask.java:144)
	at org.junit.platform.engine.support.hierarchical.ThrowableCollector.execute(ThrowableCollector.java:73)
	at org.junit.platform.engine.support.hierarchical.NodeTestTask.executeRecursively(NodeTestTask.java:143)
	at org.junit.platform.engine.support.hierarchical.NodeTestTask.execute(NodeTestTask.java:100)
	at java.base/java.util.ArrayList.forEach(ArrayList.java:1596)
	at org.junit.platform.engine.support.hierarchical.SameThreadHierarchicalTestExecutorService.invokeAll(SameThreadHierarchicalTestExecutorService.java:41)
	at org.junit.platform.engine.support.hierarchical.NodeTestTask.lambda$executeRecursively$6(NodeTestTask.java:160)
	at org.junit.platform.engine.support.hierarchical.ThrowableCollector.execute(ThrowableCollector.java:73)
	at org.junit.platform.engine.support.hierarchical.NodeTestTask.lambda$executeRecursively$8(NodeTestTask.java:146)
	at org.junit.platform.engine.support.hierarchical.Node.around(Node.java:137)
	at org.junit.platform.engine.support.hierarchical.NodeTestTask.lambda$executeRecursively$9(NodeTestTask.java:144)
	at org.junit.platform.engine.support.hierarchical.ThrowableCollector.execute(ThrowableCollector.java:73)
	at org.junit.platform.engine.support.hierarchical.NodeTestTask.executeRecursively(NodeTestTask.java:143)
	at org.junit.platform.engine.support.hierarchical.NodeTestTask.execute(NodeTestTask.java:100)
	at java.base/java.util.ArrayList.forEach(ArrayList.java:1596)
	at org.junit.platform.engine.support.hierarchical.SameThreadHierarchicalTestExecutorService.invokeAll(SameThreadHierarchicalTestExecutorService.java:41)
	at org.junit.platform.engine.support.hierarchical.NodeTestTask.lambda$executeRecursively$6(NodeTestTask.java:160)
	at org.junit.platform.engine.support.hierarchical.ThrowableCollector.execute(ThrowableCollector.java:73)
	at org.junit.platform.engine.support.hierarchical.NodeTestTask.lambda$executeRecursively$8(NodeTestTask.java:146)
	at org.junit.platform.engine.support.hierarchical.Node.around(Node.java:137)
	at org.junit.platform.engine.support.hierarchical.NodeTestTask.lambda$executeRecursively$9(NodeTestTask.java:144)
	at org.junit.platform.engine.support.hierarchical.ThrowableCollector.execute(ThrowableCollector.java:73)
	at org.junit.platform.engine.support.hierarchical.NodeTestTask.executeRecursively(NodeTestTask.java:143)
	at org.junit.platform.engine.support.hierarchical.NodeTestTask.execute(NodeTestTask.java:100)
	at org.junit.platform.engine.support.hierarchical.SameThreadHierarchicalTestExecutorService.submit(SameThreadHierarchicalTestExecutorService.java:35)
	at org.junit.platform.engine.support.hierarchical.HierarchicalTestExecutor.execute(HierarchicalTestExecutor.java:57)
	at org.junit.platform.engine.support.hierarchical.HierarchicalTestEngine.execute(HierarchicalTestEngine.java:54)
	at org.junit.platform.launcher.core.EngineExecutionOrchestrator.execute(EngineExecutionOrchestrator.java:198)
	at org.junit.platform.launcher.core.EngineExecutionOrchestrator.execute(EngineExecutionOrchestrator.java:169)
	at org.junit.platform.launcher.core.EngineExecutionOrchestrator.execute(EngineExecutionOrchestrator.java:93)
	at org.junit.platform.launcher.core.EngineExecutionOrchestrator.lambda$execute$0(EngineExecutionOrchestrator.java:58)
	at org.junit.platform.launcher.core.EngineExecutionOrchestrator.withInterceptedStreams(EngineExecutionOrchestrator.java:141)
	at org.junit.platform.launcher.core.EngineExecutionOrchestrator.execute(EngineExecutionOrchestrator.java:57)
	at org.junit.platform.launcher.core.DefaultLauncher.execute(DefaultLauncher.java:103)
	at org.junit.platform.launcher.core.DefaultLauncher.execute(DefaultLauncher.java:85)
	at org.junit.platform.launcher.core.DelegatingLauncher.execute(DelegatingLauncher.java:47)
	at org.apache.maven.surefire.junitplatform.LazyLauncher.execute(LazyLauncher.java:56)
	at org.apache.maven.surefire.junitplatform.JUnitPlatformProvider.execute(JUnitPlatformProvider.java:184)
	at org.apache.maven.surefire.junitplatform.JUnitPlatformProvider.invokeAllTests(JUnitPlatformProvider.java:148)
	at org.apache.maven.surefire.junitplatform.JUnitPlatformProvider.invoke(JUnitPlatformProvider.java:122)
	at org.apache.maven.surefire.booter.ForkedBooter.runSuitesInProcess(ForkedBooter.java:385)
	at org.apache.maven.surefire.booter.ForkedBooter.execute(ForkedBooter.java:162)
	at org.apache.maven.surefire.booter.ForkedBooter.run(ForkedBooter.java:507)
	at org.apache.maven.surefire.booter.ForkedBooter.main(ForkedBooter.java:495)
10:09:34.124 [main] WARN com.lrenyi.template.flow.exception.DefaultFlowExceptionHandler -- Flow寮傚父 [jobId=job1, phase=PRODUCTION]
java.lang.RuntimeException: test
	at com.lrenyi.template.flow.exception.DefaultFlowExceptionHandlerTest.handleExceptionWithNullEntryIdLogsWarnWhenNotCritical(DefaultFlowExceptionHandlerTest.java:23)
	at java.base/jdk.internal.reflect.DirectMethodHandleAccessor.invoke(DirectMethodHandleAccessor.java:103)
	at java.base/java.lang.reflect.Method.invoke(Method.java:580)
	at org.junit.platform.commons.util.ReflectionUtils.invokeMethod(ReflectionUtils.java:728)
	at org.junit.jupiter.engine.execution.MethodInvocation.proceed(MethodInvocation.java:60)
	at org.junit.jupiter.engine.execution.InvocationInterceptorChain$ValidatingInvocation.proceed(InvocationInterceptorChain.java:131)
	at org.junit.jupiter.engine.extension.TimeoutExtension.intercept(TimeoutExtension.java:156)
	at org.junit.jupiter.engine.extension.TimeoutExtension.interceptTestableMethod(TimeoutExtension.java:147)
	at org.junit.jupiter.engine.extension.TimeoutExtension.interceptTestMethod(TimeoutExtension.java:86)
	at org.junit.jupiter.engine.execution.InterceptingExecutableInvoker$ReflectiveInterceptorCall.lambda$ofVoidMethod$0(InterceptingExecutableInvoker.java:103)
	at org.junit.jupiter.engine.execution.InterceptingExecutableInvoker.lambda$invoke$0(InterceptingExecutableInvoker.java:93)
	at org.junit.jupiter.engine.execution.InvocationInterceptorChain$InterceptedInvocation.proceed(InvocationInterceptorChain.java:106)
	at org.junit.jupiter.engine.execution.InvocationInterceptorChain.proceed(InvocationInterceptorChain.java:64)
	at org.junit.jupiter.engine.execution.InvocationInterceptorChain.chainAndInvoke(InvocationInterceptorChain.java:45)
	at org.junit.jupiter.engine.execution.InvocationInterceptorChain.invoke(InvocationInterceptorChain.java:37)
	at org.junit.jupiter.engine.execution.InterceptingExecutableInvoker.invoke(InterceptingExecutableInvoker.java:92)
	at org.junit.jupiter.engine.execution.InterceptingExecutableInvoker.invoke(InterceptingExecutableInvoker.java:86)
	at org.junit.jupiter.engine.descriptor.TestMethodTestDescriptor.lambda$invokeTestMethod$7(TestMethodTestDescriptor.java:218)
	at org.junit.platform.engine.support.hierarchical.ThrowableCollector.execute(ThrowableCollector.java:73)
	at org.junit.jupiter.engine.descriptor.TestMethodTestDescriptor.invokeTestMethod(TestMethodTestDescriptor.java:214)
	at org.junit.jupiter.engine.descriptor.TestMethodTestDescriptor.execute(TestMethodTestDescriptor.java:139)
	at org.junit.jupiter.engine.descriptor.TestMethodTestDescriptor.execute(TestMethodTestDescriptor.java:69)
	at org.junit.platform.engine.support.hierarchical.NodeTestTask.lambda$executeRecursively$6(NodeTestTask.java:156)
	at org.junit.platform.engine.support.hierarchical.ThrowableCollector.execute(ThrowableCollector.java:73)
	at org.junit.platform.engine.support.hierarchical.NodeTestTask.lambda$executeRecursively$8(NodeTestTask.java:146)
	at org.junit.platform.engine.support.hierarchical.Node.around(Node.java:137)
	at org.junit.platform.engine.support.hierarchical.NodeTestTask.lambda$executeRecursively$9(NodeTestTask.java:144)
	at org.junit.platform.engine.support.hierarchical.ThrowableCollector.execute(ThrowableCollector.java:73)
	at org.junit.platform.engine.support.hierarchical.NodeTestTask.executeRecursively(NodeTestTask.java:143)
	at org.junit.platform.engine.support.hierarchical.NodeTestTask.execute(NodeTestTask.java:100)
	at java.base/java.util.ArrayList.forEach(ArrayList.java:1596)
	at org.junit.platform.engine.support.hierarchical.SameThreadHierarchicalTestExecutorService.invokeAll(SameThreadHierarchicalTestExecutorService.java:41)
	at org.junit.platform.engine.support.hierarchical.NodeTestTask.lambda$executeRecursively$6(NodeTestTask.java:160)
	at org.junit.platform.engine.support.hierarchical.ThrowableCollector.execute(ThrowableCollector.java:73)
	at org.junit.platform.engine.support.hierarchical.NodeTestTask.lambda$executeRecursively$8(NodeTestTask.java:146)
	at org.junit.platform.engine.support.hierarchical.Node.around(Node.java:137)
	at org.junit.platform.engine.support.hierarchical.NodeTestTask.lambda$executeRecursively$9(NodeTestTask.java:144)
	at org.junit.platform.engine.support.hierarchical.ThrowableCollector.execute(ThrowableCollector.java:73)
	at org.junit.platform.engine.support.hierarchical.NodeTestTask.executeRecursively(NodeTestTask.java:143)
	at org.junit.platform.engine.support.hierarchical.NodeTestTask.execute(NodeTestTask.java:100)
	at java.base/java.util.ArrayList.forEach(ArrayList.java:1596)
	at org.junit.platform.engine.support.hierarchical.SameThreadHierarchicalTestExecutorService.invokeAll(SameThreadHierarchicalTestExecutorService.java:41)
	at org.junit.platform.engine.support.hierarchical.NodeTestTask.lambda$executeRecursively$6(NodeTestTask.java:160)
	at org.junit.platform.engine.support.hierarchical.ThrowableCollector.execute(ThrowableCollector.java:73)
	at org.junit.platform.engine.support.hierarchical.NodeTestTask.lambda$executeRecursively$8(NodeTestTask.java:146)
	at org.junit.platform.engine.support.hierarchical.Node.around(Node.java:137)
	at org.junit.platform.engine.support.hierarchical.NodeTestTask.lambda$executeRecursively$9(NodeTestTask.java:144)
	at org.junit.platform.engine.support.hierarchical.ThrowableCollector.execute(ThrowableCollector.java:73)
	at org.junit.platform.engine.support.hierarchical.NodeTestTask.executeRecursively(NodeTestTask.java:143)
	at org.junit.platform.engine.support.hierarchical.NodeTestTask.execute(NodeTestTask.java:100)
	at org.junit.platform.engine.support.hierarchical.SameThreadHierarchicalTestExecutorService.submit(SameThreadHierarchicalTestExecutorService.java:35)
	at org.junit.platform.engine.support.hierarchical.HierarchicalTestExecutor.execute(HierarchicalTestExecutor.java:57)
	at org.junit.platform.engine.support.hierarchical.HierarchicalTestEngine.execute(HierarchicalTestEngine.java:54)
	at org.junit.platform.launcher.core.EngineExecutionOrchestrator.execute(EngineExecutionOrchestrator.java:198)
	at org.junit.platform.launcher.core.EngineExecutionOrchestrator.execute(EngineExecutionOrchestrator.java:169)
	at org.junit.platform.launcher.core.EngineExecutionOrchestrator.execute(EngineExecutionOrchestrator.java:93)
	at org.junit.platform.launcher.core.EngineExecutionOrchestrator.lambda$execute$0(EngineExecutionOrchestrator.java:58)
	at org.junit.platform.launcher.core.EngineExecutionOrchestrator.withInterceptedStreams(EngineExecutionOrchestrator.java:141)
	at org.junit.platform.launcher.core.EngineExecutionOrchestrator.execute(EngineExecutionOrchestrator.java:57)
	at org.junit.platform.launcher.core.DefaultLauncher.execute(DefaultLauncher.java:103)
	at org.junit.platform.launcher.core.DefaultLauncher.execute(DefaultLauncher.java:85)
	at org.junit.platform.launcher.core.DelegatingLauncher.execute(DelegatingLauncher.java:47)
	at org.apache.maven.surefire.junitplatform.LazyLauncher.execute(LazyLauncher.java:56)
	at org.apache.maven.surefire.junitplatform.JUnitPlatformProvider.execute(JUnitPlatformProvider.java:184)
	at org.apache.maven.surefire.junitplatform.JUnitPlatformProvider.invokeAllTests(JUnitPlatformProvider.java:148)
	at org.apache.maven.surefire.junitplatform.JUnitPlatformProvider.invoke(JUnitPlatformProvider.java:122)
	at org.apache.maven.surefire.booter.ForkedBooter.runSuitesInProcess(ForkedBooter.java:385)
	at org.apache.maven.surefire.booter.ForkedBooter.execute(ForkedBooter.java:162)
	at org.apache.maven.surefire.booter.ForkedBooter.run(ForkedBooter.java:507)
	at org.apache.maven.surefire.booter.ForkedBooter.main(ForkedBooter.java:495)
[INFO] Tests run: 5, Failures: 0, Errors: 0, Skipped: 0, Time elapsed: 0.299 s -- in com.lrenyi.template.flow.exception.DefaultFlowExceptionHandlerTest
[INFO] Running com.lrenyi.template.flow.exception.FlowExceptionContextTest
[INFO] Tests run: 4, Failures: 0, Errors: 0, Skipped: 0, Time elapsed: 0.011 s -- in com.lrenyi.template.flow.exception.FlowExceptionContextTest
[INFO] Running com.lrenyi.template.flow.exception.FlowExceptionHelperTest
10:09:34.163 [main] WARN com.lrenyi.template.flow.exception.DefaultFlowExceptionHandler -- Flow寮傚父 [jobId=j, phase=UNKNOWN]
java.lang.RuntimeException: test shouldHandle false
	at com.lrenyi.template.flow.exception.FlowExceptionHelperTest.handlerShouldHandleFalseSkipsHandle(FlowExceptionHelperTest.java:148)
	at java.base/jdk.internal.reflect.DirectMethodHandleAccessor.invoke(DirectMethodHandleAccessor.java:103)
	at java.base/java.lang.reflect.Method.invoke(Method.java:580)
	at org.junit.platform.commons.util.ReflectionUtils.invokeMethod(ReflectionUtils.java:728)
	at org.junit.jupiter.engine.execution.MethodInvocation.proceed(MethodInvocation.java:60)
	at org.junit.jupiter.engine.execution.InvocationInterceptorChain$ValidatingInvocation.proceed(InvocationInterceptorChain.java:131)
	at org.junit.jupiter.engine.extension.TimeoutExtension.intercept(TimeoutExtension.java:156)
	at org.junit.jupiter.engine.extension.TimeoutExtension.interceptTestableMethod(TimeoutExtension.java:147)
	at org.junit.jupiter.engine.extension.TimeoutExtension.interceptTestMethod(TimeoutExtension.java:86)
	at org.junit.jupiter.engine.execution.InterceptingExecutableInvoker$ReflectiveInterceptorCall.lambda$ofVoidMethod$0(InterceptingExecutableInvoker.java:103)
	at org.junit.jupiter.engine.execution.InterceptingExecutableInvoker.lambda$invoke$0(InterceptingExecutableInvoker.java:93)
	at org.junit.jupiter.engine.execution.InvocationInterceptorChain$InterceptedInvocation.proceed(InvocationInterceptorChain.java:106)
	at org.junit.jupiter.engine.execution.InvocationInterceptorChain.proceed(InvocationInterceptorChain.java:64)
	at org.junit.jupiter.engine.execution.InvocationInterceptorChain.chainAndInvoke(InvocationInterceptorChain.java:45)
	at org.junit.jupiter.engine.execution.InvocationInterceptorChain.invoke(InvocationInterceptorChain.java:37)
	at org.junit.jupiter.engine.execution.InterceptingExecutableInvoker.invoke(InterceptingExecutableInvoker.java:92)
	at org.junit.jupiter.engine.execution.InterceptingExecutableInvoker.invoke(InterceptingExecutableInvoker.java:86)
	at org.junit.jupiter.engine.descriptor.TestMethodTestDescriptor.lambda$invokeTestMethod$7(TestMethodTestDescriptor.java:218)
	at org.junit.platform.engine.support.hierarchical.ThrowableCollector.execute(ThrowableCollector.java:73)
	at org.junit.jupiter.engine.descriptor.TestMethodTestDescriptor.invokeTestMethod(TestMethodTestDescriptor.java:214)
	at org.junit.jupiter.engine.descriptor.TestMethodTestDescriptor.execute(TestMethodTestDescriptor.java:139)
	at org.junit.jupiter.engine.descriptor.TestMethodTestDescriptor.execute(TestMethodTestDescriptor.java:69)
	at org.junit.platform.engine.support.hierarchical.NodeTestTask.lambda$executeRecursively$6(NodeTestTask.java:156)
	at org.junit.platform.engine.support.hierarchical.ThrowableCollector.execute(ThrowableCollector.java:73)
	at org.junit.platform.engine.support.hierarchical.NodeTestTask.lambda$executeRecursively$8(NodeTestTask.java:146)
	at org.junit.platform.engine.support.hierarchical.Node.around(Node.java:137)
	at org.junit.platform.engine.support.hierarchical.NodeTestTask.lambda$executeRecursively$9(NodeTestTask.java:144)
	at org.junit.platform.engine.support.hierarchical.ThrowableCollector.execute(ThrowableCollector.java:73)
	at org.junit.platform.engine.support.hierarchical.NodeTestTask.executeRecursively(NodeTestTask.java:143)
	at org.junit.platform.engine.support.hierarchical.NodeTestTask.execute(NodeTestTask.java:100)
	at java.base/java.util.ArrayList.forEach(ArrayList.java:1596)
	at org.junit.platform.engine.support.hierarchical.SameThreadHierarchicalTestExecutorService.invokeAll(SameThreadHierarchicalTestExecutorService.java:41)
	at org.junit.platform.engine.support.hierarchical.NodeTestTask.lambda$executeRecursively$6(NodeTestTask.java:160)
	at org.junit.platform.engine.support.hierarchical.ThrowableCollector.execute(ThrowableCollector.java:73)
	at org.junit.platform.engine.support.hierarchical.NodeTestTask.lambda$executeRecursively$8(NodeTestTask.java:146)
	at org.junit.platform.engine.support.hierarchical.Node.around(Node.java:137)
	at org.junit.platform.engine.support.hierarchical.NodeTestTask.lambda$executeRecursively$9(NodeTestTask.java:144)
	at org.junit.platform.engine.support.hierarchical.ThrowableCollector.execute(ThrowableCollector.java:73)
	at org.junit.platform.engine.support.hierarchical.NodeTestTask.executeRecursively(NodeTestTask.java:143)
	at org.junit.platform.engine.support.hierarchical.NodeTestTask.execute(NodeTestTask.java:100)
	at java.base/java.util.ArrayList.forEach(ArrayList.java:1596)
	at org.junit.platform.engine.support.hierarchical.SameThreadHierarchicalTestExecutorService.invokeAll(SameThreadHierarchicalTestExecutorService.java:41)
	at org.junit.platform.engine.support.hierarchical.NodeTestTask.lambda$executeRecursively$6(NodeTestTask.java:160)
	at org.junit.platform.engine.support.hierarchical.ThrowableCollector.execute(ThrowableCollector.java:73)
	at org.junit.platform.engine.support.hierarchical.NodeTestTask.lambda$executeRecursively$8(NodeTestTask.java:146)
	at org.junit.platform.engine.support.hierarchical.Node.around(Node.java:137)
	at org.junit.platform.engine.support.hierarchical.NodeTestTask.lambda$executeRecursively$9(NodeTestTask.java:144)
	at org.junit.platform.engine.support.hierarchical.ThrowableCollector.execute(ThrowableCollector.java:73)
	at org.junit.platform.engine.support.hierarchical.NodeTestTask.executeRecursively(NodeTestTask.java:143)
	at org.junit.platform.engine.support.hierarchical.NodeTestTask.execute(NodeTestTask.java:100)
	at org.junit.platform.engine.support.hierarchical.SameThreadHierarchicalTestExecutorService.submit(SameThreadHierarchicalTestExecutorService.java:35)
	at org.junit.platform.engine.support.hierarchical.HierarchicalTestExecutor.execute(HierarchicalTestExecutor.java:57)
	at org.junit.platform.engine.support.hierarchical.HierarchicalTestEngine.execute(HierarchicalTestEngine.java:54)
	at org.junit.platform.launcher.core.EngineExecutionOrchestrator.execute(EngineExecutionOrchestrator.java:198)
	at org.junit.platform.launcher.core.EngineExecutionOrchestrator.execute(EngineExecutionOrchestrator.java:169)
	at org.junit.platform.launcher.core.EngineExecutionOrchestrator.execute(EngineExecutionOrchestrator.java:93)
	at org.junit.platform.launcher.core.EngineExecutionOrchestrator.lambda$execute$0(EngineExecutionOrchestrator.java:58)
	at org.junit.platform.launcher.core.EngineExecutionOrchestrator.withInterceptedStreams(EngineExecutionOrchestrator.java:141)
	at org.junit.platform.launcher.core.EngineExecutionOrchestrator.execute(EngineExecutionOrchestrator.java:57)
	at org.junit.platform.launcher.core.DefaultLauncher.execute(DefaultLauncher.java:103)
	at org.junit.platform.launcher.core.DefaultLauncher.execute(DefaultLauncher.java:85)
	at org.junit.platform.launcher.core.DelegatingLauncher.execute(DelegatingLauncher.java:47)
	at org.apache.maven.surefire.junitplatform.LazyLauncher.execute(LazyLauncher.java:56)
	at org.apache.maven.surefire.junitplatform.JUnitPlatformProvider.execute(JUnitPlatformProvider.java:184)
	at org.apache.maven.surefire.junitplatform.JUnitPlatformProvider.invokeAllTests(JUnitPlatformProvider.java:148)
	at org.apache.maven.surefire.junitplatform.JUnitPlatformProvider.invoke(JUnitPlatformProvider.java:122)
	at org.apache.maven.surefire.booter.ForkedBooter.runSuitesInProcess(ForkedBooter.java:385)
	at org.apache.maven.surefire.booter.ForkedBooter.execute(ForkedBooter.java:162)
	at org.apache.maven.surefire.booter.ForkedBooter.run(ForkedBooter.java:507)
	at org.apache.maven.surefire.booter.ForkedBooter.main(ForkedBooter.java:495)
10:09:34.169 [main] WARN com.lrenyi.template.flow.exception.DefaultFlowExceptionHandler -- Flow寮傚父 [jobId=j, phase=UNKNOWN]
java.lang.RuntimeException: test handler chain
	at com.lrenyi.template.flow.exception.FlowExceptionHelperTest.lambda$handlerThrowingExceptionDoesNotBreakChain$9(FlowExceptionHelperTest.java:122)
	at org.junit.jupiter.api.AssertDoesNotThrow.assertDoesNotThrow(AssertDoesNotThrow.java:49)
	at org.junit.jupiter.api.AssertDoesNotThrow.assertDoesNotThrow(AssertDoesNotThrow.java:36)
	at org.junit.jupiter.api.Assertions.assertDoesNotThrow(Assertions.java:3168)
	at com.lrenyi.template.flow.exception.FlowExceptionHelperTest.handlerThrowingExceptionDoesNotBreakChain(FlowExceptionHelperTest.java:122)
	at java.base/jdk.internal.reflect.DirectMethodHandleAccessor.invoke(DirectMethodHandleAccessor.java:103)
	at java.base/java.lang.reflect.Method.invoke(Method.java:580)
	at org.junit.platform.commons.util.ReflectionUtils.invokeMethod(ReflectionUtils.java:728)
	at org.junit.jupiter.engine.execution.MethodInvocation.proceed(MethodInvocation.java:60)
	at org.junit.jupiter.engine.execution.InvocationInterceptorChain$ValidatingInvocation.proceed(InvocationInterceptorChain.java:131)
	at org.junit.jupiter.engine.extension.TimeoutExtension.intercept(TimeoutExtension.java:156)
	at org.junit.jupiter.engine.extension.TimeoutExtension.interceptTestableMethod(TimeoutExtension.java:147)
	at org.junit.jupiter.engine.extension.TimeoutExtension.interceptTestMethod(TimeoutExtension.java:86)
	at org.junit.jupiter.engine.execution.InterceptingExecutableInvoker$ReflectiveInterceptorCall.lambda$ofVoidMethod$0(InterceptingExecutableInvoker.java:103)
	at org.junit.jupiter.engine.execution.InterceptingExecutableInvoker.lambda$invoke$0(InterceptingExecutableInvoker.java:93)
	at org.junit.jupiter.engine.execution.InvocationInterceptorChain$InterceptedInvocation.proceed(InvocationInterceptorChain.java:106)
	at org.junit.jupiter.engine.execution.InvocationInterceptorChain.proceed(InvocationInterceptorChain.java:64)
	at org.junit.jupiter.engine.execution.InvocationInterceptorChain.chainAndInvoke(InvocationInterceptorChain.java:45)
	at org.junit.jupiter.engine.execution.InvocationInterceptorChain.invoke(InvocationInterceptorChain.java:37)
	at org.junit.jupiter.engine.execution.InterceptingExecutableInvoker.invoke(InterceptingExecutableInvoker.java:92)
	at org.junit.jupiter.engine.execution.InterceptingExecutableInvoker.invoke(InterceptingExecutableInvoker.java:86)
	at org.junit.jupiter.engine.descriptor.TestMethodTestDescriptor.lambda$invokeTestMethod$7(TestMethodTestDescriptor.java:218)
	at org.junit.platform.engine.support.hierarchical.ThrowableCollector.execute(ThrowableCollector.java:73)
	at org.junit.jupiter.engine.descriptor.TestMethodTestDescriptor.invokeTestMethod(TestMethodTestDescriptor.java:214)
	at org.junit.jupiter.engine.descriptor.TestMethodTestDescriptor.execute(TestMethodTestDescriptor.java:139)
	at org.junit.jupiter.engine.descriptor.TestMethodTestDescriptor.execute(TestMethodTestDescriptor.java:69)
	at org.junit.platform.engine.support.hierarchical.NodeTestTask.lambda$executeRecursively$6(NodeTestTask.java:156)
	at org.junit.platform.engine.support.hierarchical.ThrowableCollector.execute(ThrowableCollector.java:73)
	at org.junit.platform.engine.support.hierarchical.NodeTestTask.lambda$executeRecursively$8(NodeTestTask.java:146)
	at org.junit.platform.engine.support.hierarchical.Node.around(Node.java:137)
	at org.junit.platform.engine.support.hierarchical.NodeTestTask.lambda$executeRecursively$9(NodeTestTask.java:144)
	at org.junit.platform.engine.support.hierarchical.ThrowableCollector.execute(ThrowableCollector.java:73)
	at org.junit.platform.engine.support.hierarchical.NodeTestTask.executeRecursively(NodeTestTask.java:143)
	at org.junit.platform.engine.support.hierarchical.NodeTestTask.execute(NodeTestTask.java:100)
	at java.base/java.util.ArrayList.forEach(ArrayList.java:1596)
	at org.junit.platform.engine.support.hierarchical.SameThreadHierarchicalTestExecutorService.invokeAll(SameThreadHierarchicalTestExecutorService.java:41)
	at org.junit.platform.engine.support.hierarchical.NodeTestTask.lambda$executeRecursively$6(NodeTestTask.java:160)
	at org.junit.platform.engine.support.hierarchical.ThrowableCollector.execute(ThrowableCollector.java:73)
	at org.junit.platform.engine.support.hierarchical.NodeTestTask.lambda$executeRecursively$8(NodeTestTask.java:146)
	at org.junit.platform.engine.support.hierarchical.Node.around(Node.java:137)
	at org.junit.platform.engine.support.hierarchical.NodeTestTask.lambda$executeRecursively$9(NodeTestTask.java:144)
	at org.junit.platform.engine.support.hierarchical.ThrowableCollector.execute(ThrowableCollector.java:73)
	at org.junit.platform.engine.support.hierarchical.NodeTestTask.executeRecursively(NodeTestTask.java:143)
	at org.junit.platform.engine.support.hierarchical.NodeTestTask.execute(NodeTestTask.java:100)
	at java.base/java.util.ArrayList.forEach(ArrayList.java:1596)
	at org.junit.platform.engine.support.hierarchical.SameThreadHierarchicalTestExecutorService.invokeAll(SameThreadHierarchicalTestExecutorService.java:41)
	at org.junit.platform.engine.support.hierarchical.NodeTestTask.lambda$executeRecursively$6(NodeTestTask.java:160)
	at org.junit.platform.engine.support.hierarchical.ThrowableCollector.execute(ThrowableCollector.java:73)
	at org.junit.platform.engine.support.hierarchical.NodeTestTask.lambda$executeRecursively$8(NodeTestTask.java:146)
	at org.junit.platform.engine.support.hierarchical.Node.around(Node.java:137)
	at org.junit.platform.engine.support.hierarchical.NodeTestTask.lambda$executeRecursively$9(NodeTestTask.java:144)
	at org.junit.platform.engine.support.hierarchical.ThrowableCollector.execute(ThrowableCollector.java:73)
	at org.junit.platform.engine.support.hierarchical.NodeTestTask.executeRecursively(NodeTestTask.java:143)
	at org.junit.platform.engine.support.hierarchical.NodeTestTask.execute(NodeTestTask.java:100)
	at org.junit.platform.engine.support.hierarchical.SameThreadHierarchicalTestExecutorService.submit(SameThreadHierarchicalTestExecutorService.java:35)
	at org.junit.platform.engine.support.hierarchical.HierarchicalTestExecutor.execute(HierarchicalTestExecutor.java:57)
	at org.junit.platform.engine.support.hierarchical.HierarchicalTestEngine.execute(HierarchicalTestEngine.java:54)
	at org.junit.platform.launcher.core.EngineExecutionOrchestrator.execute(EngineExecutionOrchestrator.java:198)
	at org.junit.platform.launcher.core.EngineExecutionOrchestrator.execute(EngineExecutionOrchestrator.java:169)
	at org.junit.platform.launcher.core.EngineExecutionOrchestrator.execute(EngineExecutionOrchestrator.java:93)
	at org.junit.platform.launcher.core.EngineExecutionOrchestrator.lambda$execute$0(EngineExecutionOrchestrator.java:58)
	at org.junit.platform.launcher.core.EngineExecutionOrchestrator.withInterceptedStreams(EngineExecutionOrchestrator.java:141)
	at org.junit.platform.launcher.core.EngineExecutionOrchestrator.execute(EngineExecutionOrchestrator.java:57)
	at org.junit.platform.launcher.core.DefaultLauncher.execute(DefaultLauncher.java:103)
	at org.junit.platform.launcher.core.DefaultLauncher.execute(DefaultLauncher.java:85)
	at org.junit.platform.launcher.core.DelegatingLauncher.execute(DelegatingLauncher.java:47)
	at org.apache.maven.surefire.junitplatform.LazyLauncher.execute(LazyLauncher.java:56)
	at org.apache.maven.surefire.junitplatform.JUnitPlatformProvider.execute(JUnitPlatformProvider.java:184)
	at org.apache.maven.surefire.junitplatform.JUnitPlatformProvider.invokeAllTests(JUnitPlatformProvider.java:148)
	at org.apache.maven.surefire.junitplatform.JUnitPlatformProvider.invoke(JUnitPlatformProvider.java:122)
	at org.apache.maven.surefire.booter.ForkedBooter.runSuitesInProcess(ForkedBooter.java:385)
	at org.apache.maven.surefire.booter.ForkedBooter.execute(ForkedBooter.java:162)
	at org.apache.maven.surefire.booter.ForkedBooter.run(ForkedBooter.java:507)
	at org.apache.maven.surefire.booter.ForkedBooter.main(ForkedBooter.java:495)
10:09:34.169 [main] ERROR com.lrenyi.template.flow.exception.FlowExceptionHelper -- 寮傚父澶勭悊鍣ㄦ墽琛屽け璐?
java.lang.RuntimeException: handler fail
	at com.lrenyi.template.flow.exception.FlowExceptionHelperTest.lambda$handlerThrowingExceptionDoesNotBreakChain$7(FlowExceptionHelperTest.java:118)
	at com.lrenyi.template.flow.exception.FlowExceptionHelper.handleException(FlowExceptionHelper.java:130)
	at com.lrenyi.template.flow.exception.FlowExceptionHelper.handleException(FlowExceptionHelper.java:118)
	at com.lrenyi.template.flow.exception.FlowExceptionHelper.handleException(FlowExceptionHelper.java:94)
	at com.lrenyi.template.flow.exception.FlowExceptionHelper.handleException(FlowExceptionHelper.java:77)
	at com.lrenyi.template.flow.exception.FlowExceptionHelperTest.lambda$handlerThrowingExceptionDoesNotBreakChain$9(FlowExceptionHelperTest.java:122)
	at org.junit.jupiter.api.AssertDoesNotThrow.assertDoesNotThrow(AssertDoesNotThrow.java:49)
	at org.junit.jupiter.api.AssertDoesNotThrow.assertDoesNotThrow(AssertDoesNotThrow.java:36)
	at org.junit.jupiter.api.Assertions.assertDoesNotThrow(Assertions.java:3168)
	at com.lrenyi.template.flow.exception.FlowExceptionHelperTest.handlerThrowingExceptionDoesNotBreakChain(FlowExceptionHelperTest.java:122)
	at java.base/jdk.internal.reflect.DirectMethodHandleAccessor.invoke(DirectMethodHandleAccessor.java:103)
	at java.base/java.lang.reflect.Method.invoke(Method.java:580)
	at org.junit.platform.commons.util.ReflectionUtils.invokeMethod(ReflectionUtils.java:728)
	at org.junit.jupiter.engine.execution.MethodInvocation.proceed(MethodInvocation.java:60)
	at org.junit.jupiter.engine.execution.InvocationInterceptorChain$ValidatingInvocation.proceed(InvocationInterceptorChain.java:131)
	at org.junit.jupiter.engine.extension.TimeoutExtension.intercept(TimeoutExtension.java:156)
	at org.junit.jupiter.engine.extension.TimeoutExtension.interceptTestableMethod(TimeoutExtension.java:147)
	at org.junit.jupiter.engine.extension.TimeoutExtension.interceptTestMethod(TimeoutExtension.java:86)
	at org.junit.jupiter.engine.execution.InterceptingExecutableInvoker$ReflectiveInterceptorCall.lambda$ofVoidMethod$0(InterceptingExecutableInvoker.java:103)
	at org.junit.jupiter.engine.execution.InterceptingExecutableInvoker.lambda$invoke$0(InterceptingExecutableInvoker.java:93)
	at org.junit.jupiter.engine.execution.InvocationInterceptorChain$InterceptedInvocation.proceed(InvocationInterceptorChain.java:106)
	at org.junit.jupiter.engine.execution.InvocationInterceptorChain.proceed(InvocationInterceptorChain.java:64)
	at org.junit.jupiter.engine.execution.InvocationInterceptorChain.chainAndInvoke(InvocationInterceptorChain.java:45)
	at org.junit.jupiter.engine.execution.InvocationInterceptorChain.invoke(InvocationInterceptorChain.java:37)
	at org.junit.jupiter.engine.execution.InterceptingExecutableInvoker.invoke(InterceptingExecutableInvoker.java:92)
	at org.junit.jupiter.engine.execution.InterceptingExecutableInvoker.invoke(InterceptingExecutableInvoker.java:86)
	at org.junit.jupiter.engine.descriptor.TestMethodTestDescriptor.lambda$invokeTestMethod$7(TestMethodTestDescriptor.java:218)
	at org.junit.platform.engine.support.hierarchical.ThrowableCollector.execute(ThrowableCollector.java:73)
	at org.junit.jupiter.engine.descriptor.TestMethodTestDescriptor.invokeTestMethod(TestMethodTestDescriptor.java:214)
	at org.junit.jupiter.engine.descriptor.TestMethodTestDescriptor.execute(TestMethodTestDescriptor.java:139)
	at org.junit.jupiter.engine.descriptor.TestMethodTestDescriptor.execute(TestMethodTestDescriptor.java:69)
	at org.junit.platform.engine.support.hierarchical.NodeTestTask.lambda$executeRecursively$6(NodeTestTask.java:156)
	at org.junit.platform.engine.support.hierarchical.ThrowableCollector.execute(ThrowableCollector.java:73)
	at org.junit.platform.engine.support.hierarchical.NodeTestTask.lambda$executeRecursively$8(NodeTestTask.java:146)
	at org.junit.platform.engine.support.hierarchical.Node.around(Node.java:137)
	at org.junit.platform.engine.support.hierarchical.NodeTestTask.lambda$executeRecursively$9(NodeTestTask.java:144)
	at org.junit.platform.engine.support.hierarchical.ThrowableCollector.execute(ThrowableCollector.java:73)
	at org.junit.platform.engine.support.hierarchical.NodeTestTask.executeRecursively(NodeTestTask.java:143)
	at org.junit.platform.engine.support.hierarchical.NodeTestTask.execute(NodeTestTask.java:100)
	at java.base/java.util.ArrayList.forEach(ArrayList.java:1596)
	at org.junit.platform.engine.support.hierarchical.SameThreadHierarchicalTestExecutorService.invokeAll(SameThreadHierarchicalTestExecutorService.java:41)
	at org.junit.platform.engine.support.hierarchical.NodeTestTask.lambda$executeRecursively$6(NodeTestTask.java:160)
	at org.junit.platform.engine.support.hierarchical.ThrowableCollector.execute(ThrowableCollector.java:73)
	at org.junit.platform.engine.support.hierarchical.NodeTestTask.lambda$executeRecursively$8(NodeTestTask.java:146)
	at org.junit.platform.engine.support.hierarchical.Node.around(Node.java:137)
	at org.junit.platform.engine.support.hierarchical.NodeTestTask.lambda$executeRecursively$9(NodeTestTask.java:144)
	at org.junit.platform.engine.support.hierarchical.ThrowableCollector.execute(ThrowableCollector.java:73)
	at org.junit.platform.engine.support.hierarchical.NodeTestTask.executeRecursively(NodeTestTask.java:143)
	at org.junit.platform.engine.support.hierarchical.NodeTestTask.execute(NodeTestTask.java:100)
	at java.base/java.util.ArrayList.forEach(ArrayList.java:1596)
	at org.junit.platform.engine.support.hierarchical.SameThreadHierarchicalTestExecutorService.invokeAll(SameThreadHierarchicalTestExecutorService.java:41)
	at org.junit.platform.engine.support.hierarchical.NodeTestTask.lambda$executeRecursively$6(NodeTestTask.java:160)
	at org.junit.platform.engine.support.hierarchical.ThrowableCollector.execute(ThrowableCollector.java:73)
	at org.junit.platform.engine.support.hierarchical.NodeTestTask.lambda$executeRecursively$8(NodeTestTask.java:146)
	at org.junit.platform.engine.support.hierarchical.Node.around(Node.java:137)
	at org.junit.platform.engine.support.hierarchical.NodeTestTask.lambda$executeRecursively$9(NodeTestTask.java:144)
	at org.junit.platform.engine.support.hierarchical.ThrowableCollector.execute(ThrowableCollector.java:73)
	at org.junit.platform.engine.support.hierarchical.NodeTestTask.executeRecursively(NodeTestTask.java:143)
	at org.junit.platform.engine.support.hierarchical.NodeTestTask.execute(NodeTestTask.java:100)
	at org.junit.platform.engine.support.hierarchical.SameThreadHierarchicalTestExecutorService.submit(SameThreadHierarchicalTestExecutorService.java:35)
	at org.junit.platform.engine.support.hierarchical.HierarchicalTestExecutor.execute(HierarchicalTestExecutor.java:57)
	at org.junit.platform.engine.support.hierarchical.HierarchicalTestEngine.execute(HierarchicalTestEngine.java:54)
	at org.junit.platform.launcher.core.EngineExecutionOrchestrator.execute(EngineExecutionOrchestrator.java:198)
	at org.junit.platform.launcher.core.EngineExecutionOrchestrator.execute(EngineExecutionOrchestrator.java:169)
	at org.junit.platform.launcher.core.EngineExecutionOrchestrator.execute(EngineExecutionOrchestrator.java:93)
	at org.junit.platform.launcher.core.EngineExecutionOrchestrator.lambda$execute$0(EngineExecutionOrchestrator.java:58)
	at org.junit.platform.launcher.core.EngineExecutionOrchestrator.withInterceptedStreams(EngineExecutionOrchestrator.java:141)
	at org.junit.platform.launcher.core.EngineExecutionOrchestrator.execute(EngineExecutionOrchestrator.java:57)
	at org.junit.platform.launcher.core.DefaultLauncher.execute(DefaultLauncher.java:103)
	at org.junit.platform.launcher.core.DefaultLauncher.execute(DefaultLauncher.java:85)
	at org.junit.platform.launcher.core.DelegatingLauncher.execute(DelegatingLauncher.java:47)
	at org.apache.maven.surefire.junitplatform.LazyLauncher.execute(LazyLauncher.java:56)
	at org.apache.maven.surefire.junitplatform.JUnitPlatformProvider.execute(JUnitPlatformProvider.java:184)
	at org.apache.maven.surefire.junitplatform.JUnitPlatformProvider.invokeAllTests(JUnitPlatformProvider.java:148)
	at org.apache.maven.surefire.junitplatform.JUnitPlatformProvider.invoke(JUnitPlatformProvider.java:122)
	at org.apache.maven.surefire.booter.ForkedBooter.runSuitesInProcess(ForkedBooter.java:385)
	at org.apache.maven.surefire.booter.ForkedBooter.execute(ForkedBooter.java:162)
	at org.apache.maven.surefire.booter.ForkedBooter.run(ForkedBooter.java:507)
	at org.apache.maven.surefire.booter.ForkedBooter.main(ForkedBooter.java:495)
10:09:34.175 [main] WARN com.lrenyi.template.flow.exception.DefaultFlowExceptionHandler -- Flow寮傚父 [jobId=j, phase=UNKNOWN]
java.lang.RuntimeException: test clearHandlers
	at com.lrenyi.template.flow.exception.FlowExceptionHelperTest.lambda$clearHandlersRestoresDefaultOnly$10(FlowExceptionHelperTest.java:161)
	at org.junit.jupiter.api.AssertDoesNotThrow.assertDoesNotThrow(AssertDoesNotThrow.java:49)
	at org.junit.jupiter.api.AssertDoesNotThrow.assertDoesNotThrow(AssertDoesNotThrow.java:36)
	at org.junit.jupiter.api.Assertions.assertDoesNotThrow(Assertions.java:3168)
	at com.lrenyi.template.flow.exception.FlowExceptionHelperTest.clearHandlersRestoresDefaultOnly(FlowExceptionHelperTest.java:161)
	at java.base/jdk.internal.reflect.DirectMethodHandleAccessor.invoke(DirectMethodHandleAccessor.java:103)
	at java.base/java.lang.reflect.Method.invoke(Method.java:580)
	at org.junit.platform.commons.util.ReflectionUtils.invokeMethod(ReflectionUtils.java:728)
	at org.junit.jupiter.engine.execution.MethodInvocation.proceed(MethodInvocation.java:60)
	at org.junit.jupiter.engine.execution.InvocationInterceptorChain$ValidatingInvocation.proceed(InvocationInterceptorChain.java:131)
	at org.junit.jupiter.engine.extension.TimeoutExtension.intercept(TimeoutExtension.java:156)
	at org.junit.jupiter.engine.extension.TimeoutExtension.interceptTestableMethod(TimeoutExtension.java:147)
	at org.junit.jupiter.engine.extension.TimeoutExtension.interceptTestMethod(TimeoutExtension.java:86)
	at org.junit.jupiter.engine.execution.InterceptingExecutableInvoker$ReflectiveInterceptorCall.lambda$ofVoidMethod$0(InterceptingExecutableInvoker.java:103)
	at org.junit.jupiter.engine.execution.InterceptingExecutableInvoker.lambda$invoke$0(InterceptingExecutableInvoker.java:93)
	at org.junit.jupiter.engine.execution.InvocationInterceptorChain$InterceptedInvocation.proceed(InvocationInterceptorChain.java:106)
	at org.junit.jupiter.engine.execution.InvocationInterceptorChain.proceed(InvocationInterceptorChain.java:64)
	at org.junit.jupiter.engine.execution.InvocationInterceptorChain.chainAndInvoke(InvocationInterceptorChain.java:45)
	at org.junit.jupiter.engine.execution.InvocationInterceptorChain.invoke(InvocationInterceptorChain.java:37)
	at org.junit.jupiter.engine.execution.InterceptingExecutableInvoker.invoke(InterceptingExecutableInvoker.java:92)
	at org.junit.jupiter.engine.execution.InterceptingExecutableInvoker.invoke(InterceptingExecutableInvoker.java:86)
	at org.junit.jupiter.engine.descriptor.TestMethodTestDescriptor.lambda$invokeTestMethod$7(TestMethodTestDescriptor.java:218)
	at org.junit.platform.engine.support.hierarchical.ThrowableCollector.execute(ThrowableCollector.java:73)
	at org.junit.jupiter.engine.descriptor.TestMethodTestDescriptor.invokeTestMethod(TestMethodTestDescriptor.java:214)
	at org.junit.jupiter.engine.descriptor.TestMethodTestDescriptor.execute(TestMethodTestDescriptor.java:139)
	at org.junit.jupiter.engine.descriptor.TestMethodTestDescriptor.execute(TestMethodTestDescriptor.java:69)
	at org.junit.platform.engine.support.hierarchical.NodeTestTask.lambda$executeRecursively$6(NodeTestTask.java:156)
	at org.junit.platform.engine.support.hierarchical.ThrowableCollector.execute(ThrowableCollector.java:73)
	at org.junit.platform.engine.support.hierarchical.NodeTestTask.lambda$executeRecursively$8(NodeTestTask.java:146)
	at org.junit.platform.engine.support.hierarchical.Node.around(Node.java:137)
	at org.junit.platform.engine.support.hierarchical.NodeTestTask.lambda$executeRecursively$9(NodeTestTask.java:144)
	at org.junit.platform.engine.support.hierarchical.ThrowableCollector.execute(ThrowableCollector.java:73)
	at org.junit.platform.engine.support.hierarchical.NodeTestTask.executeRecursively(NodeTestTask.java:143)
	at org.junit.platform.engine.support.hierarchical.NodeTestTask.execute(NodeTestTask.java:100)
	at java.base/java.util.ArrayList.forEach(ArrayList.java:1596)
	at org.junit.platform.engine.support.hierarchical.SameThreadHierarchicalTestExecutorService.invokeAll(SameThreadHierarchicalTestExecutorService.java:41)
	at org.junit.platform.engine.support.hierarchical.NodeTestTask.lambda$executeRecursively$6(NodeTestTask.java:160)
	at org.junit.platform.engine.support.hierarchical.ThrowableCollector.execute(ThrowableCollector.java:73)
	at org.junit.platform.engine.support.hierarchical.NodeTestTask.lambda$executeRecursively$8(NodeTestTask.java:146)
	at org.junit.platform.engine.support.hierarchical.Node.around(Node.java:137)
	at org.junit.platform.engine.support.hierarchical.NodeTestTask.lambda$executeRecursively$9(NodeTestTask.java:144)
	at org.junit.platform.engine.support.hierarchical.ThrowableCollector.execute(ThrowableCollector.java:73)
	at org.junit.platform.engine.support.hierarchical.NodeTestTask.executeRecursively(NodeTestTask.java:143)
	at org.junit.platform.engine.support.hierarchical.NodeTestTask.execute(NodeTestTask.java:100)
	at java.base/java.util.ArrayList.forEach(ArrayList.java:1596)
	at org.junit.platform.engine.support.hierarchical.SameThreadHierarchicalTestExecutorService.invokeAll(SameThreadHierarchicalTestExecutorService.java:41)
	at org.junit.platform.engine.support.hierarchical.NodeTestTask.lambda$executeRecursively$6(NodeTestTask.java:160)
	at org.junit.platform.engine.support.hierarchical.ThrowableCollector.execute(ThrowableCollector.java:73)
	at org.junit.platform.engine.support.hierarchical.NodeTestTask.lambda$executeRecursively$8(NodeTestTask.java:146)
	at org.junit.platform.engine.support.hierarchical.Node.around(Node.java:137)
	at org.junit.platform.engine.support.hierarchical.NodeTestTask.lambda$executeRecursively$9(NodeTestTask.java:144)
	at org.junit.platform.engine.support.hierarchical.ThrowableCollector.execute(ThrowableCollector.java:73)
	at org.junit.platform.engine.support.hierarchical.NodeTestTask.executeRecursively(NodeTestTask.java:143)
	at org.junit.platform.engine.support.hierarchical.NodeTestTask.execute(NodeTestTask.java:100)
	at org.junit.platform.engine.support.hierarchical.SameThreadHierarchicalTestExecutorService.submit(SameThreadHierarchicalTestExecutorService.java:35)
	at org.junit.platform.engine.support.hierarchical.HierarchicalTestExecutor.execute(HierarchicalTestExecutor.java:57)
	at org.junit.platform.engine.support.hierarchical.HierarchicalTestEngine.execute(HierarchicalTestEngine.java:54)
	at org.junit.platform.launcher.core.EngineExecutionOrchestrator.execute(EngineExecutionOrchestrator.java:198)
	at org.junit.platform.launcher.core.EngineExecutionOrchestrator.execute(EngineExecutionOrchestrator.java:169)
	at org.junit.platform.launcher.core.EngineExecutionOrchestrator.execute(EngineExecutionOrchestrator.java:93)
	at org.junit.platform.launcher.core.EngineExecutionOrchestrator.lambda$execute$0(EngineExecutionOrchestrator.java:58)
	at org.junit.platform.launcher.core.EngineExecutionOrchestrator.withInterceptedStreams(EngineExecutionOrchestrator.java:141)
	at org.junit.platform.launcher.core.EngineExecutionOrchestrator.execute(EngineExecutionOrchestrator.java:57)
	at org.junit.platform.launcher.core.DefaultLauncher.execute(DefaultLauncher.java:103)
	at org.junit.platform.launcher.core.DefaultLauncher.execute(DefaultLauncher.java:85)
	at org.junit.platform.launcher.core.DelegatingLauncher.execute(DelegatingLauncher.java:47)
	at org.apache.maven.surefire.junitplatform.LazyLauncher.execute(LazyLauncher.java:56)
	at org.apache.maven.surefire.junitplatform.JUnitPlatformProvider.execute(JUnitPlatformProvider.java:184)
	at org.apache.maven.surefire.junitplatform.JUnitPlatformProvider.invokeAllTests(JUnitPlatformProvider.java:148)
	at org.apache.maven.surefire.junitplatform.JUnitPlatformProvider.invoke(JUnitPlatformProvider.java:122)
	at org.apache.maven.surefire.booter.ForkedBooter.runSuitesInProcess(ForkedBooter.java:385)
	at org.apache.maven.surefire.booter.ForkedBooter.execute(ForkedBooter.java:162)
	at org.apache.maven.surefire.booter.ForkedBooter.run(ForkedBooter.java:507)
	at org.apache.maven.surefire.booter.ForkedBooter.main(ForkedBooter.java:495)
10:09:34.182 [main] WARN com.lrenyi.template.flow.exception.DefaultFlowExceptionHandler -- Flow寮傚父 [jobId=j, phase=UNKNOWN]
java.lang.RuntimeException: test registerHandler
	at com.lrenyi.template.flow.exception.FlowExceptionHelperTest.registerHandlerNonNullAdded(FlowExceptionHelperTest.java:62)
	at java.base/jdk.internal.reflect.DirectMethodHandleAccessor.invoke(DirectMethodHandleAccessor.java:103)
	at java.base/java.lang.reflect.Method.invoke(Method.java:580)
	at org.junit.platform.commons.util.ReflectionUtils.invokeMethod(ReflectionUtils.java:728)
	at org.junit.jupiter.engine.execution.MethodInvocation.proceed(MethodInvocation.java:60)
	at org.junit.jupiter.engine.execution.InvocationInterceptorChain$ValidatingInvocation.proceed(InvocationInterceptorChain.java:131)
	at org.junit.jupiter.engine.extension.TimeoutExtension.intercept(TimeoutExtension.java:156)
	at org.junit.jupiter.engine.extension.TimeoutExtension.interceptTestableMethod(TimeoutExtension.java:147)
	at org.junit.jupiter.engine.extension.TimeoutExtension.interceptTestMethod(TimeoutExtension.java:86)
	at org.junit.jupiter.engine.execution.InterceptingExecutableInvoker$ReflectiveInterceptorCall.lambda$ofVoidMethod$0(InterceptingExecutableInvoker.java:103)
	at org.junit.jupiter.engine.execution.InterceptingExecutableInvoker.lambda$invoke$0(InterceptingExecutableInvoker.java:93)
	at org.junit.jupiter.engine.execution.InvocationInterceptorChain$InterceptedInvocation.proceed(InvocationInterceptorChain.java:106)
	at org.junit.jupiter.engine.execution.InvocationInterceptorChain.proceed(InvocationInterceptorChain.java:64)
	at org.junit.jupiter.engine.execution.InvocationInterceptorChain.chainAndInvoke(InvocationInterceptorChain.java:45)
	at org.junit.jupiter.engine.execution.InvocationInterceptorChain.invoke(InvocationInterceptorChain.java:37)
	at org.junit.jupiter.engine.execution.InterceptingExecutableInvoker.invoke(InterceptingExecutableInvoker.java:92)
	at org.junit.jupiter.engine.execution.InterceptingExecutableInvoker.invoke(InterceptingExecutableInvoker.java:86)
	at org.junit.jupiter.engine.descriptor.TestMethodTestDescriptor.lambda$invokeTestMethod$7(TestMethodTestDescriptor.java:218)
	at org.junit.platform.engine.support.hierarchical.ThrowableCollector.execute(ThrowableCollector.java:73)
	at org.junit.jupiter.engine.descriptor.TestMethodTestDescriptor.invokeTestMethod(TestMethodTestDescriptor.java:214)
	at org.junit.jupiter.engine.descriptor.TestMethodTestDescriptor.execute(TestMethodTestDescriptor.java:139)
	at org.junit.jupiter.engine.descriptor.TestMethodTestDescriptor.execute(TestMethodTestDescriptor.java:69)
	at org.junit.platform.engine.support.hierarchical.NodeTestTask.lambda$executeRecursively$6(NodeTestTask.java:156)
	at org.junit.platform.engine.support.hierarchical.ThrowableCollector.execute(ThrowableCollector.java:73)
	at org.junit.platform.engine.support.hierarchical.NodeTestTask.lambda$executeRecursively$8(NodeTestTask.java:146)
	at org.junit.platform.engine.support.hierarchical.Node.around(Node.java:137)
	at org.junit.platform.engine.support.hierarchical.NodeTestTask.lambda$executeRecursively$9(NodeTestTask.java:144)
	at org.junit.platform.engine.support.hierarchical.ThrowableCollector.execute(ThrowableCollector.java:73)
	at org.junit.platform.engine.support.hierarchical.NodeTestTask.executeRecursively(NodeTestTask.java:143)
	at org.junit.platform.engine.support.hierarchical.NodeTestTask.execute(NodeTestTask.java:100)
	at java.base/java.util.ArrayList.forEach(ArrayList.java:1596)
	at org.junit.platform.engine.support.hierarchical.SameThreadHierarchicalTestExecutorService.invokeAll(SameThreadHierarchicalTestExecutorService.java:41)
	at org.junit.platform.engine.support.hierarchical.NodeTestTask.lambda$executeRecursively$6(NodeTestTask.java:160)
	at org.junit.platform.engine.support.hierarchical.ThrowableCollector.execute(ThrowableCollector.java:73)
	at org.junit.platform.engine.support.hierarchical.NodeTestTask.lambda$executeRecursively$8(NodeTestTask.java:146)
	at org.junit.platform.engine.support.hierarchical.Node.around(Node.java:137)
	at org.junit.platform.engine.support.hierarchical.NodeTestTask.lambda$executeRecursively$9(NodeTestTask.java:144)
	at org.junit.platform.engine.support.hierarchical.ThrowableCollector.execute(ThrowableCollector.java:73)
	at org.junit.platform.engine.support.hierarchical.NodeTestTask.executeRecursively(NodeTestTask.java:143)
	at org.junit.platform.engine.support.hierarchical.NodeTestTask.execute(NodeTestTask.java:100)
	at java.base/java.util.ArrayList.forEach(ArrayList.java:1596)
	at org.junit.platform.engine.support.hierarchical.SameThreadHierarchicalTestExecutorService.invokeAll(SameThreadHierarchicalTestExecutorService.java:41)
	at org.junit.platform.engine.support.hierarchical.NodeTestTask.lambda$executeRecursively$6(NodeTestTask.java:160)
	at org.junit.platform.engine.support.hierarchical.ThrowableCollector.execute(ThrowableCollector.java:73)
	at org.junit.platform.engine.support.hierarchical.NodeTestTask.lambda$executeRecursively$8(NodeTestTask.java:146)
	at org.junit.platform.engine.support.hierarchical.Node.around(Node.java:137)
	at org.junit.platform.engine.support.hierarchical.NodeTestTask.lambda$executeRecursively$9(NodeTestTask.java:144)
	at org.junit.platform.engine.support.hierarchical.ThrowableCollector.execute(ThrowableCollector.java:73)
	at org.junit.platform.engine.support.hierarchical.NodeTestTask.executeRecursively(NodeTestTask.java:143)
	at org.junit.platform.engine.support.hierarchical.NodeTestTask.execute(NodeTestTask.java:100)
	at org.junit.platform.engine.support.hierarchical.SameThreadHierarchicalTestExecutorService.submit(SameThreadHierarchicalTestExecutorService.java:35)
	at org.junit.platform.engine.support.hierarchical.HierarchicalTestExecutor.execute(HierarchicalTestExecutor.java:57)
	at org.junit.platform.engine.support.hierarchical.HierarchicalTestEngine.execute(HierarchicalTestEngine.java:54)
	at org.junit.platform.launcher.core.EngineExecutionOrchestrator.execute(EngineExecutionOrchestrator.java:198)
	at org.junit.platform.launcher.core.EngineExecutionOrchestrator.execute(EngineExecutionOrchestrator.java:169)
	at org.junit.platform.launcher.core.EngineExecutionOrchestrator.execute(EngineExecutionOrchestrator.java:93)
	at org.junit.platform.launcher.core.EngineExecutionOrchestrator.lambda$execute$0(EngineExecutionOrchestrator.java:58)
	at org.junit.platform.launcher.core.EngineExecutionOrchestrator.withInterceptedStreams(EngineExecutionOrchestrator.java:141)
	at org.junit.platform.launcher.core.EngineExecutionOrchestrator.execute(EngineExecutionOrchestrator.java:57)
	at org.junit.platform.launcher.core.DefaultLauncher.execute(DefaultLauncher.java:103)
	at org.junit.platform.launcher.core.DefaultLauncher.execute(DefaultLauncher.java:85)
	at org.junit.platform.launcher.core.DelegatingLauncher.execute(DelegatingLauncher.java:47)
	at org.apache.maven.surefire.junitplatform.LazyLauncher.execute(LazyLauncher.java:56)
	at org.apache.maven.surefire.junitplatform.JUnitPlatformProvider.execute(JUnitPlatformProvider.java:184)
	at org.apache.maven.surefire.junitplatform.JUnitPlatformProvider.invokeAllTests(JUnitPlatformProvider.java:148)
	at org.apache.maven.surefire.junitplatform.JUnitPlatformProvider.invoke(JUnitPlatformProvider.java:122)
	at org.apache.maven.surefire.booter.ForkedBooter.runSuitesInProcess(ForkedBooter.java:385)
	at org.apache.maven.surefire.booter.ForkedBooter.execute(ForkedBooter.java:162)
	at org.apache.maven.surefire.booter.ForkedBooter.run(ForkedBooter.java:507)
	at org.apache.maven.surefire.booter.ForkedBooter.main(ForkedBooter.java:495)
10:09:34.188 [main] WARN com.lrenyi.template.flow.exception.DefaultFlowExceptionHandler -- Flow寮傚父 [jobId=j, phase=UNKNOWN]
java.lang.RuntimeException: test removeHandler
	at com.lrenyi.template.flow.exception.FlowExceptionHelperTest.removeHandlerRemovesHandler(FlowExceptionHelperTest.java:79)
	at java.base/jdk.internal.reflect.DirectMethodHandleAccessor.invoke(DirectMethodHandleAccessor.java:103)
	at java.base/java.lang.reflect.Method.invoke(Method.java:580)
	at org.junit.platform.commons.util.ReflectionUtils.invokeMethod(ReflectionUtils.java:728)
	at org.junit.jupiter.engine.execution.MethodInvocation.proceed(MethodInvocation.java:60)
	at org.junit.jupiter.engine.execution.InvocationInterceptorChain$ValidatingInvocation.proceed(InvocationInterceptorChain.java:131)
	at org.junit.jupiter.engine.extension.TimeoutExtension.intercept(TimeoutExtension.java:156)
	at org.junit.jupiter.engine.extension.TimeoutExtension.interceptTestableMethod(TimeoutExtension.java:147)
	at org.junit.jupiter.engine.extension.TimeoutExtension.interceptTestMethod(TimeoutExtension.java:86)
	at org.junit.jupiter.engine.execution.InterceptingExecutableInvoker$ReflectiveInterceptorCall.lambda$ofVoidMethod$0(InterceptingExecutableInvoker.java:103)
	at org.junit.jupiter.engine.execution.InterceptingExecutableInvoker.lambda$invoke$0(InterceptingExecutableInvoker.java:93)
	at org.junit.jupiter.engine.execution.InvocationInterceptorChain$InterceptedInvocation.proceed(InvocationInterceptorChain.java:106)
	at org.junit.jupiter.engine.execution.InvocationInterceptorChain.proceed(InvocationInterceptorChain.java:64)
	at org.junit.jupiter.engine.execution.InvocationInterceptorChain.chainAndInvoke(InvocationInterceptorChain.java:45)
	at org.junit.jupiter.engine.execution.InvocationInterceptorChain.invoke(InvocationInterceptorChain.java:37)
	at org.junit.jupiter.engine.execution.InterceptingExecutableInvoker.invoke(InterceptingExecutableInvoker.java:92)
	at org.junit.jupiter.engine.execution.InterceptingExecutableInvoker.invoke(InterceptingExecutableInvoker.java:86)
	at org.junit.jupiter.engine.descriptor.TestMethodTestDescriptor.lambda$invokeTestMethod$7(TestMethodTestDescriptor.java:218)
	at org.junit.platform.engine.support.hierarchical.ThrowableCollector.execute(ThrowableCollector.java:73)
	at org.junit.jupiter.engine.descriptor.TestMethodTestDescriptor.invokeTestMethod(TestMethodTestDescriptor.java:214)
	at org.junit.jupiter.engine.descriptor.TestMethodTestDescriptor.execute(TestMethodTestDescriptor.java:139)
	at org.junit.jupiter.engine.descriptor.TestMethodTestDescriptor.execute(TestMethodTestDescriptor.java:69)
	at org.junit.platform.engine.support.hierarchical.NodeTestTask.lambda$executeRecursively$6(NodeTestTask.java:156)
	at org.junit.platform.engine.support.hierarchical.ThrowableCollector.execute(ThrowableCollector.java:73)
	at org.junit.platform.engine.support.hierarchical.NodeTestTask.lambda$executeRecursively$8(NodeTestTask.java:146)
	at org.junit.platform.engine.support.hierarchical.Node.around(Node.java:137)
	at org.junit.platform.engine.support.hierarchical.NodeTestTask.lambda$executeRecursively$9(NodeTestTask.java:144)
	at org.junit.platform.engine.support.hierarchical.ThrowableCollector.execute(ThrowableCollector.java:73)
	at org.junit.platform.engine.support.hierarchical.NodeTestTask.executeRecursively(NodeTestTask.java:143)
	at org.junit.platform.engine.support.hierarchical.NodeTestTask.execute(NodeTestTask.java:100)
	at java.base/java.util.ArrayList.forEach(ArrayList.java:1596)
	at org.junit.platform.engine.support.hierarchical.SameThreadHierarchicalTestExecutorService.invokeAll(SameThreadHierarchicalTestExecutorService.java:41)
	at org.junit.platform.engine.support.hierarchical.NodeTestTask.lambda$executeRecursively$6(NodeTestTask.java:160)
	at org.junit.platform.engine.support.hierarchical.ThrowableCollector.execute(ThrowableCollector.java:73)
	at org.junit.platform.engine.support.hierarchical.NodeTestTask.lambda$executeRecursively$8(NodeTestTask.java:146)
	at org.junit.platform.engine.support.hierarchical.Node.around(Node.java:137)
	at org.junit.platform.engine.support.hierarchical.NodeTestTask.lambda$executeRecursively$9(NodeTestTask.java:144)
	at org.junit.platform.engine.support.hierarchical.ThrowableCollector.execute(ThrowableCollector.java:73)
	at org.junit.platform.engine.support.hierarchical.NodeTestTask.executeRecursively(NodeTestTask.java:143)
	at org.junit.platform.engine.support.hierarchical.NodeTestTask.execute(NodeTestTask.java:100)
	at java.base/java.util.ArrayList.forEach(ArrayList.java:1596)
	at org.junit.platform.engine.support.hierarchical.SameThreadHierarchicalTestExecutorService.invokeAll(SameThreadHierarchicalTestExecutorService.java:41)
	at org.junit.platform.engine.support.hierarchical.NodeTestTask.lambda$executeRecursively$6(NodeTestTask.java:160)
	at org.junit.platform.engine.support.hierarchical.ThrowableCollector.execute(ThrowableCollector.java:73)
	at org.junit.platform.engine.support.hierarchical.NodeTestTask.lambda$executeRecursively$8(NodeTestTask.java:146)
	at org.junit.platform.engine.support.hierarchical.Node.around(Node.java:137)
	at org.junit.platform.engine.support.hierarchical.NodeTestTask.lambda$executeRecursively$9(NodeTestTask.java:144)
	at org.junit.platform.engine.support.hierarchical.ThrowableCollector.execute(ThrowableCollector.java:73)
	at org.junit.platform.engine.support.hierarchical.NodeTestTask.executeRecursively(NodeTestTask.java:143)
	at org.junit.platform.engine.support.hierarchical.NodeTestTask.execute(NodeTestTask.java:100)
	at org.junit.platform.engine.support.hierarchical.SameThreadHierarchicalTestExecutorService.submit(SameThreadHierarchicalTestExecutorService.java:35)
	at org.junit.platform.engine.support.hierarchical.HierarchicalTestExecutor.execute(HierarchicalTestExecutor.java:57)
	at org.junit.platform.engine.support.hierarchical.HierarchicalTestEngine.execute(HierarchicalTestEngine.java:54)
	at org.junit.platform.launcher.core.EngineExecutionOrchestrator.execute(EngineExecutionOrchestrator.java:198)
	at org.junit.platform.launcher.core.EngineExecutionOrchestrator.execute(EngineExecutionOrchestrator.java:169)
	at org.junit.platform.launcher.core.EngineExecutionOrchestrator.execute(EngineExecutionOrchestrator.java:93)
	at org.junit.platform.launcher.core.EngineExecutionOrchestrator.lambda$execute$0(EngineExecutionOrchestrator.java:58)
	at org.junit.platform.launcher.core.EngineExecutionOrchestrator.withInterceptedStreams(EngineExecutionOrchestrator.java:141)
	at org.junit.platform.launcher.core.EngineExecutionOrchestrator.execute(EngineExecutionOrchestrator.java:57)
	at org.junit.platform.launcher.core.DefaultLauncher.execute(DefaultLauncher.java:103)
	at org.junit.platform.launcher.core.DefaultLauncher.execute(DefaultLauncher.java:85)
	at org.junit.platform.launcher.core.DelegatingLauncher.execute(DelegatingLauncher.java:47)
	at org.apache.maven.surefire.junitplatform.LazyLauncher.execute(LazyLauncher.java:56)
	at org.apache.maven.surefire.junitplatform.JUnitPlatformProvider.execute(JUnitPlatformProvider.java:184)
	at org.apache.maven.surefire.junitplatform.JUnitPlatformProvider.invokeAllTests(JUnitPlatformProvider.java:148)
	at org.apache.maven.surefire.junitplatform.JUnitPlatformProvider.invoke(JUnitPlatformProvider.java:122)
	at org.apache.maven.surefire.booter.ForkedBooter.runSuitesInProcess(ForkedBooter.java:385)
	at org.apache.maven.surefire.booter.ForkedBooter.execute(ForkedBooter.java:162)
	at org.apache.maven.surefire.booter.ForkedBooter.run(ForkedBooter.java:507)
	at org.apache.maven.surefire.booter.ForkedBooter.main(ForkedBooter.java:495)
10:09:34.192 [main] WARN com.lrenyi.template.flow.exception.DefaultFlowExceptionHandler -- Flow寮傚父 [jobId=job1, entryId=e1, phase=PRODUCTION]
java.lang.RuntimeException: test invokesHandlers
	at com.lrenyi.template.flow.exception.FlowExceptionHelperTest.handleExceptionWithContextInvokesHandlers(FlowExceptionHelperTest.java:24)
	at java.base/jdk.internal.reflect.DirectMethodHandleAccessor.invoke(DirectMethodHandleAccessor.java:103)
	at java.base/java.lang.reflect.Method.invoke(Method.java:580)
	at org.junit.platform.commons.util.ReflectionUtils.invokeMethod(ReflectionUtils.java:728)
	at org.junit.jupiter.engine.execution.MethodInvocation.proceed(MethodInvocation.java:60)
	at org.junit.jupiter.engine.execution.InvocationInterceptorChain$ValidatingInvocation.proceed(InvocationInterceptorChain.java:131)
	at org.junit.jupiter.engine.extension.TimeoutExtension.intercept(TimeoutExtension.java:156)
	at org.junit.jupiter.engine.extension.TimeoutExtension.interceptTestableMethod(TimeoutExtension.java:147)
	at org.junit.jupiter.engine.extension.TimeoutExtension.interceptTestMethod(TimeoutExtension.java:86)
	at org.junit.jupiter.engine.execution.InterceptingExecutableInvoker$ReflectiveInterceptorCall.lambda$ofVoidMethod$0(InterceptingExecutableInvoker.java:103)
	at org.junit.jupiter.engine.execution.InterceptingExecutableInvoker.lambda$invoke$0(InterceptingExecutableInvoker.java:93)
	at org.junit.jupiter.engine.execution.InvocationInterceptorChain$InterceptedInvocation.proceed(InvocationInterceptorChain.java:106)
	at org.junit.jupiter.engine.execution.InvocationInterceptorChain.proceed(InvocationInterceptorChain.java:64)
	at org.junit.jupiter.engine.execution.InvocationInterceptorChain.chainAndInvoke(InvocationInterceptorChain.java:45)
	at org.junit.jupiter.engine.execution.InvocationInterceptorChain.invoke(InvocationInterceptorChain.java:37)
	at org.junit.jupiter.engine.execution.InterceptingExecutableInvoker.invoke(InterceptingExecutableInvoker.java:92)
	at org.junit.jupiter.engine.execution.InterceptingExecutableInvoker.invoke(InterceptingExecutableInvoker.java:86)
	at org.junit.jupiter.engine.descriptor.TestMethodTestDescriptor.lambda$invokeTestMethod$7(TestMethodTestDescriptor.java:218)
	at org.junit.platform.engine.support.hierarchical.ThrowableCollector.execute(ThrowableCollector.java:73)
	at org.junit.jupiter.engine.descriptor.TestMethodTestDescriptor.invokeTestMethod(TestMethodTestDescriptor.java:214)
	at org.junit.jupiter.engine.descriptor.TestMethodTestDescriptor.execute(TestMethodTestDescriptor.java:139)
	at org.junit.jupiter.engine.descriptor.TestMethodTestDescriptor.execute(TestMethodTestDescriptor.java:69)
	at org.junit.platform.engine.support.hierarchical.NodeTestTask.lambda$executeRecursively$6(NodeTestTask.java:156)
	at org.junit.platform.engine.support.hierarchical.ThrowableCollector.execute(ThrowableCollector.java:73)
	at org.junit.platform.engine.support.hierarchical.NodeTestTask.lambda$executeRecursively$8(NodeTestTask.java:146)
	at org.junit.platform.engine.support.hierarchical.Node.around(Node.java:137)
	at org.junit.platform.engine.support.hierarchical.NodeTestTask.lambda$executeRecursively$9(NodeTestTask.java:144)
	at org.junit.platform.engine.support.hierarchical.ThrowableCollector.execute(ThrowableCollector.java:73)
	at org.junit.platform.engine.support.hierarchical.NodeTestTask.executeRecursively(NodeTestTask.java:143)
	at org.junit.platform.engine.support.hierarchical.NodeTestTask.execute(NodeTestTask.java:100)
	at java.base/java.util.ArrayList.forEach(ArrayList.java:1596)
	at org.junit.platform.engine.support.hierarchical.SameThreadHierarchicalTestExecutorService.invokeAll(SameThreadHierarchicalTestExecutorService.java:41)
	at org.junit.platform.engine.support.hierarchical.NodeTestTask.lambda$executeRecursively$6(NodeTestTask.java:160)
	at org.junit.platform.engine.support.hierarchical.ThrowableCollector.execute(ThrowableCollector.java:73)
	at org.junit.platform.engine.support.hierarchical.NodeTestTask.lambda$executeRecursively$8(NodeTestTask.java:146)
	at org.junit.platform.engine.support.hierarchical.Node.around(Node.java:137)
	at org.junit.platform.engine.support.hierarchical.NodeTestTask.lambda$executeRecursively$9(NodeTestTask.java:144)
	at org.junit.platform.engine.support.hierarchical.ThrowableCollector.execute(ThrowableCollector.java:73)
	at org.junit.platform.engine.support.hierarchical.NodeTestTask.executeRecursively(NodeTestTask.java:143)
	at org.junit.platform.engine.support.hierarchical.NodeTestTask.execute(NodeTestTask.java:100)
	at java.base/java.util.ArrayList.forEach(ArrayList.java:1596)
	at org.junit.platform.engine.support.hierarchical.SameThreadHierarchicalTestExecutorService.invokeAll(SameThreadHierarchicalTestExecutorService.java:41)
	at org.junit.platform.engine.support.hierarchical.NodeTestTask.lambda$executeRecursively$6(NodeTestTask.java:160)
	at org.junit.platform.engine.support.hierarchical.ThrowableCollector.execute(ThrowableCollector.java:73)
	at org.junit.platform.engine.support.hierarchical.NodeTestTask.lambda$executeRecursively$8(NodeTestTask.java:146)
	at org.junit.platform.engine.support.hierarchical.Node.around(Node.java:137)
	at org.junit.platform.engine.support.hierarchical.NodeTestTask.lambda$executeRecursively$9(NodeTestTask.java:144)
	at org.junit.platform.engine.support.hierarchical.ThrowableCollector.execute(ThrowableCollector.java:73)
	at org.junit.platform.engine.support.hierarchical.NodeTestTask.executeRecursively(NodeTestTask.java:143)
	at org.junit.platform.engine.support.hierarchical.NodeTestTask.execute(NodeTestTask.java:100)
	at org.junit.platform.engine.support.hierarchical.SameThreadHierarchicalTestExecutorService.submit(SameThreadHierarchicalTestExecutorService.java:35)
	at org.junit.platform.engine.support.hierarchical.HierarchicalTestExecutor.execute(HierarchicalTestExecutor.java:57)
	at org.junit.platform.engine.support.hierarchical.HierarchicalTestEngine.execute(HierarchicalTestEngine.java:54)
	at org.junit.platform.launcher.core.EngineExecutionOrchestrator.execute(EngineExecutionOrchestrator.java:198)
	at org.junit.platform.launcher.core.EngineExecutionOrchestrator.execute(EngineExecutionOrchestrator.java:169)
	at org.junit.platform.launcher.core.EngineExecutionOrchestrator.execute(EngineExecutionOrchestrator.java:93)
	at org.junit.platform.launcher.core.EngineExecutionOrchestrator.lambda$execute$0(EngineExecutionOrchestrator.java:58)
	at org.junit.platform.launcher.core.EngineExecutionOrchestrator.withInterceptedStreams(EngineExecutionOrchestrator.java:141)
	at org.junit.platform.launcher.core.EngineExecutionOrchestrator.execute(EngineExecutionOrchestrator.java:57)
	at org.junit.platform.launcher.core.DefaultLauncher.execute(DefaultLauncher.java:103)
	at org.junit.platform.launcher.core.DefaultLauncher.execute(DefaultLauncher.java:85)
	at org.junit.platform.launcher.core.DelegatingLauncher.execute(DelegatingLauncher.java:47)
	at org.apache.maven.surefire.junitplatform.LazyLauncher.execute(LazyLauncher.java:56)
	at org.apache.maven.surefire.junitplatform.JUnitPlatformProvider.execute(JUnitPlatformProvider.java:184)
	at org.apache.maven.surefire.junitplatform.JUnitPlatformProvider.invokeAllTests(JUnitPlatformProvider.java:148)
	at org.apache.maven.surefire.junitplatform.JUnitPlatformProvider.invoke(JUnitPlatformProvider.java:122)
	at org.apache.maven.surefire.booter.ForkedBooter.runSuitesInProcess(ForkedBooter.java:385)
	at org.apache.maven.surefire.booter.ForkedBooter.execute(ForkedBooter.java:162)
	at org.apache.maven.surefire.booter.ForkedBooter.run(ForkedBooter.java:507)
	at org.apache.maven.surefire.booter.ForkedBooter.main(ForkedBooter.java:495)
10:09:34.195 [main] WARN com.lrenyi.template.flow.exception.DefaultFlowExceptionHandler -- Flow寮傚父 [jobId=j, phase=UNKNOWN]
java.lang.RuntimeException: test setDefaultHandler null
	at com.lrenyi.template.flow.exception.FlowExceptionHelperTest.lambda$setDefaultHandlerNullIgnored$5(FlowExceptionHelperTest.java:89)
	at org.junit.jupiter.api.AssertDoesNotThrow.assertDoesNotThrow(AssertDoesNotThrow.java:49)
	at org.junit.jupiter.api.AssertDoesNotThrow.assertDoesNotThrow(AssertDoesNotThrow.java:36)
	at org.junit.jupiter.api.Assertions.assertDoesNotThrow(Assertions.java:3168)
	at com.lrenyi.template.flow.exception.FlowExceptionHelperTest.setDefaultHandlerNullIgnored(FlowExceptionHelperTest.java:89)
	at java.base/jdk.internal.reflect.DirectMethodHandleAccessor.invoke(DirectMethodHandleAccessor.java:103)
	at java.base/java.lang.reflect.Method.invoke(Method.java:580)
	at org.junit.platform.commons.util.ReflectionUtils.invokeMethod(ReflectionUtils.java:728)
	at org.junit.jupiter.engine.execution.MethodInvocation.proceed(MethodInvocation.java:60)
	at org.junit.jupiter.engine.execution.InvocationInterceptorChain$ValidatingInvocation.proceed(InvocationInterceptorChain.java:131)
	at org.junit.jupiter.engine.extension.TimeoutExtension.intercept(TimeoutExtension.java:156)
	at org.junit.jupiter.engine.extension.TimeoutExtension.interceptTestableMethod(TimeoutExtension.java:147)
	at org.junit.jupiter.engine.extension.TimeoutExtension.interceptTestMethod(TimeoutExtension.java:86)
	at org.junit.jupiter.engine.execution.InterceptingExecutableInvoker$ReflectiveInterceptorCall.lambda$ofVoidMethod$0(InterceptingExecutableInvoker.java:103)
	at org.junit.jupiter.engine.execution.InterceptingExecutableInvoker.lambda$invoke$0(InterceptingExecutableInvoker.java:93)
	at org.junit.jupiter.engine.execution.InvocationInterceptorChain$InterceptedInvocation.proceed(InvocationInterceptorChain.java:106)
	at org.junit.jupiter.engine.execution.InvocationInterceptorChain.proceed(InvocationInterceptorChain.java:64)
	at org.junit.jupiter.engine.execution.InvocationInterceptorChain.chainAndInvoke(InvocationInterceptorChain.java:45)
	at org.junit.jupiter.engine.execution.InvocationInterceptorChain.invoke(InvocationInterceptorChain.java:37)
	at org.junit.jupiter.engine.execution.InterceptingExecutableInvoker.invoke(InterceptingExecutableInvoker.java:92)
	at org.junit.jupiter.engine.execution.InterceptingExecutableInvoker.invoke(InterceptingExecutableInvoker.java:86)
	at org.junit.jupiter.engine.descriptor.TestMethodTestDescriptor.lambda$invokeTestMethod$7(TestMethodTestDescriptor.java:218)
	at org.junit.platform.engine.support.hierarchical.ThrowableCollector.execute(ThrowableCollector.java:73)
	at org.junit.jupiter.engine.descriptor.TestMethodTestDescriptor.invokeTestMethod(TestMethodTestDescriptor.java:214)
	at org.junit.jupiter.engine.descriptor.TestMethodTestDescriptor.execute(TestMethodTestDescriptor.java:139)
	at org.junit.jupiter.engine.descriptor.TestMethodTestDescriptor.execute(TestMethodTestDescriptor.java:69)
	at org.junit.platform.engine.support.hierarchical.NodeTestTask.lambda$executeRecursively$6(NodeTestTask.java:156)
	at org.junit.platform.engine.support.hierarchical.ThrowableCollector.execute(ThrowableCollector.java:73)
	at org.junit.platform.engine.support.hierarchical.NodeTestTask.lambda$executeRecursively$8(NodeTestTask.java:146)
	at org.junit.platform.engine.support.hierarchical.Node.around(Node.java:137)
	at org.junit.platform.engine.support.hierarchical.NodeTestTask.lambda$executeRecursively$9(NodeTestTask.java:144)
	at org.junit.platform.engine.support.hierarchical.ThrowableCollector.execute(ThrowableCollector.java:73)
	at org.junit.platform.engine.support.hierarchical.NodeTestTask.executeRecursively(NodeTestTask.java:143)
	at org.junit.platform.engine.support.hierarchical.NodeTestTask.execute(NodeTestTask.java:100)
	at java.base/java.util.ArrayList.forEach(ArrayList.java:1596)
	at org.junit.platform.engine.support.hierarchical.SameThreadHierarchicalTestExecutorService.invokeAll(SameThreadHierarchicalTestExecutorService.java:41)
	at org.junit.platform.engine.support.hierarchical.NodeTestTask.lambda$executeRecursively$6(NodeTestTask.java:160)
	at org.junit.platform.engine.support.hierarchical.ThrowableCollector.execute(ThrowableCollector.java:73)
	at org.junit.platform.engine.support.hierarchical.NodeTestTask.lambda$executeRecursively$8(NodeTestTask.java:146)
	at org.junit.platform.engine.support.hierarchical.Node.around(Node.java:137)
	at org.junit.platform.engine.support.hierarchical.NodeTestTask.lambda$executeRecursively$9(NodeTestTask.java:144)
	at org.junit.platform.engine.support.hierarchical.ThrowableCollector.execute(ThrowableCollector.java:73)
	at org.junit.platform.engine.support.hierarchical.NodeTestTask.executeRecursively(NodeTestTask.java:143)
	at org.junit.platform.engine.support.hierarchical.NodeTestTask.execute(NodeTestTask.java:100)
	at java.base/java.util.ArrayList.forEach(ArrayList.java:1596)
	at org.junit.platform.engine.support.hierarchical.SameThreadHierarchicalTestExecutorService.invokeAll(SameThreadHierarchicalTestExecutorService.java:41)
	at org.junit.platform.engine.support.hierarchical.NodeTestTask.lambda$executeRecursively$6(NodeTestTask.java:160)
	at org.junit.platform.engine.support.hierarchical.ThrowableCollector.execute(ThrowableCollector.java:73)
	at org.junit.platform.engine.support.hierarchical.NodeTestTask.lambda$executeRecursively$8(NodeTestTask.java:146)
	at org.junit.platform.engine.support.hierarchical.Node.around(Node.java:137)
	at org.junit.platform.engine.support.hierarchical.NodeTestTask.lambda$executeRecursively$9(NodeTestTask.java:144)
	at org.junit.platform.engine.support.hierarchical.ThrowableCollector.execute(ThrowableCollector.java:73)
	at org.junit.platform.engine.support.hierarchical.NodeTestTask.executeRecursively(NodeTestTask.java:143)
	at org.junit.platform.engine.support.hierarchical.NodeTestTask.execute(NodeTestTask.java:100)
	at org.junit.platform.engine.support.hierarchical.SameThreadHierarchicalTestExecutorService.submit(SameThreadHierarchicalTestExecutorService.java:35)
	at org.junit.platform.engine.support.hierarchical.HierarchicalTestExecutor.execute(HierarchicalTestExecutor.java:57)
	at org.junit.platform.engine.support.hierarchical.HierarchicalTestEngine.execute(HierarchicalTestEngine.java:54)
	at org.junit.platform.launcher.core.EngineExecutionOrchestrator.execute(EngineExecutionOrchestrator.java:198)
	at org.junit.platform.launcher.core.EngineExecutionOrchestrator.execute(EngineExecutionOrchestrator.java:169)
	at org.junit.platform.launcher.core.EngineExecutionOrchestrator.execute(EngineExecutionOrchestrator.java:93)
	at org.junit.platform.launcher.core.EngineExecutionOrchestrator.lambda$execute$0(EngineExecutionOrchestrator.java:58)
	at org.junit.platform.launcher.core.EngineExecutionOrchestrator.withInterceptedStreams(EngineExecutionOrchestrator.java:141)
	at org.junit.platform.launcher.core.EngineExecutionOrchestrator.execute(EngineExecutionOrchestrator.java:57)
	at org.junit.platform.launcher.core.DefaultLauncher.execute(DefaultLauncher.java:103)
	at org.junit.platform.launcher.core.DefaultLauncher.execute(DefaultLauncher.java:85)
	at org.junit.platform.launcher.core.DelegatingLauncher.execute(DelegatingLauncher.java:47)
	at org.apache.maven.surefire.junitplatform.LazyLauncher.execute(LazyLauncher.java:56)
	at org.apache.maven.surefire.junitplatform.JUnitPlatformProvider.execute(JUnitPlatformProvider.java:184)
	at org.apache.maven.surefire.junitplatform.JUnitPlatformProvider.invokeAllTests(JUnitPlatformProvider.java:148)
	at org.apache.maven.surefire.junitplatform.JUnitPlatformProvider.invoke(JUnitPlatformProvider.java:122)
	at org.apache.maven.surefire.booter.ForkedBooter.runSuitesInProcess(ForkedBooter.java:385)
	at org.apache.maven.surefire.booter.ForkedBooter.execute(ForkedBooter.java:162)
	at org.apache.maven.surefire.booter.ForkedBooter.run(ForkedBooter.java:507)
	at org.apache.maven.surefire.booter.ForkedBooter.main(ForkedBooter.java:495)
10:09:34.197 [main] WARN com.lrenyi.template.flow.exception.DefaultFlowExceptionHandler -- Flow寮傚父 [jobId=j, phase=UNKNOWN]
java.lang.RuntimeException: test setDefaultHandler null
	at com.lrenyi.template.flow.exception.FlowExceptionHelperTest.lambda$setDefaultHandlerNullIgnored$5(FlowExceptionHelperTest.java:89)
	at org.junit.jupiter.api.AssertDoesNotThrow.assertDoesNotThrow(AssertDoesNotThrow.java:49)
	at org.junit.jupiter.api.AssertDoesNotThrow.assertDoesNotThrow(AssertDoesNotThrow.java:36)
	at org.junit.jupiter.api.Assertions.assertDoesNotThrow(Assertions.java:3168)
	at com.lrenyi.template.flow.exception.FlowExceptionHelperTest.setDefaultHandlerNullIgnored(FlowExceptionHelperTest.java:89)
	at java.base/jdk.internal.reflect.DirectMethodHandleAccessor.invoke(DirectMethodHandleAccessor.java:103)
	at java.base/java.lang.reflect.Method.invoke(Method.java:580)
	at org.junit.platform.commons.util.ReflectionUtils.invokeMethod(ReflectionUtils.java:728)
	at org.junit.jupiter.engine.execution.MethodInvocation.proceed(MethodInvocation.java:60)
	at org.junit.jupiter.engine.execution.InvocationInterceptorChain$ValidatingInvocation.proceed(InvocationInterceptorChain.java:131)
	at org.junit.jupiter.engine.extension.TimeoutExtension.intercept(TimeoutExtension.java:156)
	at org.junit.jupiter.engine.extension.TimeoutExtension.interceptTestableMethod(TimeoutExtension.java:147)
	at org.junit.jupiter.engine.extension.TimeoutExtension.interceptTestMethod(TimeoutExtension.java:86)
	at org.junit.jupiter.engine.execution.InterceptingExecutableInvoker$ReflectiveInterceptorCall.lambda$ofVoidMethod$0(InterceptingExecutableInvoker.java:103)
	at org.junit.jupiter.engine.execution.InterceptingExecutableInvoker.lambda$invoke$0(InterceptingExecutableInvoker.java:93)
	at org.junit.jupiter.engine.execution.InvocationInterceptorChain$InterceptedInvocation.proceed(InvocationInterceptorChain.java:106)
	at org.junit.jupiter.engine.execution.InvocationInterceptorChain.proceed(InvocationInterceptorChain.java:64)
	at org.junit.jupiter.engine.execution.InvocationInterceptorChain.chainAndInvoke(InvocationInterceptorChain.java:45)
	at org.junit.jupiter.engine.execution.InvocationInterceptorChain.invoke(InvocationInterceptorChain.java:37)
	at org.junit.jupiter.engine.execution.InterceptingExecutableInvoker.invoke(InterceptingExecutableInvoker.java:92)
	at org.junit.jupiter.engine.execution.InterceptingExecutableInvoker.invoke(InterceptingExecutableInvoker.java:86)
	at org.junit.jupiter.engine.descriptor.TestMethodTestDescriptor.lambda$invokeTestMethod$7(TestMethodTestDescriptor.java:218)
	at org.junit.platform.engine.support.hierarchical.ThrowableCollector.execute(ThrowableCollector.java:73)
	at org.junit.jupiter.engine.descriptor.TestMethodTestDescriptor.invokeTestMethod(TestMethodTestDescriptor.java:214)
	at org.junit.jupiter.engine.descriptor.TestMethodTestDescriptor.execute(TestMethodTestDescriptor.java:139)
	at org.junit.jupiter.engine.descriptor.TestMethodTestDescriptor.execute(TestMethodTestDescriptor.java:69)
	at org.junit.platform.engine.support.hierarchical.NodeTestTask.lambda$executeRecursively$6(NodeTestTask.java:156)
	at org.junit.platform.engine.support.hierarchical.ThrowableCollector.execute(ThrowableCollector.java:73)
	at org.junit.platform.engine.support.hierarchical.NodeTestTask.lambda$executeRecursively$8(NodeTestTask.java:146)
	at org.junit.platform.engine.support.hierarchical.Node.around(Node.java:137)
	at org.junit.platform.engine.support.hierarchical.NodeTestTask.lambda$executeRecursively$9(NodeTestTask.java:144)
	at org.junit.platform.engine.support.hierarchical.ThrowableCollector.execute(ThrowableCollector.java:73)
	at org.junit.platform.engine.support.hierarchical.NodeTestTask.executeRecursively(NodeTestTask.java:143)
	at org.junit.platform.engine.support.hierarchical.NodeTestTask.execute(NodeTestTask.java:100)
	at java.base/java.util.ArrayList.forEach(ArrayList.java:1596)
	at org.junit.platform.engine.support.hierarchical.SameThreadHierarchicalTestExecutorService.invokeAll(SameThreadHierarchicalTestExecutorService.java:41)
	at org.junit.platform.engine.support.hierarchical.NodeTestTask.lambda$executeRecursively$6(NodeTestTask.java:160)
	at org.junit.platform.engine.support.hierarchical.ThrowableCollector.execute(ThrowableCollector.java:73)
	at org.junit.platform.engine.support.hierarchical.NodeTestTask.lambda$executeRecursively$8(NodeTestTask.java:146)
	at org.junit.platform.engine.support.hierarchical.Node.around(Node.java:137)
	at org.junit.platform.engine.support.hierarchical.NodeTestTask.lambda$executeRecursively$9(NodeTestTask.java:144)
	at org.junit.platform.engine.support.hierarchical.ThrowableCollector.execute(ThrowableCollector.java:73)
	at org.junit.platform.engine.support.hierarchical.NodeTestTask.executeRecursively(NodeTestTask.java:143)
	at org.junit.platform.engine.support.hierarchical.NodeTestTask.execute(NodeTestTask.java:100)
	at java.base/java.util.ArrayList.forEach(ArrayList.java:1596)
	at org.junit.platform.engine.support.hierarchical.SameThreadHierarchicalTestExecutorService.invokeAll(SameThreadHierarchicalTestExecutorService.java:41)
	at org.junit.platform.engine.support.hierarchical.NodeTestTask.lambda$executeRecursively$6(NodeTestTask.java:160)
	at org.junit.platform.engine.support.hierarchical.ThrowableCollector.execute(ThrowableCollector.java:73)
	at org.junit.platform.engine.support.hierarchical.NodeTestTask.lambda$executeRecursively$8(NodeTestTask.java:146)
	at org.junit.platform.engine.support.hierarchical.Node.around(Node.java:137)
	at org.junit.platform.engine.support.hierarchical.NodeTestTask.lambda$executeRecursively$9(NodeTestTask.java:144)
	at org.junit.platform.engine.support.hierarchical.ThrowableCollector.execute(ThrowableCollector.java:73)
	at org.junit.platform.engine.support.hierarchical.NodeTestTask.executeRecursively(NodeTestTask.java:143)
	at org.junit.platform.engine.support.hierarchical.NodeTestTask.execute(NodeTestTask.java:100)
	at org.junit.platform.engine.support.hierarchical.SameThreadHierarchicalTestExecutorService.submit(SameThreadHierarchicalTestExecutorService.java:35)
	at org.junit.platform.engine.support.hierarchical.HierarchicalTestExecutor.execute(HierarchicalTestExecutor.java:57)
	at org.junit.platform.engine.support.hierarchical.HierarchicalTestEngine.execute(HierarchicalTestEngine.java:54)
	at org.junit.platform.launcher.core.EngineExecutionOrchestrator.execute(EngineExecutionOrchestrator.java:198)
	at org.junit.platform.launcher.core.EngineExecutionOrchestrator.execute(EngineExecutionOrchestrator.java:169)
	at org.junit.platform.launcher.core.EngineExecutionOrchestrator.execute(EngineExecutionOrchestrator.java:93)
	at org.junit.platform.launcher.core.EngineExecutionOrchestrator.lambda$execute$0(EngineExecutionOrchestrator.java:58)
	at org.junit.platform.launcher.core.EngineExecutionOrchestrator.withInterceptedStreams(EngineExecutionOrchestrator.java:141)
	at org.junit.platform.launcher.core.EngineExecutionOrchestrator.execute(EngineExecutionOrchestrator.java:57)
	at org.junit.platform.launcher.core.DefaultLauncher.execute(DefaultLauncher.java:103)
	at org.junit.platform.launcher.core.DefaultLauncher.execute(DefaultLauncher.java:85)
	at org.junit.platform.launcher.core.DelegatingLauncher.execute(DelegatingLauncher.java:47)
	at org.apache.maven.surefire.junitplatform.LazyLauncher.execute(LazyLauncher.java:56)
	at org.apache.maven.surefire.junitplatform.JUnitPlatformProvider.execute(JUnitPlatformProvider.java:184)
	at org.apache.maven.surefire.junitplatform.JUnitPlatformProvider.invokeAllTests(JUnitPlatformProvider.java:148)
	at org.apache.maven.surefire.junitplatform.JUnitPlatformProvider.invoke(JUnitPlatformProvider.java:122)
	at org.apache.maven.surefire.booter.ForkedBooter.runSuitesInProcess(ForkedBooter.java:385)
	at org.apache.maven.surefire.booter.ForkedBooter.execute(ForkedBooter.java:162)
	at org.apache.maven.surefire.booter.ForkedBooter.run(ForkedBooter.java:507)
	at org.apache.maven.surefire.booter.ForkedBooter.main(ForkedBooter.java:495)
10:09:34.201 [main] ERROR com.lrenyi.template.flow.exception.DefaultFlowExceptionHandler -- Flow寮傚父 [jobId=job1, entryId=e1, phase=STORAGE]
java.lang.RuntimeException: test delegatesToContext
	at com.lrenyi.template.flow.exception.FlowExceptionHelperTest.handleExceptionWithParamsDelegatesToContext(FlowExceptionHelperTest.java:42)
	at java.base/jdk.internal.reflect.DirectMethodHandleAccessor.invoke(DirectMethodHandleAccessor.java:103)
	at java.base/java.lang.reflect.Method.invoke(Method.java:580)
	at org.junit.platform.commons.util.ReflectionUtils.invokeMethod(ReflectionUtils.java:728)
	at org.junit.jupiter.engine.execution.MethodInvocation.proceed(MethodInvocation.java:60)
	at org.junit.jupiter.engine.execution.InvocationInterceptorChain$ValidatingInvocation.proceed(InvocationInterceptorChain.java:131)
	at org.junit.jupiter.engine.extension.TimeoutExtension.intercept(TimeoutExtension.java:156)
	at org.junit.jupiter.engine.extension.TimeoutExtension.interceptTestableMethod(TimeoutExtension.java:147)
	at org.junit.jupiter.engine.extension.TimeoutExtension.interceptTestMethod(TimeoutExtension.java:86)
	at org.junit.jupiter.engine.execution.InterceptingExecutableInvoker$ReflectiveInterceptorCall.lambda$ofVoidMethod$0(InterceptingExecutableInvoker.java:103)
	at org.junit.jupiter.engine.execution.InterceptingExecutableInvoker.lambda$invoke$0(InterceptingExecutableInvoker.java:93)
	at org.junit.jupiter.engine.execution.InvocationInterceptorChain$InterceptedInvocation.proceed(InvocationInterceptorChain.java:106)
	at org.junit.jupiter.engine.execution.InvocationInterceptorChain.proceed(InvocationInterceptorChain.java:64)
	at org.junit.jupiter.engine.execution.InvocationInterceptorChain.chainAndInvoke(InvocationInterceptorChain.java:45)
	at org.junit.jupiter.engine.execution.InvocationInterceptorChain.invoke(InvocationInterceptorChain.java:37)
	at org.junit.jupiter.engine.execution.InterceptingExecutableInvoker.invoke(InterceptingExecutableInvoker.java:92)
	at org.junit.jupiter.engine.execution.InterceptingExecutableInvoker.invoke(InterceptingExecutableInvoker.java:86)
	at org.junit.jupiter.engine.descriptor.TestMethodTestDescriptor.lambda$invokeTestMethod$7(TestMethodTestDescriptor.java:218)
	at org.junit.platform.engine.support.hierarchical.ThrowableCollector.execute(ThrowableCollector.java:73)
	at org.junit.jupiter.engine.descriptor.TestMethodTestDescriptor.invokeTestMethod(TestMethodTestDescriptor.java:214)
	at org.junit.jupiter.engine.descriptor.TestMethodTestDescriptor.execute(TestMethodTestDescriptor.java:139)
	at org.junit.jupiter.engine.descriptor.TestMethodTestDescriptor.execute(TestMethodTestDescriptor.java:69)
	at org.junit.platform.engine.support.hierarchical.NodeTestTask.lambda$executeRecursively$6(NodeTestTask.java:156)
	at org.junit.platform.engine.support.hierarchical.ThrowableCollector.execute(ThrowableCollector.java:73)
	at org.junit.platform.engine.support.hierarchical.NodeTestTask.lambda$executeRecursively$8(NodeTestTask.java:146)
	at org.junit.platform.engine.support.hierarchical.Node.around(Node.java:137)
	at org.junit.platform.engine.support.hierarchical.NodeTestTask.lambda$executeRecursively$9(NodeTestTask.java:144)
	at org.junit.platform.engine.support.hierarchical.ThrowableCollector.execute(ThrowableCollector.java:73)
	at org.junit.platform.engine.support.hierarchical.NodeTestTask.executeRecursively(NodeTestTask.java:143)
	at org.junit.platform.engine.support.hierarchical.NodeTestTask.execute(NodeTestTask.java:100)
	at java.base/java.util.ArrayList.forEach(ArrayList.java:1596)
	at org.junit.platform.engine.support.hierarchical.SameThreadHierarchicalTestExecutorService.invokeAll(SameThreadHierarchicalTestExecutorService.java:41)
	at org.junit.platform.engine.support.hierarchical.NodeTestTask.lambda$executeRecursively$6(NodeTestTask.java:160)
	at org.junit.platform.engine.support.hierarchical.ThrowableCollector.execute(ThrowableCollector.java:73)
	at org.junit.platform.engine.support.hierarchical.NodeTestTask.lambda$executeRecursively$8(NodeTestTask.java:146)
	at org.junit.platform.engine.support.hierarchical.Node.around(Node.java:137)
	at org.junit.platform.engine.support.hierarchical.NodeTestTask.lambda$executeRecursively$9(NodeTestTask.java:144)
	at org.junit.platform.engine.support.hierarchical.ThrowableCollector.execute(ThrowableCollector.java:73)
	at org.junit.platform.engine.support.hierarchical.NodeTestTask.executeRecursively(NodeTestTask.java:143)
	at org.junit.platform.engine.support.hierarchical.NodeTestTask.execute(NodeTestTask.java:100)
	at java.base/java.util.ArrayList.forEach(ArrayList.java:1596)
	at org.junit.platform.engine.support.hierarchical.SameThreadHierarchicalTestExecutorService.invokeAll(SameThreadHierarchicalTestExecutorService.java:41)
	at org.junit.platform.engine.support.hierarchical.NodeTestTask.lambda$executeRecursively$6(NodeTestTask.java:160)
	at org.junit.platform.engine.support.hierarchical.ThrowableCollector.execute(ThrowableCollector.java:73)
	at org.junit.platform.engine.support.hierarchical.NodeTestTask.lambda$executeRecursively$8(NodeTestTask.java:146)
	at org.junit.platform.engine.support.hierarchical.Node.around(Node.java:137)
	at org.junit.platform.engine.support.hierarchical.NodeTestTask.lambda$executeRecursively$9(NodeTestTask.java:144)
	at org.junit.platform.engine.support.hierarchical.ThrowableCollector.execute(ThrowableCollector.java:73)
	at org.junit.platform.engine.support.hierarchical.NodeTestTask.executeRecursively(NodeTestTask.java:143)
	at org.junit.platform.engine.support.hierarchical.NodeTestTask.execute(NodeTestTask.java:100)
	at org.junit.platform.engine.support.hierarchical.SameThreadHierarchicalTestExecutorService.submit(SameThreadHierarchicalTestExecutorService.java:35)
	at org.junit.platform.engine.support.hierarchical.HierarchicalTestExecutor.execute(HierarchicalTestExecutor.java:57)
	at org.junit.platform.engine.support.hierarchical.HierarchicalTestEngine.execute(HierarchicalTestEngine.java:54)
	at org.junit.platform.launcher.core.EngineExecutionOrchestrator.execute(EngineExecutionOrchestrator.java:198)
	at org.junit.platform.launcher.core.EngineExecutionOrchestrator.execute(EngineExecutionOrchestrator.java:169)
	at org.junit.platform.launcher.core.EngineExecutionOrchestrator.execute(EngineExecutionOrchestrator.java:93)
	at org.junit.platform.launcher.core.EngineExecutionOrchestrator.lambda$execute$0(EngineExecutionOrchestrator.java:58)
	at org.junit.platform.launcher.core.EngineExecutionOrchestrator.withInterceptedStreams(EngineExecutionOrchestrator.java:141)
	at org.junit.platform.launcher.core.EngineExecutionOrchestrator.execute(EngineExecutionOrchestrator.java:57)
	at org.junit.platform.launcher.core.DefaultLauncher.execute(DefaultLauncher.java:103)
	at org.junit.platform.launcher.core.DefaultLauncher.execute(DefaultLauncher.java:85)
	at org.junit.platform.launcher.core.DelegatingLauncher.execute(DelegatingLauncher.java:47)
	at org.apache.maven.surefire.junitplatform.LazyLauncher.execute(LazyLauncher.java:56)
	at org.apache.maven.surefire.junitplatform.JUnitPlatformProvider.execute(JUnitPlatformProvider.java:184)
	at org.apache.maven.surefire.junitplatform.JUnitPlatformProvider.invokeAllTests(JUnitPlatformProvider.java:148)
	at org.apache.maven.surefire.junitplatform.JUnitPlatformProvider.invoke(JUnitPlatformProvider.java:122)
	at org.apache.maven.surefire.booter.ForkedBooter.runSuitesInProcess(ForkedBooter.java:385)
	at org.apache.maven.surefire.booter.ForkedBooter.execute(ForkedBooter.java:162)
	at org.apache.maven.surefire.booter.ForkedBooter.run(ForkedBooter.java:507)
	at org.apache.maven.surefire.booter.ForkedBooter.main(ForkedBooter.java:495)
10:09:34.204 [main] WARN com.lrenyi.template.flow.exception.DefaultFlowExceptionHandler -- Flow寮傚父 [jobId=j, phase=UNKNOWN]
java.lang.RuntimeException: test setDefaultHandler adds
	at com.lrenyi.template.flow.exception.FlowExceptionHelperTest.setDefaultHandlerNewHandlerNotInListAddsIt(FlowExceptionHelperTest.java:105)
	at java.base/jdk.internal.reflect.DirectMethodHandleAccessor.invoke(DirectMethodHandleAccessor.java:103)
	at java.base/java.lang.reflect.Method.invoke(Method.java:580)
	at org.junit.platform.commons.util.ReflectionUtils.invokeMethod(ReflectionUtils.java:728)
	at org.junit.jupiter.engine.execution.MethodInvocation.proceed(MethodInvocation.java:60)
	at org.junit.jupiter.engine.execution.InvocationInterceptorChain$ValidatingInvocation.proceed(InvocationInterceptorChain.java:131)
	at org.junit.jupiter.engine.extension.TimeoutExtension.intercept(TimeoutExtension.java:156)
	at org.junit.jupiter.engine.extension.TimeoutExtension.interceptTestableMethod(TimeoutExtension.java:147)
	at org.junit.jupiter.engine.extension.TimeoutExtension.interceptTestMethod(TimeoutExtension.java:86)
	at org.junit.jupiter.engine.execution.InterceptingExecutableInvoker$ReflectiveInterceptorCall.lambda$ofVoidMethod$0(InterceptingExecutableInvoker.java:103)
	at org.junit.jupiter.engine.execution.InterceptingExecutableInvoker.lambda$invoke$0(InterceptingExecutableInvoker.java:93)
	at org.junit.jupiter.engine.execution.InvocationInterceptorChain$InterceptedInvocation.proceed(InvocationInterceptorChain.java:106)
	at org.junit.jupiter.engine.execution.InvocationInterceptorChain.proceed(InvocationInterceptorChain.java:64)
	at org.junit.jupiter.engine.execution.InvocationInterceptorChain.chainAndInvoke(InvocationInterceptorChain.java:45)
	at org.junit.jupiter.engine.execution.InvocationInterceptorChain.invoke(InvocationInterceptorChain.java:37)
	at org.junit.jupiter.engine.execution.InterceptingExecutableInvoker.invoke(InterceptingExecutableInvoker.java:92)
	at org.junit.jupiter.engine.execution.InterceptingExecutableInvoker.invoke(InterceptingExecutableInvoker.java:86)
	at org.junit.jupiter.engine.descriptor.TestMethodTestDescriptor.lambda$invokeTestMethod$7(TestMethodTestDescriptor.java:218)
	at org.junit.platform.engine.support.hierarchical.ThrowableCollector.execute(ThrowableCollector.java:73)
	at org.junit.jupiter.engine.descriptor.TestMethodTestDescriptor.invokeTestMethod(TestMethodTestDescriptor.java:214)
	at org.junit.jupiter.engine.descriptor.TestMethodTestDescriptor.execute(TestMethodTestDescriptor.java:139)
	at org.junit.jupiter.engine.descriptor.TestMethodTestDescriptor.execute(TestMethodTestDescriptor.java:69)
	at org.junit.platform.engine.support.hierarchical.NodeTestTask.lambda$executeRecursively$6(NodeTestTask.java:156)
	at org.junit.platform.engine.support.hierarchical.ThrowableCollector.execute(ThrowableCollector.java:73)
	at org.junit.platform.engine.support.hierarchical.NodeTestTask.lambda$executeRecursively$8(NodeTestTask.java:146)
	at org.junit.platform.engine.support.hierarchical.Node.around(Node.java:137)
	at org.junit.platform.engine.support.hierarchical.NodeTestTask.lambda$executeRecursively$9(NodeTestTask.java:144)
	at org.junit.platform.engine.support.hierarchical.ThrowableCollector.execute(ThrowableCollector.java:73)
	at org.junit.platform.engine.support.hierarchical.NodeTestTask.executeRecursively(NodeTestTask.java:143)
	at org.junit.platform.engine.support.hierarchical.NodeTestTask.execute(NodeTestTask.java:100)
	at java.base/java.util.ArrayList.forEach(ArrayList.java:1596)
	at org.junit.platform.engine.support.hierarchical.SameThreadHierarchicalTestExecutorService.invokeAll(SameThreadHierarchicalTestExecutorService.java:41)
	at org.junit.platform.engine.support.hierarchical.NodeTestTask.lambda$executeRecursively$6(NodeTestTask.java:160)
	at org.junit.platform.engine.support.hierarchical.ThrowableCollector.execute(ThrowableCollector.java:73)
	at org.junit.platform.engine.support.hierarchical.NodeTestTask.lambda$executeRecursively$8(NodeTestTask.java:146)
	at org.junit.platform.engine.support.hierarchical.Node.around(Node.java:137)
	at org.junit.platform.engine.support.hierarchical.NodeTestTask.lambda$executeRecursively$9(NodeTestTask.java:144)
	at org.junit.platform.engine.support.hierarchical.ThrowableCollector.execute(ThrowableCollector.java:73)
	at org.junit.platform.engine.support.hierarchical.NodeTestTask.executeRecursively(NodeTestTask.java:143)
	at org.junit.platform.engine.support.hierarchical.NodeTestTask.execute(NodeTestTask.java:100)
	at java.base/java.util.ArrayList.forEach(ArrayList.java:1596)
	at org.junit.platform.engine.support.hierarchical.SameThreadHierarchicalTestExecutorService.invokeAll(SameThreadHierarchicalTestExecutorService.java:41)
	at org.junit.platform.engine.support.hierarchical.NodeTestTask.lambda$executeRecursively$6(NodeTestTask.java:160)
	at org.junit.platform.engine.support.hierarchical.ThrowableCollector.execute(ThrowableCollector.java:73)
	at org.junit.platform.engine.support.hierarchical.NodeTestTask.lambda$executeRecursively$8(NodeTestTask.java:146)
	at org.junit.platform.engine.support.hierarchical.Node.around(Node.java:137)
	at org.junit.platform.engine.support.hierarchical.NodeTestTask.lambda$executeRecursively$9(NodeTestTask.java:144)
	at org.junit.platform.engine.support.hierarchical.ThrowableCollector.execute(ThrowableCollector.java:73)
	at org.junit.platform.engine.support.hierarchical.NodeTestTask.executeRecursively(NodeTestTask.java:143)
	at org.junit.platform.engine.support.hierarchical.NodeTestTask.execute(NodeTestTask.java:100)
	at org.junit.platform.engine.support.hierarchical.SameThreadHierarchicalTestExecutorService.submit(SameThreadHierarchicalTestExecutorService.java:35)
	at org.junit.platform.engine.support.hierarchical.HierarchicalTestExecutor.execute(HierarchicalTestExecutor.java:57)
	at org.junit.platform.engine.support.hierarchical.HierarchicalTestEngine.execute(HierarchicalTestEngine.java:54)
	at org.junit.platform.launcher.core.EngineExecutionOrchestrator.execute(EngineExecutionOrchestrator.java:198)
	at org.junit.platform.launcher.core.EngineExecutionOrchestrator.execute(EngineExecutionOrchestrator.java:169)
	at org.junit.platform.launcher.core.EngineExecutionOrchestrator.execute(EngineExecutionOrchestrator.java:93)
	at org.junit.platform.launcher.core.EngineExecutionOrchestrator.lambda$execute$0(EngineExecutionOrchestrator.java:58)
	at org.junit.platform.launcher.core.EngineExecutionOrchestrator.withInterceptedStreams(EngineExecutionOrchestrator.java:141)
	at org.junit.platform.launcher.core.EngineExecutionOrchestrator.execute(EngineExecutionOrchestrator.java:57)
	at org.junit.platform.launcher.core.DefaultLauncher.execute(DefaultLauncher.java:103)
	at org.junit.platform.launcher.core.DefaultLauncher.execute(DefaultLauncher.java:85)
	at org.junit.platform.launcher.core.DelegatingLauncher.execute(DelegatingLauncher.java:47)
	at org.apache.maven.surefire.junitplatform.LazyLauncher.execute(LazyLauncher.java:56)
	at org.apache.maven.surefire.junitplatform.JUnitPlatformProvider.execute(JUnitPlatformProvider.java:184)
	at org.apache.maven.surefire.junitplatform.JUnitPlatformProvider.invokeAllTests(JUnitPlatformProvider.java:148)
	at org.apache.maven.surefire.junitplatform.JUnitPlatformProvider.invoke(JUnitPlatformProvider.java:122)
	at org.apache.maven.surefire.booter.ForkedBooter.runSuitesInProcess(ForkedBooter.java:385)
	at org.apache.maven.surefire.booter.ForkedBooter.execute(ForkedBooter.java:162)
	at org.apache.maven.surefire.booter.ForkedBooter.run(ForkedBooter.java:507)
	at org.apache.maven.surefire.booter.ForkedBooter.main(ForkedBooter.java:495)
[INFO] Tests run: 10, Failures: 0, Errors: 0, Skipped: 0, Time elapsed: 0.055 s -- in com.lrenyi.template.flow.exception.FlowExceptionHelperTest
[INFO] Running com.lrenyi.template.flow.FlowConstantsTest
[INFO] Tests run: 2, Failures: 0, Errors: 0, Skipped: 0, Time elapsed: 0.009 s -- in com.lrenyi.template.flow.FlowConstantsTest
[INFO] Running com.lrenyi.template.flow.health.FlowHealthTest
[INFO] Tests run: 7, Failures: 0, Errors: 0, Skipped: 0, Time elapsed: 0.019 s -- in com.lrenyi.template.flow.health.FlowHealthTest
[INFO] Running com.lrenyi.template.flow.internal.FlowFinalizerStrictPendingModeTest
10:09:34.289 [main] INFO com.lrenyi.template.flow.resource.FlowResourceRegistry -- FlowResourceRegistry 鍚姩锛氬叏灞€娑堣垂骞跺彂闄愬埗=0锛?=0 鏃剁鐢級
10:09:34.296 [main] INFO com.lrenyi.template.flow.resource.FlowResourceRegistry -- FlowResourceRegistry 鍒濆鍖栧畬鎴?
10:09:34.297 [main] INFO com.lrenyi.template.flow.manager.FlowManager -- FlowManager 鍚姩
10:09:34.341 [main] WARN com.lrenyi.template.flow.backpressure.dimension.InFlightConsumerDimension -- In-flight-consumer slot acquire timeout, jobId=job-nonstrict, timeoutMs=30000
10:09:34.376 [main] INFO com.lrenyi.template.flow.manager.FlowManager -- 绯荤粺鍏抽棴锛氭鍦ㄦ敞閿€鎵€鏈変换鍔?..
10:09:34.376 [main] INFO com.lrenyi.template.flow.manager.FlowManager -- 姝ｅ湪鍋滄鎵€鏈夎繍琛屼腑鐨勪换鍔★紝force=true
10:09:34.379 [main] INFO com.lrenyi.template.flow.resource.FlowResourceRegistry -- FlowResourceRegistry 鍏抽棴锛氭鍦ㄥ叧闂墍鏈夊叏灞€璧勬簮...
10:09:34.424 [flow-consumer-0] INFO com.lrenyi.template.flow.internal.DefaultProgressTracker -- Job completion pending, jobId=job-nonstrict, waitingSourceFinished=true, waitingStorageDrained=false, waitingConsumerReleased=false, waitingProductionReleased=false, waitingPendingConsumer=false, waitingInFlightPush=false, productionAcquired=0, productionReleased=0, terminated=1, inStorage=0, activeConsumers=0, inProduction=0, pendingConsumer=0, inFlightPush=0
10:09:34.425 [main] INFO com.lrenyi.template.flow.resource.FlowResourceRegistry -- FlowResourceRegistry 鍏抽棴瀹屾垚
10:09:34.428 [main] INFO com.lrenyi.template.flow.resource.FlowResourceRegistry -- FlowResourceRegistry 鍚姩锛氬叏灞€娑堣垂骞跺彂闄愬埗=0锛?=0 鏃剁鐢級
10:09:34.429 [main] INFO com.lrenyi.template.flow.resource.FlowResourceRegistry -- FlowResourceRegistry 鍒濆鍖栧畬鎴?
10:09:34.429 [main] INFO com.lrenyi.template.flow.manager.FlowManager -- FlowManager 鍚姩
10:09:34.431 [main] WARN com.lrenyi.template.flow.backpressure.dimension.InFlightConsumerDimension -- In-flight-consumer slot acquire timeout, jobId=job-strict, timeoutMs=30000
10:09:34.432 [main] INFO com.lrenyi.template.flow.internal.DefaultProgressTracker -- Job completion pending, jobId=job-strict, waitingSourceFinished=true, waitingStorageDrained=false, waitingConsumerReleased=false, waitingProductionReleased=false, waitingPendingConsumer=false, waitingInFlightPush=false, productionAcquired=0, productionReleased=0, terminated=1, inStorage=0, activeConsumers=0, inProduction=0, pendingConsumer=0, inFlightPush=0
10:09:34.432 [main] INFO com.lrenyi.template.flow.manager.FlowManager -- 绯荤粺鍏抽棴锛氭鍦ㄦ敞閿€鎵€鏈変换鍔?..
10:09:34.432 [main] INFO com.lrenyi.template.flow.manager.FlowManager -- 姝ｅ湪鍋滄鎵€鏈夎繍琛屼腑鐨勪换鍔★紝force=true
10:09:34.432 [main] INFO com.lrenyi.template.flow.resource.FlowResourceRegistry -- FlowResourceRegistry 鍏抽棴锛氭鍦ㄥ叧闂墍鏈夊叏灞€璧勬簮...
10:09:34.432 [main] INFO com.lrenyi.template.flow.resource.FlowResourceRegistry -- FlowResourceRegistry 鍏抽棴瀹屾垚
[INFO] Tests run: 2, Failures: 0, Errors: 0, Skipped: 0, Time elapsed: 0.193 s -- in com.lrenyi.template.flow.internal.FlowFinalizerStrictPendingModeTest
[INFO] Running com.lrenyi.template.flow.internal.MatchRetryCoordinatorTest
[ERROR] Tests run: 2, Failures: 1, Errors: 0, Skipped: 0, Time elapsed: 0.025 s <<< FAILURE! -- in com.lrenyi.template.flow.internal.MatchRetryCoordinatorTest
[ERROR] com.lrenyi.template.flow.internal.MatchRetryCoordinatorTest.tryConsumeRetryByReasonAndExhaust -- Time elapsed: 0.013 s <<< FAILURE!
org.opentest4j.AssertionFailedError: expected: <false> but was: <true>
	at org.junit.jupiter.api.AssertionFailureBuilder.build(AssertionFailureBuilder.java:151)
	at org.junit.jupiter.api.AssertionFailureBuilder.buildAndThrow(AssertionFailureBuilder.java:132)
	at org.junit.jupiter.api.AssertFalse.failNotFalse(AssertFalse.java:63)
	at org.junit.jupiter.api.AssertFalse.assertFalse(AssertFalse.java:36)
	at org.junit.jupiter.api.AssertFalse.assertFalse(AssertFalse.java:31)
	at org.junit.jupiter.api.Assertions.assertFalse(Assertions.java:231)
	at com.lrenyi.template.flow.internal.MatchRetryCoordinatorTest.tryConsumeRetryByReasonAndExhaust(MatchRetryCoordinatorTest.java:47)
	at java.base/java.lang.reflect.Method.invoke(Method.java:580)
	at java.base/java.util.ArrayList.forEach(ArrayList.java:1596)
	at java.base/java.util.ArrayList.forEach(ArrayList.java:1596)

[INFO] Running com.lrenyi.template.flow.internal.RetryHandlerTest
10:09:34.467 [main] WARN com.lrenyi.template.flow.internal.RetryHandler -- Retry failed and fallback to passive egress, jobId=job-a, reason=TIMEOUT, key=k
[INFO] Tests run: 4, Failures: 0, Errors: 0, Skipped: 0, Time elapsed: 0.014 s -- in com.lrenyi.template.flow.internal.RetryHandlerTest
[INFO] Running com.lrenyi.template.flow.it.FlowAndBackpressureMetricsIntegrationTest
[INFO] Running com.lrenyi.template.flow.it.FlowAndBackpressureMetricsIntegrationTest$BackpressureMetricNamesTests
10:09:34.491 [main] INFO com.lrenyi.template.flow.resource.FlowResourceRegistry -- FlowResourceRegistry 鍚姩锛氬叏灞€娑堣垂骞跺彂闄愬埗=333锛?=0 鏃剁鐢級
10:09:34.491 [main] INFO com.lrenyi.template.flow.resource.FlowResourceRegistry -- FlowResourceRegistry 鍒濆鍖栧畬鎴?
10:09:34.493 [main] INFO com.lrenyi.template.flow.manager.FlowManager -- FlowManager 鍚姩
10:09:34.522 [main] INFO com.lrenyi.template.flow.storage.FlowStorageFactoryLoader -- 鍏卞姞杞?2 涓瓨鍌ㄥ伐鍘?
10:09:34.543 [main] INFO com.lrenyi.template.flow.engine.FlowJoinerEngine -- 鎺ㄩ€佹ā寮忎换鍔″惎鍔? jobId=job-bp-inflight-cons, totalExpected=-1
10:09:34.550 [main] INFO com.lrenyi.template.flow.internal.DefaultProgressTracker -- Source marked finished, jobId=job-bp-inflight-cons, productionAcquired=1, productionReleased=0, terminated=0, inStorage=0, activeConsumers=0, inProduction=1, pendingConsumer=0, inFlightPush=0
10:09:34.551 [main] INFO com.lrenyi.template.flow.internal.DefaultProgressTracker -- Job completion pending, jobId=job-bp-inflight-cons, waitingSourceFinished=false, waitingStorageDrained=false, waitingConsumerReleased=false, waitingProductionReleased=true, waitingPendingConsumer=false, waitingInFlightPush=false, productionAcquired=1, productionReleased=0, terminated=0, inStorage=0, activeConsumers=0, inProduction=1, pendingConsumer=0, inFlightPush=0
10:09:34.551 [main] INFO com.lrenyi.template.flow.internal.FlowInletImpl -- Mark source finished declared, jobId=job-bp-inflight-cons, inFlightPush=0
10:09:34.555 [flow-consumer-0] INFO com.lrenyi.template.flow.internal.DefaultProgressTracker -- Job completion confirmed, jobId=job-bp-inflight-cons, sourceFinished=true, productionAcquired=1, productionReleased=1, terminated=1, inStorage=0, activeConsumers=0, inProduction=0, pendingConsumer=0, inFlightPush=0, stopped=false
10:09:34.556 [flow-consumer-0] INFO com.lrenyi.template.flow.manager.FlowManager -- Job [jobId=job-bp-inflight-cons] 宸蹭粠绠＄悊鍣ㄤ腑娉ㄩ攢
10:09:34.618 [main] INFO com.lrenyi.template.flow.manager.FlowManager -- 姝ｅ湪鍋滄鎵€鏈夎繍琛屼腑鐨勪换鍔★紝force=true
10:09:34.620 [main] INFO com.lrenyi.template.flow.manager.FlowManager -- 绯荤粺鍏抽棴锛氭鍦ㄦ敞閿€鎵€鏈変换鍔?..
10:09:34.620 [main] INFO com.lrenyi.template.flow.manager.FlowManager -- 姝ｅ湪鍋滄鎵€鏈夎繍琛屼腑鐨勪换鍔★紝force=true
10:09:34.620 [main] INFO com.lrenyi.template.flow.resource.FlowResourceRegistry -- FlowResourceRegistry 鍏抽棴锛氭鍦ㄥ叧闂墍鏈夊叏灞€璧勬簮...
10:09:34.620 [main] INFO com.lrenyi.template.flow.resource.FlowResourceRegistry -- FlowResourceRegistry 鍏抽棴瀹屾垚
10:09:34.621 [flow-eviction] INFO com.lrenyi.template.flow.storage.EvictionCoordinator -- EvictionCoordinator stopped
10:09:34.625 [main] INFO com.lrenyi.template.flow.resource.FlowResourceRegistry -- FlowResourceRegistry 鍚姩锛氬叏灞€娑堣垂骞跺彂闄愬埗=333锛?=0 鏃剁鐢級
10:09:34.625 [main] INFO com.lrenyi.template.flow.resource.FlowResourceRegistry -- FlowResourceRegistry 鍒濆鍖栧畬鎴?
10:09:34.625 [main] INFO com.lrenyi.template.flow.manager.FlowManager -- FlowManager 鍚姩
10:09:34.628 [main] INFO com.lrenyi.template.flow.engine.FlowJoinerEngine -- 鎺ㄩ€佹ā寮忎换鍔″惎鍔? jobId=job-bp-acquire-success, totalExpected=-1
10:09:34.628 [main] INFO com.lrenyi.template.flow.internal.DefaultProgressTracker -- Source marked finished, jobId=job-bp-acquire-success, productionAcquired=1, productionReleased=0, terminated=0, inStorage=0, activeConsumers=0, inProduction=1, pendingConsumer=0, inFlightPush=0
10:09:34.628 [main] INFO com.lrenyi.template.flow.internal.DefaultProgressTracker -- Job completion pending, jobId=job-bp-acquire-success, waitingSourceFinished=false, waitingStorageDrained=false, waitingConsumerReleased=false, waitingProductionReleased=true, waitingPendingConsumer=false, waitingInFlightPush=false, productionAcquired=1, productionReleased=0, terminated=0, inStorage=0, activeConsumers=0, inProduction=1, pendingConsumer=0, inFlightPush=0
10:09:34.628 [main] INFO com.lrenyi.template.flow.internal.FlowInletImpl -- Mark source finished declared, jobId=job-bp-acquire-success, inFlightPush=0
10:09:34.629 [flow-consumer-0] INFO com.lrenyi.template.flow.internal.DefaultProgressTracker -- Job completion confirmed, jobId=job-bp-acquire-success, sourceFinished=true, productionAcquired=1, productionReleased=1, terminated=1, inStorage=0, activeConsumers=0, inProduction=0, pendingConsumer=0, inFlightPush=0, stopped=false
10:09:34.630 [flow-consumer-0] INFO com.lrenyi.template.flow.manager.FlowManager -- Job [jobId=job-bp-acquire-success] 宸蹭粠绠＄悊鍣ㄤ腑娉ㄩ攢
10:09:34.691 [main] INFO com.lrenyi.template.flow.manager.FlowManager -- 姝ｅ湪鍋滄鎵€鏈夎繍琛屼腑鐨勪换鍔★紝force=true
10:09:34.691 [main] INFO com.lrenyi.template.flow.manager.FlowManager -- 绯荤粺鍏抽棴锛氭鍦ㄦ敞閿€鎵€鏈変换鍔?..
10:09:34.691 [main] INFO com.lrenyi.template.flow.manager.FlowManager -- 姝ｅ湪鍋滄鎵€鏈夎繍琛屼腑鐨勪换鍔★紝force=true
10:09:34.691 [main] INFO com.lrenyi.template.flow.resource.FlowResourceRegistry -- FlowResourceRegistry 鍏抽棴锛氭鍦ㄥ叧闂墍鏈夊叏灞€璧勬簮...
10:09:34.691 [main] INFO com.lrenyi.template.flow.resource.FlowResourceRegistry -- FlowResourceRegistry 鍏抽棴瀹屾垚
10:09:34.691 [flow-eviction] INFO com.lrenyi.template.flow.storage.EvictionCoordinator -- EvictionCoordinator stopped
10:09:34.694 [main] INFO com.lrenyi.template.flow.resource.FlowResourceRegistry -- FlowResourceRegistry 鍚姩锛氬叏灞€娑堣垂骞跺彂闄愬埗=333锛?=0 鏃剁鐢級
10:09:34.694 [main] INFO com.lrenyi.template.flow.resource.FlowResourceRegistry -- FlowResourceRegistry 鍒濆鍖栧畬鎴?
10:09:34.695 [main] INFO com.lrenyi.template.flow.manager.FlowManager -- FlowManager 鍚姩
10:09:34.699 [main] INFO com.lrenyi.template.flow.engine.FlowJoinerEngine -- 鎺ㄩ€佹ā寮忎换鍔″惎鍔? jobId=job-bp-lease-active, totalExpected=-1
10:09:34.699 [main] INFO com.lrenyi.template.flow.internal.DefaultProgressTracker -- Source marked finished, jobId=job-bp-lease-active, productionAcquired=1, productionReleased=0, terminated=0, inStorage=0, activeConsumers=0, inProduction=1, pendingConsumer=0, inFlightPush=0
10:09:34.699 [main] INFO com.lrenyi.template.flow.internal.DefaultProgressTracker -- Job completion pending, jobId=job-bp-lease-active, waitingSourceFinished=false, waitingStorageDrained=false, waitingConsumerReleased=false, waitingProductionReleased=true, waitingPendingConsumer=false, waitingInFlightPush=false, productionAcquired=1, productionReleased=0, terminated=0, inStorage=0, activeConsumers=0, inProduction=1, pendingConsumer=0, inFlightPush=0
10:09:34.700 [main] INFO com.lrenyi.template.flow.internal.FlowInletImpl -- Mark source finished declared, jobId=job-bp-lease-active, inFlightPush=0
10:09:34.700 [flow-consumer-0] INFO com.lrenyi.template.flow.internal.DefaultProgressTracker -- Job completion confirmed, jobId=job-bp-lease-active, sourceFinished=true, productionAcquired=1, productionReleased=1, terminated=1, inStorage=0, activeConsumers=0, inProduction=0, pendingConsumer=0, inFlightPush=0, stopped=false
10:09:34.700 [flow-consumer-0] INFO com.lrenyi.template.flow.manager.FlowManager -- Job [jobId=job-bp-lease-active] 宸蹭粠绠＄悊鍣ㄤ腑娉ㄩ攢
10:09:34.700 [main] INFO com.lrenyi.template.flow.manager.FlowManager -- 姝ｅ湪鍋滄鎵€鏈夎繍琛屼腑鐨勪换鍔★紝force=true
10:09:34.700 [main] INFO com.lrenyi.template.flow.manager.FlowManager -- 绯荤粺鍏抽棴锛氭鍦ㄦ敞閿€鎵€鏈変换鍔?..
10:09:34.700 [main] INFO com.lrenyi.template.flow.manager.FlowManager -- 姝ｅ湪鍋滄鎵€鏈夎繍琛屼腑鐨勪换鍔★紝force=true
10:09:34.701 [main] INFO com.lrenyi.template.flow.resource.FlowResourceRegistry -- FlowResourceRegistry 鍏抽棴锛氭鍦ㄥ叧闂墍鏈夊叏灞€璧勬簮...
10:09:34.701 [main] INFO com.lrenyi.template.flow.resource.FlowResourceRegistry -- FlowResourceRegistry 鍏抽棴瀹屾垚
10:09:34.701 [flow-eviction] INFO com.lrenyi.template.flow.storage.EvictionCoordinator -- EvictionCoordinator stopped
10:09:34.703 [main] INFO com.lrenyi.template.flow.resource.FlowResourceRegistry -- FlowResourceRegistry 鍚姩锛氬叏灞€娑堣垂骞跺彂闄愬埗=333锛?=0 鏃剁鐢級
10:09:34.704 [main] INFO com.lrenyi.template.flow.resource.FlowResourceRegistry -- FlowResourceRegistry 鍒濆鍖栧畬鎴?
10:09:34.705 [main] INFO com.lrenyi.template.flow.manager.FlowManager -- FlowManager 鍚姩
10:09:34.712 [main] INFO com.lrenyi.template.flow.engine.FlowJoinerEngine -- 椹卞姩娴佽仛鍚堜换鍔″紑濮嬶紙鍗曟祦锛? jobId=job-bp-producer
10:09:34.717 [flow-producer-0] INFO com.lrenyi.template.flow.internal.DefaultProgressTracker -- Source marked finished, jobId=job-bp-producer, productionAcquired=5, productionReleased=0, terminated=0, inStorage=1, activeConsumers=0, inProduction=5, pendingConsumer=0, inFlightPush=0
10:09:34.717 [flow-producer-0] INFO com.lrenyi.template.flow.internal.DefaultProgressTracker -- Job completion pending, jobId=job-bp-producer, waitingSourceFinished=false, waitingStorageDrained=true, waitingConsumerReleased=false, waitingProductionReleased=true, waitingPendingConsumer=false, waitingInFlightPush=false, productionAcquired=5, productionReleased=4, terminated=0, inStorage=4, activeConsumers=0, inProduction=1, pendingConsumer=0, inFlightPush=0
10:09:34.718 [flow-producer-0] INFO com.lrenyi.template.flow.engine.FlowJoinerEngine -- 瀛愭祦澶勭悊瀹屾垚, jobId=job-bp-producer, subSourceSeq=1, pulledCount=5, elapsedMs=1
10:09:34.719 [flow-consumer-4] INFO com.lrenyi.template.flow.internal.DefaultProgressTracker -- Job completion confirmed, jobId=job-bp-producer, sourceFinished=true, productionAcquired=5, productionReleased=5, terminated=5, inStorage=0, activeConsumers=0, inProduction=0, pendingConsumer=0, inFlightPush=0, stopped=false
10:09:34.719 [flow-consumer-4] INFO com.lrenyi.template.flow.manager.FlowManager -- Job [jobId=job-bp-producer] 宸蹭粠绠＄悊鍣ㄤ腑娉ㄩ攢
10:09:34.720 [main] INFO com.lrenyi.template.flow.engine.FlowJoinerEngine -- 瀛愭祦鐢熶骇闃舵缁撴潫, jobId=job-bp-producer, submittedSubSources=2, elapsedMs=6
10:09:34.721 [main] INFO com.lrenyi.template.flow.manager.FlowManager -- 姝ｅ湪鍋滄鎵€鏈夎繍琛屼腑鐨勪换鍔★紝force=true
10:09:34.721 [main] INFO com.lrenyi.template.flow.manager.FlowManager -- 绯荤粺鍏抽棴锛氭鍦ㄦ敞閿€鎵€鏈変换鍔?..
10:09:34.721 [main] INFO com.lrenyi.template.flow.manager.FlowManager -- 姝ｅ湪鍋滄鎵€鏈夎繍琛屼腑鐨勪换鍔★紝force=true
10:09:34.721 [main] INFO com.lrenyi.template.flow.resource.FlowResourceRegistry -- FlowResourceRegistry 鍏抽棴锛氭鍦ㄥ叧闂墍鏈夊叏灞€璧勬簮...
10:09:34.721 [main] INFO com.lrenyi.template.flow.resource.FlowResourceRegistry -- FlowResourceRegistry 鍏抽棴瀹屾垚
10:09:34.721 [flow-eviction] INFO com.lrenyi.template.flow.storage.EvictionCoordinator -- EvictionCoordinator stopped
10:09:34.727 [main] INFO com.lrenyi.template.flow.resource.FlowResourceRegistry -- FlowResourceRegistry 鍚姩锛氬叏灞€娑堣垂骞跺彂闄愬埗=333锛?=0 鏃剁鐢級
10:09:34.727 [main] INFO com.lrenyi.template.flow.resource.FlowResourceRegistry -- FlowResourceRegistry 鍒濆鍖栧畬鎴?
10:09:34.727 [main] INFO com.lrenyi.template.flow.manager.FlowManager -- FlowManager 鍚姩
10:09:34.731 [main] INFO com.lrenyi.template.flow.engine.FlowJoinerEngine -- 鎺ㄩ€佹ā寮忎换鍔″惎鍔? jobId=job-bp-storage, totalExpected=-1
10:09:34.731 [main] INFO com.lrenyi.template.flow.internal.DefaultProgressTracker -- Source marked finished, jobId=job-bp-storage, productionAcquired=2, productionReleased=1, terminated=0, inStorage=1, activeConsumers=0, inProduction=1, pendingConsumer=0, inFlightPush=0
10:09:34.733 [main] INFO com.lrenyi.template.flow.internal.DefaultProgressTracker -- Job completion pending, jobId=job-bp-storage, waitingSourceFinished=false, waitingStorageDrained=true, waitingConsumerReleased=false, waitingProductionReleased=true, waitingPendingConsumer=false, waitingInFlightPush=false, productionAcquired=2, productionReleased=1, terminated=0, inStorage=2, activeConsumers=0, inProduction=1, pendingConsumer=0, inFlightPush=0
10:09:34.733 [main] INFO com.lrenyi.template.flow.internal.FlowInletImpl -- Mark source finished declared, jobId=job-bp-storage, inFlightPush=0
10:09:34.733 [flow-consumer-1] INFO com.lrenyi.template.flow.internal.DefaultProgressTracker -- Job completion confirmed, jobId=job-bp-storage, sourceFinished=true, productionAcquired=2, productionReleased=2, terminated=2, inStorage=0, activeConsumers=0, inProduction=0, pendingConsumer=0, inFlightPush=0, stopped=false
10:09:34.736 [flow-consumer-1] INFO com.lrenyi.template.flow.manager.FlowManager -- Job [jobId=job-bp-storage] 宸蹭粠绠＄悊鍣ㄤ腑娉ㄩ攢
10:09:34.744 [main] INFO com.lrenyi.template.flow.manager.FlowManager -- 姝ｅ湪鍋滄鎵€鏈夎繍琛屼腑鐨勪换鍔★紝force=true
10:09:34.744 [main] INFO com.lrenyi.template.flow.manager.FlowManager -- 绯荤粺鍏抽棴锛氭鍦ㄦ敞閿€鎵€鏈変换鍔?..
10:09:34.745 [main] INFO com.lrenyi.template.flow.manager.FlowManager -- 姝ｅ湪鍋滄鎵€鏈夎繍琛屼腑鐨勪换鍔★紝force=true
10:09:34.745 [main] INFO com.lrenyi.template.flow.resource.FlowResourceRegistry -- FlowResourceRegistry 鍏抽棴锛氭鍦ㄥ叧闂墍鏈夊叏灞€璧勬簮...
10:09:34.745 [main] INFO com.lrenyi.template.flow.resource.FlowResourceRegistry -- FlowResourceRegistry 鍏抽棴瀹屾垚
10:09:34.745 [flow-eviction] INFO com.lrenyi.template.flow.storage.EvictionCoordinator -- EvictionCoordinator stopped
10:09:34.758 [main] INFO com.lrenyi.template.flow.resource.FlowResourceRegistry -- FlowResourceRegistry 鍚姩锛氬叏灞€娑堣垂骞跺彂闄愬埗=333锛?=0 鏃剁鐢級
10:09:34.758 [main] INFO com.lrenyi.template.flow.resource.FlowResourceRegistry -- FlowResourceRegistry 鍒濆鍖栧畬鎴?
10:09:34.760 [main] INFO com.lrenyi.template.flow.manager.FlowManager -- FlowManager 鍚姩
10:09:34.761 [main] INFO com.lrenyi.template.flow.engine.FlowJoinerEngine -- 鎺ㄩ€佹ā寮忎换鍔″惎鍔? jobId=job-bp-inflight-prod, totalExpected=-1
10:09:34.762 [main] INFO com.lrenyi.template.flow.internal.DefaultProgressTracker -- Source marked finished, jobId=job-bp-inflight-prod, productionAcquired=2, productionReleased=0, terminated=0, inStorage=0, activeConsumers=0, inProduction=2, pendingConsumer=0, inFlightPush=0
10:09:34.762 [main] INFO com.lrenyi.template.flow.internal.DefaultProgressTracker -- Job completion pending, jobId=job-bp-inflight-prod, waitingSourceFinished=false, waitingStorageDrained=false, waitingConsumerReleased=false, waitingProductionReleased=true, waitingPendingConsumer=false, waitingInFlightPush=false, productionAcquired=2, productionReleased=0, terminated=0, inStorage=0, activeConsumers=0, inProduction=2, pendingConsumer=0, inFlightPush=0
10:09:34.762 [main] INFO com.lrenyi.template.flow.internal.FlowInletImpl -- Mark source finished declared, jobId=job-bp-inflight-prod, inFlightPush=0
10:09:34.768 [flow-consumer-1] INFO com.lrenyi.template.flow.internal.DefaultProgressTracker -- Job completion confirmed, jobId=job-bp-inflight-prod, sourceFinished=true, productionAcquired=2, productionReleased=2, terminated=2, inStorage=0, activeConsumers=0, inProduction=0, pendingConsumer=0, inFlightPush=0, stopped=false
10:09:34.768 [flow-consumer-1] INFO com.lrenyi.template.flow.manager.FlowManager -- Job [jobId=job-bp-inflight-prod] 宸蹭粠绠＄悊鍣ㄤ腑娉ㄩ攢
10:09:34.786 [main] INFO com.lrenyi.template.flow.manager.FlowManager -- 姝ｅ湪鍋滄鎵€鏈夎繍琛屼腑鐨勪换鍔★紝force=true
10:09:34.786 [main] INFO com.lrenyi.template.flow.manager.FlowManager -- 绯荤粺鍏抽棴锛氭鍦ㄦ敞閿€鎵€鏈変换鍔?..
10:09:34.787 [main] INFO com.lrenyi.template.flow.manager.FlowManager -- 姝ｅ湪鍋滄鎵€鏈夎繍琛屼腑鐨勪换鍔★紝force=true
10:09:34.787 [main] INFO com.lrenyi.template.flow.resource.FlowResourceRegistry -- FlowResourceRegistry 鍏抽棴锛氭鍦ㄥ叧闂墍鏈夊叏灞€璧勬簮...
10:09:34.787 [main] INFO com.lrenyi.template.flow.resource.FlowResourceRegistry -- FlowResourceRegistry 鍏抽棴瀹屾垚
10:09:34.788 [flow-eviction] INFO com.lrenyi.template.flow.storage.EvictionCoordinator -- EvictionCoordinator stopped
10:09:34.818 [main] INFO com.lrenyi.template.flow.resource.FlowResourceRegistry -- FlowResourceRegistry 鍚姩锛氬叏灞€娑堣垂骞跺彂闄愬埗=333锛?=0 鏃剁鐢級
10:09:34.820 [main] INFO com.lrenyi.template.flow.resource.FlowResourceRegistry -- FlowResourceRegistry 鍒濆鍖栧畬鎴?
10:09:34.820 [main] INFO com.lrenyi.template.flow.manager.FlowManager -- FlowManager 鍚姩
10:09:34.823 [main] INFO com.lrenyi.template.flow.engine.FlowJoinerEngine -- 鎺ㄩ€佹ā寮忎换鍔″惎鍔? jobId=job-bp-consumer, totalExpected=-1
10:09:34.823 [main] INFO com.lrenyi.template.flow.internal.DefaultProgressTracker -- Source marked finished, jobId=job-bp-consumer, productionAcquired=1, productionReleased=0, terminated=0, inStorage=0, activeConsumers=0, inProduction=1, pendingConsumer=0, inFlightPush=0
10:09:34.823 [main] INFO com.lrenyi.template.flow.internal.DefaultProgressTracker -- Job completion pending, jobId=job-bp-consumer, waitingSourceFinished=false, waitingStorageDrained=true, waitingConsumerReleased=false, waitingProductionReleased=true, waitingPendingConsumer=false, waitingInFlightPush=false, productionAcquired=1, productionReleased=0, terminated=0, inStorage=1, activeConsumers=0, inProduction=1, pendingConsumer=0, inFlightPush=0
10:09:34.823 [main] INFO com.lrenyi.template.flow.internal.FlowInletImpl -- Mark source finished declared, jobId=job-bp-consumer, inFlightPush=0
10:09:34.825 [flow-consumer-0] INFO com.lrenyi.template.flow.internal.DefaultProgressTracker -- Job completion confirmed, jobId=job-bp-consumer, sourceFinished=true, productionAcquired=1, productionReleased=1, terminated=1, inStorage=0, activeConsumers=0, inProduction=0, pendingConsumer=0, inFlightPush=0, stopped=false
10:09:34.826 [flow-consumer-0] INFO com.lrenyi.template.flow.manager.FlowManager -- Job [jobId=job-bp-consumer] 宸蹭粠绠＄悊鍣ㄤ腑娉ㄩ攢
10:09:34.890 [main] INFO com.lrenyi.template.flow.manager.FlowManager -- 姝ｅ湪鍋滄鎵€鏈夎繍琛屼腑鐨勪换鍔★紝force=true
10:09:34.891 [main] INFO com.lrenyi.template.flow.manager.FlowManager -- 绯荤粺鍏抽棴锛氭鍦ㄦ敞閿€鎵€鏈変换鍔?..
10:09:34.891 [main] INFO com.lrenyi.template.flow.manager.FlowManager -- 姝ｅ湪鍋滄鎵€鏈夎繍琛屼腑鐨勪换鍔★紝force=true
10:09:34.891 [main] INFO com.lrenyi.template.flow.resource.FlowResourceRegistry -- FlowResourceRegistry 鍏抽棴锛氭鍦ㄥ叧闂墍鏈夊叏灞€璧勬簮...
10:09:34.891 [main] INFO com.lrenyi.template.flow.resource.FlowResourceRegistry -- FlowResourceRegistry 鍏抽棴瀹屾垚
10:09:34.891 [flow-eviction] INFO com.lrenyi.template.flow.storage.EvictionCoordinator -- EvictionCoordinator stopped
[ERROR] Tests run: 7, Failures: 5, Errors: 0, Skipped: 0, Time elapsed: 0.408 s <<< FAILURE! -- in com.lrenyi.template.flow.it.FlowAndBackpressureMetricsIntegrationTest$BackpressureMetricNamesTests
[ERROR] com.lrenyi.template.flow.it.FlowAndBackpressureMetricsIntegrationTest$BackpressureMetricNamesTests.inFlightConsumerDimensionMetricsRecordAcquireAndRelease -- Time elapsed: 0.135 s <<< FAILURE!
org.opentest4j.AssertionFailedError: in-flight-consumer DIM_ACQUIRE_ATTEMPTS 搴旀湁璁板綍 ==> expected: <true> but was: <false>
	at org.junit.jupiter.api.AssertionFailureBuilder.build(AssertionFailureBuilder.java:151)
	at org.junit.jupiter.api.AssertionFailureBuilder.buildAndThrow(AssertionFailureBuilder.java:132)
	at org.junit.jupiter.api.AssertTrue.failNotTrue(AssertTrue.java:63)
	at org.junit.jupiter.api.AssertTrue.assertTrue(AssertTrue.java:36)
	at org.junit.jupiter.api.Assertions.assertTrue(Assertions.java:214)
	at com.lrenyi.template.flow.it.FlowAndBackpressureMetricsIntegrationTest$BackpressureMetricNamesTests.inFlightConsumerDimensionMetricsRecordAcquireAndRelease(FlowAndBackpressureMetricsIntegrationTest.java:370)
	at java.base/java.lang.reflect.Method.invoke(Method.java:580)
	at java.base/java.util.ArrayList.forEach(ArrayList.java:1596)
	at java.base/java.util.ArrayList.forEach(ArrayList.java:1596)
	at java.base/java.util.ArrayList.forEach(ArrayList.java:1596)

[ERROR] com.lrenyi.template.flow.it.FlowAndBackpressureMetricsIntegrationTest$BackpressureMetricNamesTests.producerConcurrencyDimensionMetricsRecordAcquireAndRelease -- Time elapsed: 0.020 s <<< FAILURE!
org.opentest4j.AssertionFailedError: producer-concurrency DIM_ACQUIRE_ATTEMPTS 搴旀湁璁板綍 ==> expected: <true> but was: <false>
	at org.junit.jupiter.api.AssertionFailureBuilder.build(AssertionFailureBuilder.java:151)
	at org.junit.jupiter.api.AssertionFailureBuilder.buildAndThrow(AssertionFailureBuilder.java:132)
	at org.junit.jupiter.api.AssertTrue.failNotTrue(AssertTrue.java:63)
	at org.junit.jupiter.api.AssertTrue.assertTrue(AssertTrue.java:36)
	at org.junit.jupiter.api.Assertions.assertTrue(Assertions.java:214)
	at com.lrenyi.template.flow.it.FlowAndBackpressureMetricsIntegrationTest$BackpressureMetricNamesTests.producerConcurrencyDimensionMetricsRecordAcquireAndRelease(FlowAndBackpressureMetricsIntegrationTest.java:335)
	at java.base/java.lang.reflect.Method.invoke(Method.java:580)
	at java.base/java.util.ArrayList.forEach(ArrayList.java:1596)
	at java.base/java.util.ArrayList.forEach(ArrayList.java:1596)
	at java.base/java.util.ArrayList.forEach(ArrayList.java:1596)

[ERROR] com.lrenyi.template.flow.it.FlowAndBackpressureMetricsIntegrationTest$BackpressureMetricNamesTests.storageDimensionMetricsRecordAcquireAndRelease -- Time elapsed: 0.024 s <<< FAILURE!
org.opentest4j.AssertionFailedError: storage DIM_ACQUIRE_ATTEMPTS 搴旀湁璁板綍 ==> expected: <true> but was: <false>
	at org.junit.jupiter.api.AssertionFailureBuilder.build(AssertionFailureBuilder.java:151)
	at org.junit.jupiter.api.AssertionFailureBuilder.buildAndThrow(AssertionFailureBuilder.java:132)
	at org.junit.jupiter.api.AssertTrue.failNotTrue(AssertTrue.java:63)
	at org.junit.jupiter.api.AssertTrue.assertTrue(AssertTrue.java:36)
	at org.junit.jupiter.api.Assertions.assertTrue(Assertions.java:214)
	at com.lrenyi.template.flow.it.FlowAndBackpressureMetricsIntegrationTest$BackpressureMetricNamesTests.storageDimensionMetricsRecordAcquireAndRelease(FlowAndBackpressureMetricsIntegrationTest.java:314)
	at java.base/java.lang.reflect.Method.invoke(Method.java:580)
	at java.base/java.util.ArrayList.forEach(ArrayList.java:1596)
	at java.base/java.util.ArrayList.forEach(ArrayList.java:1596)
	at java.base/java.util.ArrayList.forEach(ArrayList.java:1596)

[ERROR] com.lrenyi.template.flow.it.FlowAndBackpressureMetricsIntegrationTest$BackpressureMetricNamesTests.inFlightProductionDimensionMetricsRecordAcquireAndRelease -- Time elapsed: 0.031 s <<< FAILURE!
org.opentest4j.AssertionFailedError: in-flight-production DIM_ACQUIRE_ATTEMPTS 搴旀湁璁板綍 ==> expected: <true> but was: <false>
	at org.junit.jupiter.api.AssertionFailureBuilder.build(AssertionFailureBuilder.java:151)
	at org.junit.jupiter.api.AssertionFailureBuilder.buildAndThrow(AssertionFailureBuilder.java:132)
	at org.junit.jupiter.api.AssertTrue.failNotTrue(AssertTrue.java:63)
	at org.junit.jupiter.api.AssertTrue.assertTrue(AssertTrue.java:36)
	at org.junit.jupiter.api.Assertions.assertTrue(Assertions.java:214)
	at com.lrenyi.template.flow.it.FlowAndBackpressureMetricsIntegrationTest$BackpressureMetricNamesTests.inFlightProductionDimensionMetricsRecordAcquireAndRelease(FlowAndBackpressureMetricsIntegrationTest.java:353)
	at java.base/java.lang.reflect.Method.invoke(Method.java:580)
	at java.base/java.util.ArrayList.forEach(ArrayList.java:1596)
	at java.base/java.util.ArrayList.forEach(ArrayList.java:1596)
	at java.base/java.util.ArrayList.forEach(ArrayList.java:1596)

[ERROR] com.lrenyi.template.flow.it.FlowAndBackpressureMetricsIntegrationTest$BackpressureMetricNamesTests.consumerConcurrencyDimensionMetricsRecordAcquireAndRelease -- Time elapsed: 0.078 s <<< FAILURE!
org.opentest4j.AssertionFailedError: consumer-concurrency DIM_ACQUIRE_ATTEMPTS 搴旀湁璁板綍 ==> expected: <true> but was: <false>
	at org.junit.jupiter.api.AssertionFailureBuilder.build(AssertionFailureBuilder.java:151)
	at org.junit.jupiter.api.AssertionFailureBuilder.buildAndThrow(AssertionFailureBuilder.java:132)
	at org.junit.jupiter.api.AssertTrue.failNotTrue(AssertTrue.java:63)
	at org.junit.jupiter.api.AssertTrue.assertTrue(AssertTrue.java:36)
	at org.junit.jupiter.api.Assertions.assertTrue(Assertions.java:214)
	at com.lrenyi.template.flow.it.FlowAndBackpressureMetricsIntegrationTest$BackpressureMetricNamesTests.consumerConcurrencyDimensionMetricsRecordAcquireAndRelease(FlowAndBackpressureMetricsIntegrationTest.java:387)
	at java.base/java.lang.reflect.Method.invoke(Method.java:580)
	at java.base/java.util.ArrayList.forEach(ArrayList.java:1596)
	at java.base/java.util.ArrayList.forEach(ArrayList.java:1596)
	at java.base/java.util.ArrayList.forEach(ArrayList.java:1596)

[INFO] Running com.lrenyi.template.flow.it.FlowAndBackpressureMetricsIntegrationTest$FlowMetricNamesTests
10:09:34.896 [main] INFO com.lrenyi.template.flow.resource.FlowResourceRegistry -- FlowResourceRegistry 鍚姩锛氬叏灞€娑堣垂骞跺彂闄愬埗=333锛?=0 鏃剁鐢級
10:09:34.896 [main] INFO com.lrenyi.template.flow.resource.FlowResourceRegistry -- FlowResourceRegistry 鍒濆鍖栧畬鎴?
10:09:34.896 [main] INFO com.lrenyi.template.flow.manager.FlowManager -- FlowManager 鍚姩
10:09:34.901 [main] INFO com.lrenyi.template.flow.engine.FlowJoinerEngine -- 鎺ㄩ€佹ā寮忎换鍔″惎鍔? jobId=job-deposit-duration, totalExpected=-1
10:09:34.903 [main] INFO com.lrenyi.template.flow.internal.DefaultProgressTracker -- Source marked finished, jobId=job-deposit-duration, productionAcquired=2, productionReleased=0, terminated=0, inStorage=0, activeConsumers=0, inProduction=2, pendingConsumer=0, inFlightPush=0
10:09:34.903 [main] INFO com.lrenyi.template.flow.internal.DefaultProgressTracker -- Job completion pending, jobId=job-deposit-duration, waitingSourceFinished=false, waitingStorageDrained=false, waitingConsumerReleased=false, waitingProductionReleased=true, waitingPendingConsumer=false, waitingInFlightPush=false, productionAcquired=2, productionReleased=0, terminated=0, inStorage=0, activeConsumers=0, inProduction=2, pendingConsumer=0, inFlightPush=0
10:09:34.903 [main] INFO com.lrenyi.template.flow.internal.FlowInletImpl -- Mark source finished declared, jobId=job-deposit-duration, inFlightPush=0
10:09:34.904 [flow-consumer-1] INFO com.lrenyi.template.flow.internal.DefaultProgressTracker -- Job completion confirmed, jobId=job-deposit-duration, sourceFinished=true, productionAcquired=2, productionReleased=2, terminated=2, inStorage=0, activeConsumers=0, inProduction=0, pendingConsumer=0, inFlightPush=0, stopped=false
10:09:34.906 [flow-consumer-1] INFO com.lrenyi.template.flow.manager.FlowManager -- Job [jobId=job-deposit-duration] 宸蹭粠绠＄悊鍣ㄤ腑娉ㄩ攢
10:09:34.970 [main] INFO com.lrenyi.template.flow.manager.FlowManager -- 姝ｅ湪鍋滄鎵€鏈夎繍琛屼腑鐨勪换鍔★紝force=true
10:09:34.970 [main] INFO com.lrenyi.template.flow.manager.FlowManager -- 绯荤粺鍏抽棴锛氭鍦ㄦ敞閿€鎵€鏈変换鍔?..
10:09:34.972 [main] INFO com.lrenyi.template.flow.manager.FlowManager -- 姝ｅ湪鍋滄鎵€鏈夎繍琛屼腑鐨勪换鍔★紝force=true
10:09:34.972 [main] INFO com.lrenyi.template.flow.resource.FlowResourceRegistry -- FlowResourceRegistry 鍏抽棴锛氭鍦ㄥ叧闂墍鏈夊叏灞€璧勬簮...
10:09:34.972 [main] INFO com.lrenyi.template.flow.resource.FlowResourceRegistry -- FlowResourceRegistry 鍏抽棴瀹屾垚
10:09:34.973 [flow-eviction] INFO com.lrenyi.template.flow.storage.EvictionCoordinator -- EvictionCoordinator stopped
10:09:34.975 [main] INFO com.lrenyi.template.flow.resource.FlowResourceRegistry -- FlowResourceRegistry 鍚姩锛氬叏灞€娑堣垂骞跺彂闄愬埗=333锛?=0 鏃剁鐢級
10:09:34.975 [main] INFO com.lrenyi.template.flow.resource.FlowResourceRegistry -- FlowResourceRegistry 鍒濆鍖栧畬鎴?
10:09:34.975 [main] INFO com.lrenyi.template.flow.manager.FlowManager -- FlowManager 鍚姩
10:09:34.976 [main] INFO com.lrenyi.template.flow.engine.FlowJoinerEngine -- 椹卞姩娴佽仛鍚堜换鍔″紑濮嬶紙鍗曟祦锛? jobId=job-terminated-metrics
10:09:34.980 [flow-producer-0] INFO com.lrenyi.template.flow.internal.DefaultProgressTracker -- Source marked finished, jobId=job-terminated-metrics, productionAcquired=10, productionReleased=6, terminated=0, inStorage=7, activeConsumers=0, inProduction=4, pendingConsumer=0, inFlightPush=0
10:09:34.980 [flow-producer-0] INFO com.lrenyi.template.flow.internal.DefaultProgressTracker -- Job completion pending, jobId=job-terminated-metrics, waitingSourceFinished=false, waitingStorageDrained=true, waitingConsumerReleased=false, waitingProductionReleased=true, waitingPendingConsumer=false, waitingInFlightPush=false, productionAcquired=10, productionReleased=9, terminated=0, inStorage=9, activeConsumers=0, inProduction=1, pendingConsumer=0, inFlightPush=0
10:09:34.981 [flow-producer-0] INFO com.lrenyi.template.flow.engine.FlowJoinerEngine -- 瀛愭祦澶勭悊瀹屾垚, jobId=job-terminated-metrics, subSourceSeq=1, pulledCount=10, elapsedMs=2
10:09:34.982 [flow-consumer-9] INFO com.lrenyi.template.flow.internal.DefaultProgressTracker -- Job completion confirmed, jobId=job-terminated-metrics, sourceFinished=true, productionAcquired=10, productionReleased=10, terminated=10, inStorage=0, activeConsumers=0, inProduction=0, pendingConsumer=0, inFlightPush=0, stopped=false
10:09:34.983 [main] INFO com.lrenyi.template.flow.engine.FlowJoinerEngine -- 瀛愭祦鐢熶骇闃舵缁撴潫, jobId=job-terminated-metrics, submittedSubSources=2, elapsedMs=4
10:09:34.983 [flow-consumer-9] INFO com.lrenyi.template.flow.manager.FlowManager -- Job [jobId=job-terminated-metrics] 宸蹭粠绠＄悊鍣ㄤ腑娉ㄩ攢
10:09:34.984 [main] INFO com.lrenyi.template.flow.manager.FlowManager -- 姝ｅ湪鍋滄鎵€鏈夎繍琛屼腑鐨勪换鍔★紝force=true
10:09:34.984 [main] INFO com.lrenyi.template.flow.manager.FlowManager -- 绯荤粺鍏抽棴锛氭鍦ㄦ敞閿€鎵€鏈変换鍔?..
10:09:34.984 [main] INFO com.lrenyi.template.flow.manager.FlowManager -- 姝ｅ湪鍋滄鎵€鏈夎繍琛屼腑鐨勪换鍔★紝force=true
10:09:34.984 [main] INFO com.lrenyi.template.flow.resource.FlowResourceRegistry -- FlowResourceRegistry 鍏抽棴锛氭鍦ㄥ叧闂墍鏈夊叏灞€璧勬簮...
10:09:34.985 [main] INFO com.lrenyi.template.flow.resource.FlowResourceRegistry -- FlowResourceRegistry 鍏抽棴瀹屾垚
10:09:34.985 [flow-eviction] INFO com.lrenyi.template.flow.storage.EvictionCoordinator -- EvictionCoordinator stopped
10:09:34.987 [main] INFO com.lrenyi.template.flow.resource.FlowResourceRegistry -- FlowResourceRegistry 鍚姩锛氬叏灞€娑堣垂骞跺彂闄愬埗=333锛?=0 鏃剁鐢級
10:09:34.987 [main] INFO com.lrenyi.template.flow.resource.FlowResourceRegistry -- FlowResourceRegistry 鍒濆鍖栧畬鎴?
10:09:34.987 [main] INFO com.lrenyi.template.flow.manager.FlowManager -- FlowManager 鍚姩
10:09:34.989 [main] INFO com.lrenyi.template.flow.engine.FlowJoinerEngine -- 鎺ㄩ€佹ā寮忎换鍔″惎鍔? jobId=job-finalize-duration, totalExpected=-1
10:09:34.989 [main] INFO com.lrenyi.template.flow.internal.DefaultProgressTracker -- Source marked finished, jobId=job-finalize-duration, productionAcquired=1, productionReleased=0, terminated=0, inStorage=0, activeConsumers=0, inProduction=1, pendingConsumer=0, inFlightPush=0
10:09:34.990 [main] INFO com.lrenyi.template.flow.internal.DefaultProgressTracker -- Job completion pending, jobId=job-finalize-duration, waitingSourceFinished=false, waitingStorageDrained=false, waitingConsumerReleased=false, waitingProductionReleased=true, waitingPendingConsumer=false, waitingInFlightPush=false, productionAcquired=1, productionReleased=0, terminated=0, inStorage=0, activeConsumers=0, inProduction=1, pendingConsumer=0, inFlightPush=0
10:09:34.990 [main] INFO com.lrenyi.template.flow.internal.FlowInletImpl -- Mark source finished declared, jobId=job-finalize-duration, inFlightPush=0
10:09:34.990 [flow-consumer-0] INFO com.lrenyi.template.flow.internal.DefaultProgressTracker -- Job completion confirmed, jobId=job-finalize-duration, sourceFinished=true, productionAcquired=1, productionReleased=1, terminated=1, inStorage=0, activeConsumers=0, inProduction=0, pendingConsumer=0, inFlightPush=0, stopped=false
10:09:34.990 [flow-consumer-0] INFO com.lrenyi.template.flow.manager.FlowManager -- Job [jobId=job-finalize-duration] 宸蹭粠绠＄悊鍣ㄤ腑娉ㄩ攢
10:09:35.046 [main] INFO com.lrenyi.template.flow.manager.FlowManager -- 姝ｅ湪鍋滄鎵€鏈夎繍琛屼腑鐨勪换鍔★紝force=true
10:09:35.048 [main] INFO com.lrenyi.template.flow.manager.FlowManager -- 绯荤粺鍏抽棴锛氭鍦ㄦ敞閿€鎵€鏈変换鍔?..
10:09:35.048 [main] INFO com.lrenyi.template.flow.manager.FlowManager -- 姝ｅ湪鍋滄鎵€鏈夎繍琛屼腑鐨勪换鍔★紝force=true
10:09:35.048 [main] INFO com.lrenyi.template.flow.resource.FlowResourceRegistry -- FlowResourceRegistry 鍏抽棴锛氭鍦ㄥ叧闂墍鏈夊叏灞€璧勬簮...
10:09:35.048 [flow-eviction] INFO com.lrenyi.template.flow.storage.EvictionCoordinator -- EvictionCoordinator stopped
10:09:35.051 [main] INFO com.lrenyi.template.flow.resource.FlowResourceRegistry -- FlowResourceRegistry 鍏抽棴瀹屾垚
10:09:35.059 [main] INFO com.lrenyi.template.flow.resource.FlowResourceRegistry -- FlowResourceRegistry 鍚姩锛氬叏灞€娑堣垂骞跺彂闄愬埗=333锛?=0 鏃剁鐢級
10:09:35.060 [main] INFO com.lrenyi.template.flow.resource.FlowResourceRegistry -- FlowResourceRegistry 鍒濆鍖栧畬鎴?
10:09:35.060 [main] INFO com.lrenyi.template.flow.manager.FlowManager -- FlowManager 鍚姩
10:09:35.066 [main] INFO com.lrenyi.template.flow.engine.FlowJoinerEngine -- 鎺ㄩ€佹ā寮忎换鍔″惎鍔? jobId=job-errors-stopped, totalExpected=-1
10:09:35.067 [main] INFO com.lrenyi.template.flow.internal.FlowLauncher -- 鍋滄 Job [jobId=job-errors-stopped], force=true
10:09:35.067 [main] INFO com.lrenyi.template.flow.internal.DefaultProgressTracker -- Source marked finished, jobId=job-errors-stopped, productionAcquired=1, productionReleased=0, terminated=0, inStorage=1, activeConsumers=0, inProduction=1, pendingConsumer=0, inFlightPush=0
10:09:35.067 [main] INFO com.lrenyi.template.flow.internal.DefaultProgressTracker -- Job completion pending, jobId=job-errors-stopped, waitingSourceFinished=false, waitingStorageDrained=false, waitingConsumerReleased=true, waitingProductionReleased=false, waitingPendingConsumer=false, waitingInFlightPush=false, productionAcquired=1, productionReleased=1, terminated=0, inStorage=0, activeConsumers=1, inProduction=0, pendingConsumer=0, inFlightPush=0
10:09:35.068 [flow-consumer-0] INFO com.lrenyi.template.flow.internal.DefaultProgressTracker -- Job completion confirmed, jobId=job-errors-stopped, sourceFinished=true, productionAcquired=1, productionReleased=1, terminated=1, inStorage=0, activeConsumers=0, inProduction=0, pendingConsumer=0, inFlightPush=0, stopped=true
10:09:35.068 [flow-eviction] INFO com.lrenyi.template.flow.storage.EvictionCoordinator -- EvictionCoordinator stopped
10:09:35.069 [main] INFO com.lrenyi.template.flow.manager.FlowManager -- Job [jobId=job-errors-stopped] 宸蹭粠绠＄悊鍣ㄤ腑娉ㄩ攢
10:09:35.072 [main] INFO com.lrenyi.template.flow.manager.FlowManager -- 姝ｅ湪鍋滄鎵€鏈夎繍琛屼腑鐨勪换鍔★紝force=true
10:09:35.072 [main] INFO com.lrenyi.template.flow.manager.FlowManager -- 绯荤粺鍏抽棴锛氭鍦ㄦ敞閿€鎵€鏈変换鍔?..
10:09:35.072 [main] INFO com.lrenyi.template.flow.manager.FlowManager -- 姝ｅ湪鍋滄鎵€鏈夎繍琛屼腑鐨勪换鍔★紝force=true
10:09:35.072 [main] INFO com.lrenyi.template.flow.resource.FlowResourceRegistry -- FlowResourceRegistry 鍏抽棴锛氭鍦ㄥ叧闂墍鏈夊叏灞€璧勬簮...
10:09:35.072 [main] INFO com.lrenyi.template.flow.resource.FlowResourceRegistry -- FlowResourceRegistry 鍏抽棴瀹屾垚
10:09:35.075 [main] INFO com.lrenyi.template.flow.resource.FlowResourceRegistry -- FlowResourceRegistry 鍚姩锛氬叏灞€娑堣垂骞跺彂闄愬埗=333锛?=0 鏃剁鐢級
10:09:35.075 [main] INFO com.lrenyi.template.flow.resource.FlowResourceRegistry -- FlowResourceRegistry 鍒濆鍖栧畬鎴?
10:09:35.075 [main] INFO com.lrenyi.template.flow.manager.FlowManager -- FlowManager 鍚姩
10:09:35.081 [main] INFO com.lrenyi.template.flow.engine.FlowJoinerEngine -- 椹卞姩娴佽仛鍚堜换鍔″紑濮? jobId=job-match-duration
10:09:35.089 [flow-producer-2] INFO com.lrenyi.template.flow.engine.FlowJoinerEngine -- 瀛愭祦澶勭悊瀹屾垚, jobId=job-match-duration, subSourceSeq=3, pulledCount=3, elapsedMs=3
10:09:35.089 [flow-producer-0] INFO com.lrenyi.template.flow.internal.DefaultProgressTracker -- Source marked finished, jobId=job-match-duration, productionAcquired=6, productionReleased=2, terminated=0, inStorage=2, activeConsumers=0, inProduction=4, pendingConsumer=0, inFlightPush=0
10:09:35.089 [flow-producer-0] INFO com.lrenyi.template.flow.internal.DefaultProgressTracker -- Job completion pending, jobId=job-match-duration, waitingSourceFinished=false, waitingStorageDrained=true, waitingConsumerReleased=false, waitingProductionReleased=true, waitingPendingConsumer=false, waitingInFlightPush=false, productionAcquired=6, productionReleased=2, terminated=0, inStorage=3, activeConsumers=0, inProduction=4, pendingConsumer=0, inFlightPush=0
10:09:35.090 [flow-producer-0] INFO com.lrenyi.template.flow.engine.FlowJoinerEngine -- 瀛愭祦澶勭悊瀹屾垚, jobId=job-match-duration, subSourceSeq=1, pulledCount=3, elapsedMs=4
10:09:35.094 [flow-consumer-2] INFO com.lrenyi.template.flow.internal.DefaultProgressTracker -- Job completion confirmed, jobId=job-match-duration, sourceFinished=true, productionAcquired=6, productionReleased=6, terminated=6, inStorage=0, activeConsumers=0, inProduction=0, pendingConsumer=0, inFlightPush=0, stopped=false
10:09:35.094 [flow-consumer-2] INFO com.lrenyi.template.flow.manager.FlowManager -- Job [jobId=job-match-duration] 宸蹭粠绠＄悊鍣ㄤ腑娉ㄩ攢
10:09:35.107 [main] INFO com.lrenyi.template.flow.engine.FlowJoinerEngine -- 瀛愭祦鐢熶骇闃舵缁撴潫, jobId=job-match-duration, submittedSubSources=4, elapsedMs=23
10:09:35.109 [main] INFO com.lrenyi.template.flow.manager.FlowManager -- 姝ｅ湪鍋滄鎵€鏈夎繍琛屼腑鐨勪换鍔★紝force=true
10:09:35.109 [main] INFO com.lrenyi.template.flow.manager.FlowManager -- 绯荤粺鍏抽棴锛氭鍦ㄦ敞閿€鎵€鏈変换鍔?..
10:09:35.109 [main] INFO com.lrenyi.template.flow.manager.FlowManager -- 姝ｅ湪鍋滄鎵€鏈夎繍琛屼腑鐨勪换鍔★紝force=true
10:09:35.109 [main] INFO com.lrenyi.template.flow.resource.FlowResourceRegistry -- FlowResourceRegistry 鍏抽棴锛氭鍦ㄥ叧闂墍鏈夊叏灞€璧勬簮...
10:09:35.109 [main] INFO com.lrenyi.template.flow.resource.FlowResourceRegistry -- FlowResourceRegistry 鍏抽棴瀹屾垚
10:09:35.110 [flow-eviction] INFO com.lrenyi.template.flow.storage.EvictionCoordinator -- EvictionCoordinator stopped
10:09:35.112 [main] INFO com.lrenyi.template.flow.resource.FlowResourceRegistry -- FlowResourceRegistry 鍚姩锛氬叏灞€娑堣垂骞跺彂闄愬埗=333锛?=0 鏃剁鐢級
10:09:35.113 [main] INFO com.lrenyi.template.flow.resource.FlowResourceRegistry -- FlowResourceRegistry 鍒濆鍖栧畬鎴?
10:09:35.113 [main] INFO com.lrenyi.template.flow.manager.FlowManager -- FlowManager 鍚姩
10:09:35.114 [main] INFO com.lrenyi.template.flow.engine.FlowJoinerEngine -- 椹卞姩娴佽仛鍚堜换鍔″紑濮? jobId=job-errors-match-failed
10:09:35.116 [flow-producer-1] INFO com.lrenyi.template.flow.internal.DefaultProgressTracker -- Source marked finished, jobId=job-errors-match-failed, productionAcquired=2, productionReleased=0, terminated=0, inStorage=0, activeConsumers=0, inProduction=2, pendingConsumer=0, inFlightPush=0
10:09:35.117 [flow-producer-1] INFO com.lrenyi.template.flow.internal.DefaultProgressTracker -- Job completion pending, jobId=job-errors-match-failed, waitingSourceFinished=false, waitingStorageDrained=false, waitingConsumerReleased=false, waitingProductionReleased=true, waitingPendingConsumer=false, waitingInFlightPush=false, productionAcquired=2, productionReleased=0, terminated=0, inStorage=0, activeConsumers=0, inProduction=2, pendingConsumer=0, inFlightPush=0
10:09:35.117 [flow-producer-1] INFO com.lrenyi.template.flow.engine.FlowJoinerEngine -- 瀛愭祦澶勭悊瀹屾垚, jobId=job-errors-match-failed, subSourceSeq=2, pulledCount=1, elapsedMs=1
10:09:35.119 [flow-producer-0] INFO com.lrenyi.template.flow.engine.FlowJoinerEngine -- 瀛愭祦澶勭悊瀹屾垚, jobId=job-errors-match-failed, subSourceSeq=1, pulledCount=1, elapsedMs=2
10:09:35.121 [flow-consumer-0] INFO com.lrenyi.template.flow.internal.DefaultProgressTracker -- Job completion confirmed, jobId=job-errors-match-failed, sourceFinished=true, productionAcquired=2, productionReleased=2, terminated=2, inStorage=0, activeConsumers=0, inProduction=0, pendingConsumer=0, inFlightPush=0, stopped=false
10:09:35.121 [flow-consumer-0] INFO com.lrenyi.template.flow.manager.FlowManager -- Job [jobId=job-errors-match-failed] 宸蹭粠绠＄悊鍣ㄤ腑娉ㄩ攢
10:09:35.123 [main] INFO com.lrenyi.template.flow.engine.FlowJoinerEngine -- 瀛愭祦鐢熶骇闃舵缁撴潫, jobId=job-errors-match-failed, submittedSubSources=4, elapsedMs=7
10:09:35.124 [main] INFO com.lrenyi.template.flow.manager.FlowManager -- 姝ｅ湪鍋滄鎵€鏈夎繍琛屼腑鐨勪换鍔★紝force=true
10:09:35.126 [main] INFO com.lrenyi.template.flow.manager.FlowManager -- 绯荤粺鍏抽棴锛氭鍦ㄦ敞閿€鎵€鏈変换鍔?..
10:09:35.126 [main] INFO com.lrenyi.template.flow.manager.FlowManager -- 姝ｅ湪鍋滄鎵€鏈夎繍琛屼腑鐨勪换鍔★紝force=true
10:09:35.126 [main] INFO com.lrenyi.template.flow.resource.FlowResourceRegistry -- FlowResourceRegistry 鍏抽棴锛氭鍦ㄥ叧闂墍鏈夊叏灞€璧勬簮...
10:09:35.126 [main] INFO com.lrenyi.template.flow.resource.FlowResourceRegistry -- FlowResourceRegistry 鍏抽棴瀹屾垚
10:09:35.126 [flow-eviction] INFO com.lrenyi.template.flow.storage.EvictionCoordinator -- EvictionCoordinator stopped
[INFO] Tests run: 6, Failures: 0, Errors: 0, Skipped: 0, Time elapsed: 0.233 s -- in com.lrenyi.template.flow.it.FlowAndBackpressureMetricsIntegrationTest$FlowMetricNamesTests
[INFO] Tests run: 0, Failures: 0, Errors: 0, Skipped: 0, Time elapsed: 0.645 s -- in com.lrenyi.template.flow.it.FlowAndBackpressureMetricsIntegrationTest
[INFO] Running com.lrenyi.template.flow.it.FlowJoinerEngineIntegrationTest
10:09:35.134 [main] INFO com.lrenyi.template.flow.resource.FlowResourceRegistry -- FlowResourceRegistry 鍚姩锛氬叏灞€娑堣垂骞跺彂闄愬埗=100锛?=0 鏃剁鐢級
10:09:35.134 [main] INFO com.lrenyi.template.flow.resource.FlowResourceRegistry -- FlowResourceRegistry 鍒濆鍖栧畬鎴?
10:09:35.135 [main] INFO com.lrenyi.template.flow.manager.FlowManager -- FlowManager 鍚姩
10:09:35.135 [main] INFO com.lrenyi.template.flow.engine.FlowJoinerEngine -- 椹卞姩娴佽仛鍚堜换鍔″紑濮? jobId=job-mismatch
10:09:35.141 [flow-producer-0] INFO com.lrenyi.template.flow.engine.FlowJoinerEngine -- 瀛愭祦澶勭悊瀹屾垚, jobId=job-mismatch, subSourceSeq=1, pulledCount=2, elapsedMs=2
10:09:35.141 [flow-producer-1] INFO com.lrenyi.template.flow.internal.DefaultProgressTracker -- Source marked finished, jobId=job-mismatch, productionAcquired=4, productionReleased=0, terminated=0, inStorage=0, activeConsumers=0, inProduction=4, pendingConsumer=0, inFlightPush=0
10:09:35.141 [flow-producer-1] INFO com.lrenyi.template.flow.internal.DefaultProgressTracker -- Job completion pending, jobId=job-mismatch, waitingSourceFinished=false, waitingStorageDrained=true, waitingConsumerReleased=false, waitingProductionReleased=true, waitingPendingConsumer=false, waitingInFlightPush=false, productionAcquired=4, productionReleased=0, terminated=0, inStorage=3, activeConsumers=0, inProduction=4, pendingConsumer=0, inFlightPush=0
10:09:35.141 [flow-producer-1] INFO com.lrenyi.template.flow.engine.FlowJoinerEngine -- 瀛愭祦澶勭悊瀹屾垚, jobId=job-mismatch, subSourceSeq=2, pulledCount=2, elapsedMs=1
10:09:35.153 [main] INFO com.lrenyi.template.flow.engine.FlowJoinerEngine -- 瀛愭祦鐢熶骇闃舵缁撴潫, jobId=job-mismatch, submittedSubSources=10, elapsedMs=15
10:09:40.151 [flow-consumer-1] INFO com.lrenyi.template.flow.internal.DefaultProgressTracker -- Job completion confirmed, jobId=job-mismatch, sourceFinished=true, productionAcquired=4, productionReleased=4, terminated=4, inStorage=0, activeConsumers=0, inProduction=0, pendingConsumer=0, inFlightPush=0, stopped=false
10:09:40.152 [flow-consumer-1] INFO com.lrenyi.template.flow.manager.FlowManager -- Job [jobId=job-mismatch] 宸蹭粠绠＄悊鍣ㄤ腑娉ㄩ攢
10:09:50.175 [main] INFO com.lrenyi.template.flow.manager.FlowManager -- 姝ｅ湪鍋滄鎵€鏈夎繍琛屼腑鐨勪换鍔★紝force=true
10:09:50.175 [main] INFO com.lrenyi.template.flow.manager.FlowManager -- 绯荤粺鍏抽棴锛氭鍦ㄦ敞閿€鎵€鏈変换鍔?..
10:09:50.175 [main] INFO com.lrenyi.template.flow.manager.FlowManager -- 姝ｅ湪鍋滄鎵€鏈夎繍琛屼腑鐨勪换鍔★紝force=true
10:09:50.175 [main] INFO com.lrenyi.template.flow.resource.FlowResourceRegistry -- FlowResourceRegistry 鍏抽棴锛氭鍦ㄥ叧闂墍鏈夊叏灞€璧勬簮...
10:09:50.175 [main] INFO com.lrenyi.template.flow.resource.FlowResourceRegistry -- FlowResourceRegistry 鍏抽棴瀹屾垚
10:09:50.175 [flow-eviction] INFO com.lrenyi.template.flow.storage.EvictionCoordinator -- EvictionCoordinator stopped
10:09:50.179 [main] INFO com.lrenyi.template.flow.resource.FlowResourceRegistry -- FlowResourceRegistry 鍚姩锛氬叏灞€娑堣垂骞跺彂闄愬埗=100锛?=0 鏃剁鐢級
10:09:50.180 [main] INFO com.lrenyi.template.flow.resource.FlowResourceRegistry -- FlowResourceRegistry 鍒濆鍖栧畬鎴?
10:09:50.180 [main] INFO com.lrenyi.template.flow.manager.FlowManager -- FlowManager 鍚姩
10:09:50.181 [main] INFO com.lrenyi.template.flow.engine.FlowJoinerEngine -- 椹卞姩娴佽仛鍚堜换鍔″紑濮嬶紙鍗曟祦锛? jobId=job-auto-unregister
10:09:50.183 [flow-producer-0] INFO com.lrenyi.template.flow.internal.DefaultProgressTracker -- Source marked finished, jobId=job-auto-unregister, productionAcquired=5, productionReleased=0, terminated=0, inStorage=1, activeConsumers=0, inProduction=5, pendingConsumer=0, inFlightPush=0
10:09:50.183 [flow-producer-0] INFO com.lrenyi.template.flow.internal.DefaultProgressTracker -- Job completion pending, jobId=job-auto-unregister, waitingSourceFinished=false, waitingStorageDrained=true, waitingConsumerReleased=false, waitingProductionReleased=true, waitingPendingConsumer=false, waitingInFlightPush=false, productionAcquired=5, productionReleased=2, terminated=0, inStorage=4, activeConsumers=0, inProduction=3, pendingConsumer=0, inFlightPush=0
10:09:50.183 [flow-producer-0] INFO com.lrenyi.template.flow.engine.FlowJoinerEngine -- 瀛愭祦澶勭悊瀹屾垚, jobId=job-auto-unregister, subSourceSeq=1, pulledCount=5, elapsedMs=1
10:09:50.183 [flow-consumer-4] INFO com.lrenyi.template.flow.internal.DefaultProgressTracker -- Job completion confirmed, jobId=job-auto-unregister, sourceFinished=true, productionAcquired=5, productionReleased=5, terminated=5, inStorage=0, activeConsumers=0, inProduction=0, pendingConsumer=0, inFlightPush=0, stopped=false
10:09:50.183 [flow-consumer-4] INFO com.lrenyi.template.flow.manager.FlowManager -- Job [jobId=job-auto-unregister] 宸蹭粠绠＄悊鍣ㄤ腑娉ㄩ攢
10:09:50.187 [main] INFO com.lrenyi.template.flow.engine.FlowJoinerEngine -- 瀛愭祦鐢熶骇闃舵缁撴潫, jobId=job-auto-unregister, submittedSubSources=3, elapsedMs=5
10:09:50.188 [main] INFO com.lrenyi.template.flow.manager.FlowManager -- 姝ｅ湪鍋滄鎵€鏈夎繍琛屼腑鐨勪换鍔★紝force=true
10:09:50.188 [main] INFO com.lrenyi.template.flow.manager.FlowManager -- 绯荤粺鍏抽棴锛氭鍦ㄦ敞閿€鎵€鏈変换鍔?..
10:09:50.188 [main] INFO com.lrenyi.template.flow.manager.FlowManager -- 姝ｅ湪鍋滄鎵€鏈夎繍琛屼腑鐨勪换鍔★紝force=true
10:09:50.188 [main] INFO com.lrenyi.template.flow.resource.FlowResourceRegistry -- FlowResourceRegistry 鍏抽棴锛氭鍦ㄥ叧闂墍鏈夊叏灞€璧勬簮...
10:09:50.188 [main] INFO com.lrenyi.template.flow.resource.FlowResourceRegistry -- FlowResourceRegistry 鍏抽棴瀹屾垚
10:09:50.188 [flow-eviction] INFO com.lrenyi.template.flow.storage.EvictionCoordinator -- EvictionCoordinator stopped
10:09:50.191 [main] INFO com.lrenyi.template.flow.resource.FlowResourceRegistry -- FlowResourceRegistry 鍚姩锛氬叏灞€娑堣垂骞跺彂闄愬埗=100锛?=0 鏃剁鐢級
10:09:50.191 [main] INFO com.lrenyi.template.flow.resource.FlowResourceRegistry -- FlowResourceRegistry 鍒濆鍖栧畬鎴?
10:09:50.191 [main] INFO com.lrenyi.template.flow.manager.FlowManager -- FlowManager 鍚姩
10:09:50.192 [main] INFO com.lrenyi.template.flow.engine.FlowJoinerEngine -- 鎺ㄩ€佹ā寮忎换鍔″惎鍔? jobId=job-launcher-test, totalExpected=-1
10:09:50.192 [main] INFO com.lrenyi.template.flow.internal.DefaultProgressTracker -- Source marked finished, jobId=job-launcher-test, productionAcquired=0, productionReleased=0, terminated=0, inStorage=0, activeConsumers=0, inProduction=0, pendingConsumer=0, inFlightPush=0
10:09:50.192 [main] INFO com.lrenyi.template.flow.internal.DefaultProgressTracker -- Job completion confirmed, jobId=job-launcher-test, sourceFinished=true, productionAcquired=0, productionReleased=0, terminated=0, inStorage=0, activeConsumers=0, inProduction=0, pendingConsumer=0, inFlightPush=0, stopped=false
10:09:50.192 [main] INFO com.lrenyi.template.flow.manager.FlowManager -- Job [jobId=job-launcher-test] 宸蹭粠绠＄悊鍣ㄤ腑娉ㄩ攢
10:09:50.192 [main] INFO com.lrenyi.template.flow.internal.FlowInletImpl -- Mark source finished declared, jobId=job-launcher-test, inFlightPush=0
10:09:50.192 [main] INFO com.lrenyi.template.flow.manager.FlowManager -- 姝ｅ湪鍋滄鎵€鏈夎繍琛屼腑鐨勪换鍔★紝force=true
10:09:50.192 [main] INFO com.lrenyi.template.flow.manager.FlowManager -- 姝ｅ湪鍋滄鎵€鏈夎繍琛屼腑鐨勪换鍔★紝force=true
10:09:50.192 [main] INFO com.lrenyi.template.flow.manager.FlowManager -- 绯荤粺鍏抽棴锛氭鍦ㄦ敞閿€鎵€鏈変换鍔?..
10:09:50.192 [main] INFO com.lrenyi.template.flow.manager.FlowManager -- 姝ｅ湪鍋滄鎵€鏈夎繍琛屼腑鐨勪换鍔★紝force=true
10:09:50.193 [main] INFO com.lrenyi.template.flow.resource.FlowResourceRegistry -- FlowResourceRegistry 鍏抽棴锛氭鍦ㄥ叧闂墍鏈夊叏灞€璧勬簮...
10:09:50.193 [main] INFO com.lrenyi.template.flow.resource.FlowResourceRegistry -- FlowResourceRegistry 鍏抽棴瀹屾垚
10:09:50.193 [flow-eviction] INFO com.lrenyi.template.flow.storage.EvictionCoordinator -- EvictionCoordinator stopped
10:09:50.193 [main] INFO com.lrenyi.template.flow.resource.FlowResourceRegistry -- FlowResourceRegistry 鍚姩锛氬叏灞€娑堣垂骞跺彂闄愬埗=100锛?=0 鏃剁鐢級
10:09:50.193 [main] INFO com.lrenyi.template.flow.resource.FlowResourceRegistry -- FlowResourceRegistry 鍒濆鍖栧畬鎴?
10:09:50.195 [main] INFO com.lrenyi.template.flow.manager.FlowManager -- FlowManager 鍚姩
10:09:50.195 [main] INFO com.lrenyi.template.flow.engine.FlowJoinerEngine -- 鎺ㄩ€佹ā寮忎换鍔″惎鍔? jobId=job-push-close-drain, totalExpected=-1
10:09:50.375 [main] INFO com.lrenyi.template.flow.internal.DefaultProgressTracker -- Source marked finished, jobId=job-push-close-drain, productionAcquired=12, productionReleased=12, terminated=0, inStorage=12, activeConsumers=0, inProduction=0, pendingConsumer=0, inFlightPush=0
10:09:50.375 [main] INFO com.lrenyi.template.flow.internal.DefaultProgressTracker -- Job completion pending, jobId=job-push-close-drain, waitingSourceFinished=false, waitingStorageDrained=true, waitingConsumerReleased=false, waitingProductionReleased=false, waitingPendingConsumer=false, waitingInFlightPush=true, productionAcquired=12, productionReleased=12, terminated=0, inStorage=12, activeConsumers=0, inProduction=0, pendingConsumer=0, inFlightPush=1
10:09:50.375 [main] INFO com.lrenyi.template.flow.internal.FlowInletImpl -- Mark source finished declared, jobId=job-push-close-drain, inFlightPush=1
10:09:50.377 [flow-consumer-12] INFO com.lrenyi.template.flow.internal.DefaultProgressTracker -- Job completion confirmed, jobId=job-push-close-drain, sourceFinished=true, productionAcquired=13, productionReleased=13, terminated=13, inStorage=0, activeConsumers=0, inProduction=0, pendingConsumer=0, inFlightPush=0, stopped=false
10:09:50.377 [flow-consumer-12] INFO com.lrenyi.template.flow.manager.FlowManager -- Job [jobId=job-push-close-drain] 宸蹭粠绠＄悊鍣ㄤ腑娉ㄩ攢
10:09:50.391 [Thread-1] WARN com.lrenyi.template.flow.internal.FlowInletImpl -- Push rejected because source already closed, jobId=job-push-close-drain
10:09:50.393 [main] WARN com.lrenyi.template.flow.internal.FlowInletImpl -- Push rejected because source already closed, jobId=job-push-close-drain
10:09:50.394 [main] INFO com.lrenyi.template.flow.manager.FlowManager -- 姝ｅ湪鍋滄鎵€鏈夎繍琛屼腑鐨勪换鍔★紝force=true
10:09:50.394 [main] INFO com.lrenyi.template.flow.manager.FlowManager -- 绯荤粺鍏抽棴锛氭鍦ㄦ敞閿€鎵€鏈変换鍔?..
10:09:50.394 [main] INFO com.lrenyi.template.flow.manager.FlowManager -- 姝ｅ湪鍋滄鎵€鏈夎繍琛屼腑鐨勪换鍔★紝force=true
10:09:50.394 [main] INFO com.lrenyi.template.flow.resource.FlowResourceRegistry -- FlowResourceRegistry 鍏抽棴锛氭鍦ㄥ叧闂墍鏈夊叏灞€璧勬簮...
10:09:50.394 [main] INFO com.lrenyi.template.flow.resource.FlowResourceRegistry -- FlowResourceRegistry 鍏抽棴瀹屾垚
10:09:50.394 [flow-eviction] INFO com.lrenyi.template.flow.storage.EvictionCoordinator -- EvictionCoordinator stopped
10:09:50.397 [main] INFO com.lrenyi.template.flow.resource.FlowResourceRegistry -- FlowResourceRegistry 鍚姩锛氬叏灞€娑堣垂骞跺彂闄愬埗=100锛?=0 鏃剁鐢級
10:09:50.399 [main] INFO com.lrenyi.template.flow.resource.FlowResourceRegistry -- FlowResourceRegistry 鍒濆鍖栧畬鎴?
10:09:50.399 [main] INFO com.lrenyi.template.flow.manager.FlowManager -- FlowManager 鍚姩
10:09:50.401 [main] INFO com.lrenyi.template.flow.engine.FlowJoinerEngine -- 鎺ㄩ€佹ā寮忎换鍔″惎鍔? jobId=job-counting-consistency, totalExpected=-1
10:09:50.405 [flow-consumer-0] INFO com.lrenyi.template.flow.internal.DefaultProgressTracker -- Job completion pending, jobId=job-counting-consistency, waitingSourceFinished=true, waitingStorageDrained=true, waitingConsumerReleased=false, waitingProductionReleased=false, waitingPendingConsumer=false, waitingInFlightPush=false, productionAcquired=3, productionReleased=3, terminated=1, inStorage=2, activeConsumers=0, inProduction=0, pendingConsumer=0, inFlightPush=0
10:09:50.467 [main] INFO com.lrenyi.template.flow.internal.DefaultProgressTracker -- Source marked finished, jobId=job-counting-consistency, productionAcquired=3, productionReleased=3, terminated=1, inStorage=2, activeConsumers=0, inProduction=0, pendingConsumer=0, inFlightPush=0
10:09:50.468 [main] INFO com.lrenyi.template.flow.internal.FlowInletImpl -- Mark source finished declared, jobId=job-counting-consistency, inFlightPush=0
10:09:50.469 [flow-consumer-1] INFO com.lrenyi.template.flow.internal.DefaultProgressTracker -- Job completion confirmed, jobId=job-counting-consistency, sourceFinished=true, productionAcquired=3, productionReleased=3, terminated=3, inStorage=0, activeConsumers=0, inProduction=0, pendingConsumer=0, inFlightPush=0, stopped=false
10:09:50.469 [flow-consumer-1] INFO com.lrenyi.template.flow.manager.FlowManager -- Job [jobId=job-counting-consistency] 宸蹭粠绠＄悊鍣ㄤ腑娉ㄩ攢
10:09:50.470 [main] INFO com.lrenyi.template.flow.manager.FlowManager -- 姝ｅ湪鍋滄鎵€鏈夎繍琛屼腑鐨勪换鍔★紝force=true
10:09:50.470 [main] INFO com.lrenyi.template.flow.manager.FlowManager -- 绯荤粺鍏抽棴锛氭鍦ㄦ敞閿€鎵€鏈変换鍔?..
10:09:50.470 [main] INFO com.lrenyi.template.flow.manager.FlowManager -- 姝ｅ湪鍋滄鎵€鏈夎繍琛屼腑鐨勪换鍔★紝force=true
10:09:50.471 [main] INFO com.lrenyi.template.flow.resource.FlowResourceRegistry -- FlowResourceRegistry 鍏抽棴锛氭鍦ㄥ叧闂墍鏈夊叏灞€璧勬簮...
10:09:50.471 [main] INFO com.lrenyi.template.flow.resource.FlowResourceRegistry -- FlowResourceRegistry 鍏抽棴瀹屾垚
10:09:50.471 [flow-eviction] INFO com.lrenyi.template.flow.storage.EvictionCoordinator -- EvictionCoordinator stopped
10:09:50.475 [main] INFO com.lrenyi.template.flow.resource.FlowResourceRegistry -- FlowResourceRegistry 鍚姩锛氬叏灞€娑堣垂骞跺彂闄愬埗=100锛?=0 鏃剁鐢級
10:09:50.475 [main] INFO com.lrenyi.template.flow.resource.FlowResourceRegistry -- FlowResourceRegistry 鍒濆鍖栧畬鎴?
10:09:50.475 [main] INFO com.lrenyi.template.flow.manager.FlowManager -- FlowManager 鍚姩
10:09:50.478 [main] INFO com.lrenyi.template.flow.engine.FlowJoinerEngine -- 鎺ㄩ€佹ā寮忎换鍔″惎鍔? jobId=job-replace, totalExpected=-1
10:09:50.478 [main] INFO com.lrenyi.template.flow.internal.DefaultProgressTracker -- Source marked finished, jobId=job-replace, productionAcquired=2, productionReleased=2, terminated=1, inStorage=1, activeConsumers=0, inProduction=0, pendingConsumer=0, inFlightPush=0
10:09:50.478 [flow-consumer-0] INFO com.lrenyi.template.flow.internal.DefaultProgressTracker -- Job completion pending, jobId=job-replace, waitingSourceFinished=false, waitingStorageDrained=true, waitingConsumerReleased=false, waitingProductionReleased=false, waitingPendingConsumer=false, waitingInFlightPush=false, productionAcquired=2, productionReleased=2, terminated=1, inStorage=1, activeConsumers=0, inProduction=0, pendingConsumer=0, inFlightPush=0
10:09:50.479 [main] INFO com.lrenyi.template.flow.internal.FlowInletImpl -- Mark source finished declared, jobId=job-replace, inFlightPush=0
10:09:50.480 [flow-consumer-1] INFO com.lrenyi.template.flow.internal.DefaultProgressTracker -- Job completion confirmed, jobId=job-replace, sourceFinished=true, productionAcquired=2, productionReleased=2, terminated=2, inStorage=0, activeConsumers=0, inProduction=0, pendingConsumer=0, inFlightPush=0, stopped=false
10:09:50.481 [flow-consumer-1] INFO com.lrenyi.template.flow.manager.FlowManager -- Job [jobId=job-replace] 宸蹭粠绠＄悊鍣ㄤ腑娉ㄩ攢
10:09:50.482 [main] INFO com.lrenyi.template.flow.manager.FlowManager -- 姝ｅ湪鍋滄鎵€鏈夎繍琛屼腑鐨勪换鍔★紝force=true
10:09:50.482 [main] INFO com.lrenyi.template.flow.manager.FlowManager -- 绯荤粺鍏抽棴锛氭鍦ㄦ敞閿€鎵€鏈変换鍔?..
10:09:50.482 [main] INFO com.lrenyi.template.flow.manager.FlowManager -- 姝ｅ湪鍋滄鎵€鏈夎繍琛屼腑鐨勪换鍔★紝force=true
10:09:50.482 [main] INFO com.lrenyi.template.flow.resource.FlowResourceRegistry -- FlowResourceRegistry 鍏抽棴锛氭鍦ㄥ叧闂墍鏈夊叏灞€璧勬簮...
10:09:50.482 [main] INFO com.lrenyi.template.flow.resource.FlowResourceRegistry -- FlowResourceRegistry 鍏抽棴瀹屾垚
10:09:50.484 [flow-eviction] INFO com.lrenyi.template.flow.storage.EvictionCoordinator -- EvictionCoordinator stopped
10:09:50.486 [main] INFO com.lrenyi.template.flow.resource.FlowResourceRegistry -- FlowResourceRegistry 鍚姩锛氬叏灞€娑堣垂骞跺彂闄愬埗=100锛?=0 鏃剁鐢級
10:09:50.486 [main] INFO com.lrenyi.template.flow.resource.FlowResourceRegistry -- FlowResourceRegistry 鍒濆鍖栧畬鎴?
10:09:50.486 [main] INFO com.lrenyi.template.flow.manager.FlowManager -- FlowManager 鍚姩
10:09:50.488 [main] INFO com.lrenyi.template.flow.engine.FlowJoinerEngine -- 椹卞姩娴佽仛鍚堜换鍔″紑濮嬶紙鍗曟祦锛? jobId=job-completion
10:09:50.492 [flow-producer-0] INFO com.lrenyi.template.flow.internal.DefaultProgressTracker -- Source marked finished, jobId=job-completion, productionAcquired=30, productionReleased=27, terminated=0, inStorage=28, activeConsumers=0, inProduction=3, pendingConsumer=0, inFlightPush=0
10:09:50.493 [flow-producer-0] INFO com.lrenyi.template.flow.internal.DefaultProgressTracker -- Job completion pending, jobId=job-completion, waitingSourceFinished=false, waitingStorageDrained=true, waitingConsumerReleased=false, waitingProductionReleased=true, waitingPendingConsumer=false, waitingInFlightPush=false, productionAcquired=30, productionReleased=29, terminated=0, inStorage=29, activeConsumers=0, inProduction=1, pendingConsumer=0, inFlightPush=0
10:09:50.493 [flow-producer-0] INFO com.lrenyi.template.flow.engine.FlowJoinerEngine -- 瀛愭祦澶勭悊瀹屾垚, jobId=job-completion, subSourceSeq=1, pulledCount=30, elapsedMs=2
10:09:50.495 [flow-consumer-29] INFO com.lrenyi.template.flow.internal.DefaultProgressTracker -- Job completion confirmed, jobId=job-completion, sourceFinished=true, productionAcquired=30, productionReleased=30, terminated=30, inStorage=0, activeConsumers=0, inProduction=0, pendingConsumer=0, inFlightPush=0, stopped=false
10:09:50.496 [flow-consumer-29] INFO com.lrenyi.template.flow.manager.FlowManager -- Job [jobId=job-completion] 宸蹭粠绠＄悊鍣ㄤ腑娉ㄩ攢
10:09:50.496 [main] INFO com.lrenyi.template.flow.engine.FlowJoinerEngine -- 瀛愭祦鐢熶骇闃舵缁撴潫, jobId=job-completion, submittedSubSources=2, elapsedMs=6
10:09:50.504 [main] INFO com.lrenyi.template.flow.manager.FlowManager -- 姝ｅ湪鍋滄鎵€鏈夎繍琛屼腑鐨勪换鍔★紝force=true
10:09:50.504 [main] INFO com.lrenyi.template.flow.manager.FlowManager -- 绯荤粺鍏抽棴锛氭鍦ㄦ敞閿€鎵€鏈変换鍔?..
10:09:50.504 [main] INFO com.lrenyi.template.flow.manager.FlowManager -- 姝ｅ湪鍋滄鎵€鏈夎繍琛屼腑鐨勪换鍔★紝force=true
10:09:50.504 [main] INFO com.lrenyi.template.flow.resource.FlowResourceRegistry -- FlowResourceRegistry 鍏抽棴锛氭鍦ㄥ叧闂墍鏈夊叏灞€璧勬簮...
10:09:50.504 [flow-eviction] INFO com.lrenyi.template.flow.storage.EvictionCoordinator -- EvictionCoordinator stopped
10:09:50.505 [main] INFO com.lrenyi.template.flow.resource.FlowResourceRegistry -- FlowResourceRegistry 鍏抽棴瀹屾垚
10:09:50.507 [main] INFO com.lrenyi.template.flow.resource.FlowResourceRegistry -- FlowResourceRegistry 鍚姩锛氬叏灞€娑堣垂骞跺彂闄愬埗=100锛?=0 鏃剁鐢級
10:09:50.507 [main] INFO com.lrenyi.template.flow.resource.FlowResourceRegistry -- FlowResourceRegistry 鍒濆鍖栧畬鎴?
10:09:50.508 [main] INFO com.lrenyi.template.flow.manager.FlowManager -- FlowManager 鍚姩
10:09:50.510 [main] INFO com.lrenyi.template.flow.engine.FlowJoinerEngine -- 鎺ㄩ€佹ā寮忎换鍔″惎鍔? jobId=job-isolation-1, totalExpected=-1
10:09:50.512 [main] INFO com.lrenyi.template.flow.engine.FlowJoinerEngine -- 鎺ㄩ€佹ā寮忎换鍔″惎鍔? jobId=job-isolation-2, totalExpected=-1
10:09:50.512 [main] INFO com.lrenyi.template.flow.internal.DefaultProgressTracker -- Source marked finished, jobId=job-isolation-1, productionAcquired=1, productionReleased=0, terminated=0, inStorage=0, activeConsumers=0, inProduction=1, pendingConsumer=0, inFlightPush=0
10:09:50.513 [main] INFO com.lrenyi.template.flow.internal.DefaultProgressTracker -- Job completion pending, jobId=job-isolation-1, waitingSourceFinished=false, waitingStorageDrained=false, waitingConsumerReleased=false, waitingProductionReleased=true, waitingPendingConsumer=false, waitingInFlightPush=false, productionAcquired=1, productionReleased=0, terminated=0, inStorage=0, activeConsumers=0, inProduction=1, pendingConsumer=0, inFlightPush=0
10:09:50.513 [main] INFO com.lrenyi.template.flow.internal.FlowInletImpl -- Mark source finished declared, jobId=job-isolation-1, inFlightPush=0
10:09:50.513 [main] INFO com.lrenyi.template.flow.internal.DefaultProgressTracker -- Source marked finished, jobId=job-isolation-2, productionAcquired=1, productionReleased=0, terminated=0, inStorage=0, activeConsumers=0, inProduction=1, pendingConsumer=0, inFlightPush=0
10:09:50.513 [main] INFO com.lrenyi.template.flow.internal.DefaultProgressTracker -- Job completion pending, jobId=job-isolation-2, waitingSourceFinished=false, waitingStorageDrained=false, waitingConsumerReleased=false, waitingProductionReleased=true, waitingPendingConsumer=false, waitingInFlightPush=false, productionAcquired=1, productionReleased=0, terminated=0, inStorage=0, activeConsumers=0, inProduction=1, pendingConsumer=0, inFlightPush=0
10:09:50.513 [main] INFO com.lrenyi.template.flow.internal.FlowInletImpl -- Mark source finished declared, jobId=job-isolation-2, inFlightPush=0
10:09:50.514 [flow-consumer-1] INFO com.lrenyi.template.flow.internal.DefaultProgressTracker -- Job completion confirmed, jobId=job-isolation-1, sourceFinished=true, productionAcquired=1, productionReleased=1, terminated=1, inStorage=0, activeConsumers=0, inProduction=0, pendingConsumer=0, inFlightPush=0, stopped=false
10:09:50.514 [flow-consumer-1] INFO com.lrenyi.template.flow.manager.FlowManager -- Job [jobId=job-isolation-1] 宸蹭粠绠＄悊鍣ㄤ腑娉ㄩ攢
10:09:50.514 [flow-consumer-0] INFO com.lrenyi.template.flow.internal.DefaultProgressTracker -- Job completion confirmed, jobId=job-isolation-2, sourceFinished=true, productionAcquired=1, productionReleased=1, terminated=1, inStorage=0, activeConsumers=0, inProduction=0, pendingConsumer=0, inFlightPush=0, stopped=false
10:09:50.515 [flow-consumer-0] INFO com.lrenyi.template.flow.manager.FlowManager -- Job [jobId=job-isolation-2] 宸蹭粠绠＄悊鍣ㄤ腑娉ㄩ攢
10:09:50.516 [main] INFO com.lrenyi.template.flow.manager.FlowManager -- 姝ｅ湪鍋滄鎵€鏈夎繍琛屼腑鐨勪换鍔★紝force=true
10:09:50.517 [main] INFO com.lrenyi.template.flow.manager.FlowManager -- 绯荤粺鍏抽棴锛氭鍦ㄦ敞閿€鎵€鏈変换鍔?..
10:09:50.517 [main] INFO com.lrenyi.template.flow.manager.FlowManager -- 姝ｅ湪鍋滄鎵€鏈夎繍琛屼腑鐨勪换鍔★紝force=true
10:09:50.517 [main] INFO com.lrenyi.template.flow.resource.FlowResourceRegistry -- FlowResourceRegistry 鍏抽棴锛氭鍦ㄥ叧闂墍鏈夊叏灞€璧勬簮...
10:09:50.518 [main] INFO com.lrenyi.template.flow.resource.FlowResourceRegistry -- FlowResourceRegistry 鍏抽棴瀹屾垚
10:09:50.518 [flow-eviction] INFO com.lrenyi.template.flow.storage.EvictionCoordinator -- EvictionCoordinator stopped
10:09:50.518 [flow-eviction] INFO com.lrenyi.template.flow.storage.EvictionCoordinator -- EvictionCoordinator stopped
10:09:50.520 [main] INFO com.lrenyi.template.flow.resource.FlowResourceRegistry -- FlowResourceRegistry 鍚姩锛氬叏灞€娑堣垂骞跺彂闄愬埗=100锛?=0 鏃剁鐢級
10:09:50.521 [main] INFO com.lrenyi.template.flow.resource.FlowResourceRegistry -- FlowResourceRegistry 鍒濆鍖栧畬鎴?
10:09:50.521 [main] INFO com.lrenyi.template.flow.manager.FlowManager -- FlowManager 鍚姩
10:09:50.522 [main] INFO com.lrenyi.template.flow.engine.FlowJoinerEngine -- 鎺ㄩ€佹ā寮忎换鍔″惎鍔? jobId=job-caffeine-retry-preretry-handled, totalExpected=-1
10:09:50.524 [main] INFO com.lrenyi.template.flow.internal.FlowLauncher -- 鍋滄 Job [jobId=job-caffeine-retry-preretry-handled], force=true
10:09:50.524 [flow-consumer-0] INFO com.lrenyi.template.flow.internal.DefaultProgressTracker -- Job completion pending, jobId=job-caffeine-retry-preretry-handled, waitingSourceFinished=true, waitingStorageDrained=false, waitingConsumerReleased=true, waitingProductionReleased=false, waitingPendingConsumer=false, waitingInFlightPush=false, productionAcquired=1, productionReleased=1, terminated=1, inStorage=0, activeConsumers=1, inProduction=0, pendingConsumer=0, inFlightPush=0
10:09:50.525 [main] INFO com.lrenyi.template.flow.internal.DefaultProgressTracker -- Source marked finished, jobId=job-caffeine-retry-preretry-handled, productionAcquired=1, productionReleased=1, terminated=1, inStorage=0, activeConsumers=1, inProduction=0, pendingConsumer=0, inFlightPush=0
10:09:50.525 [main] INFO com.lrenyi.template.flow.internal.DefaultProgressTracker -- Job completion confirmed, jobId=job-caffeine-retry-preretry-handled, sourceFinished=true, productionAcquired=1, productionReleased=1, terminated=2, inStorage=0, activeConsumers=0, inProduction=0, pendingConsumer=0, inFlightPush=0, stopped=true
10:09:50.525 [main] INFO com.lrenyi.template.flow.manager.FlowManager -- Job [jobId=job-caffeine-retry-preretry-handled] 宸蹭粠绠＄悊鍣ㄤ腑娉ㄩ攢
10:09:50.525 [flow-eviction] INFO com.lrenyi.template.flow.storage.EvictionCoordinator -- EvictionCoordinator stopped
10:09:50.525 [main] INFO com.lrenyi.template.flow.manager.FlowManager -- 姝ｅ湪鍋滄鎵€鏈夎繍琛屼腑鐨勪换鍔★紝force=true
10:09:50.525 [main] INFO com.lrenyi.template.flow.manager.FlowManager -- 绯荤粺鍏抽棴锛氭鍦ㄦ敞閿€鎵€鏈変换鍔?..
10:09:50.525 [main] INFO com.lrenyi.template.flow.manager.FlowManager -- 姝ｅ湪鍋滄鎵€鏈夎繍琛屼腑鐨勪换鍔★紝force=true
10:09:50.525 [main] INFO com.lrenyi.template.flow.resource.FlowResourceRegistry -- FlowResourceRegistry 鍏抽棴锛氭鍦ㄥ叧闂墍鏈夊叏灞€璧勬簮...
10:09:50.526 [main] INFO com.lrenyi.template.flow.resource.FlowResourceRegistry -- FlowResourceRegistry 鍏抽棴瀹屾垚
10:09:50.528 [main] INFO com.lrenyi.template.flow.resource.FlowResourceRegistry -- FlowResourceRegistry 鍚姩锛氬叏灞€娑堣垂骞跺彂闄愬埗=100锛?=0 鏃剁鐢級
10:09:50.528 [main] INFO com.lrenyi.template.flow.resource.FlowResourceRegistry -- FlowResourceRegistry 鍒濆鍖栧畬鎴?
10:09:50.529 [main] INFO com.lrenyi.template.flow.manager.FlowManager -- FlowManager 鍚姩
10:09:50.530 [main] INFO com.lrenyi.template.flow.engine.FlowJoinerEngine -- 椹卞姩娴佽仛鍚堜换鍔″紑濮? jobId=job-pull-multi
10:09:50.534 [flow-consumer-3] INFO com.lrenyi.template.flow.internal.DefaultProgressTracker -- Job completion pending, jobId=job-pull-multi, waitingSourceFinished=true, waitingStorageDrained=true, waitingConsumerReleased=true, waitingProductionReleased=true, waitingPendingConsumer=false, waitingInFlightPush=false, productionAcquired=10, productionReleased=2, terminated=4, inStorage=4, activeConsumers=4, inProduction=8, pendingConsumer=0, inFlightPush=0
10:09:50.534 [flow-producer-0] INFO com.lrenyi.template.flow.engine.FlowJoinerEngine -- 瀛愭祦澶勭悊瀹屾垚, jobId=job-pull-multi, subSourceSeq=1, pulledCount=10, elapsedMs=2
10:09:50.534 [flow-producer-1] INFO com.lrenyi.template.flow.internal.DefaultProgressTracker -- Source marked finished, jobId=job-pull-multi, productionAcquired=20, productionReleased=12, terminated=12, inStorage=5, activeConsumers=2, inProduction=8, pendingConsumer=0, inFlightPush=0
10:09:50.534 [flow-producer-1] INFO com.lrenyi.template.flow.engine.FlowJoinerEngine -- 瀛愭祦澶勭悊瀹屾垚, jobId=job-pull-multi, subSourceSeq=2, pulledCount=10, elapsedMs=2
10:09:50.543 [main] INFO com.lrenyi.template.flow.engine.FlowJoinerEngine -- 瀛愭祦鐢熶骇闃舵缁撴潫, jobId=job-pull-multi, submittedSubSources=11, elapsedMs=11
10:09:50.544 [main] INFO com.lrenyi.template.flow.internal.DefaultProgressTracker -- Job completion confirmed, jobId=job-pull-multi, sourceFinished=true, productionAcquired=20, productionReleased=20, terminated=20, inStorage=0, activeConsumers=0, inProduction=0, pendingConsumer=0, inFlightPush=0, stopped=false
10:09:50.545 [main] INFO com.lrenyi.template.flow.manager.FlowManager -- Job [jobId=job-pull-multi] 宸蹭粠绠＄悊鍣ㄤ腑娉ㄩ攢
10:09:50.546 [main] INFO com.lrenyi.template.flow.manager.FlowManager -- 姝ｅ湪鍋滄鎵€鏈夎繍琛屼腑鐨勪换鍔★紝force=true
10:09:50.547 [main] INFO com.lrenyi.template.flow.manager.FlowManager -- 绯荤粺鍏抽棴锛氭鍦ㄦ敞閿€鎵€鏈変换鍔?..
10:09:50.547 [main] INFO com.lrenyi.template.flow.manager.FlowManager -- 姝ｅ湪鍋滄鎵€鏈夎繍琛屼腑鐨勪换鍔★紝force=true
10:09:50.547 [main] INFO com.lrenyi.template.flow.resource.FlowResourceRegistry -- FlowResourceRegistry 鍏抽棴锛氭鍦ㄥ叧闂墍鏈夊叏灞€璧勬簮...
10:09:50.547 [main] INFO com.lrenyi.template.flow.resource.FlowResourceRegistry -- FlowResourceRegistry 鍏抽棴瀹屾垚
10:09:50.547 [flow-eviction] INFO com.lrenyi.template.flow.storage.EvictionCoordinator -- EvictionCoordinator stopped
10:09:50.551 [main] INFO com.lrenyi.template.flow.resource.FlowResourceRegistry -- FlowResourceRegistry 鍚姩锛氬叏灞€娑堣垂骞跺彂闄愬埗=100锛?=0 鏃剁鐢級
10:09:50.551 [main] INFO com.lrenyi.template.flow.resource.FlowResourceRegistry -- FlowResourceRegistry 鍒濆鍖栧畬鎴?
10:09:50.551 [main] INFO com.lrenyi.template.flow.manager.FlowManager -- FlowManager 鍚姩
10:09:50.555 [main] INFO com.lrenyi.template.flow.engine.FlowJoinerEngine -- 鎺ㄩ€佹ā寮忎换鍔″惎鍔? jobId=job-metrics, totalExpected=-1
10:09:50.556 [main] INFO com.lrenyi.template.flow.internal.DefaultProgressTracker -- Source marked finished, jobId=job-metrics, productionAcquired=1, productionReleased=0, terminated=0, inStorage=0, activeConsumers=0, inProduction=1, pendingConsumer=0, inFlightPush=0
10:09:50.556 [main] INFO com.lrenyi.template.flow.internal.DefaultProgressTracker -- Job completion pending, jobId=job-metrics, waitingSourceFinished=false, waitingStorageDrained=true, waitingConsumerReleased=false, waitingProductionReleased=true, waitingPendingConsumer=false, waitingInFlightPush=false, productionAcquired=1, productionReleased=0, terminated=0, inStorage=1, activeConsumers=0, inProduction=1, pendingConsumer=0, inFlightPush=0
10:09:50.556 [main] INFO com.lrenyi.template.flow.internal.FlowInletImpl -- Mark source finished declared, jobId=job-metrics, inFlightPush=0
10:09:50.558 [flow-consumer-0] INFO com.lrenyi.template.flow.internal.DefaultProgressTracker -- Job completion confirmed, jobId=job-metrics, sourceFinished=true, productionAcquired=1, productionReleased=1, terminated=1, inStorage=0, activeConsumers=0, inProduction=0, pendingConsumer=0, inFlightPush=0, stopped=false
10:09:50.559 [flow-consumer-0] INFO com.lrenyi.template.flow.manager.FlowManager -- Job [jobId=job-metrics] 宸蹭粠绠＄悊鍣ㄤ腑娉ㄩ攢
10:09:50.620 [main] INFO com.lrenyi.template.flow.manager.FlowManager -- 姝ｅ湪鍋滄鎵€鏈夎繍琛屼腑鐨勪换鍔★紝force=true
10:09:50.620 [main] INFO com.lrenyi.template.flow.manager.FlowManager -- 绯荤粺鍏抽棴锛氭鍦ㄦ敞閿€鎵€鏈変换鍔?..
10:09:50.620 [main] INFO com.lrenyi.template.flow.manager.FlowManager -- 姝ｅ湪鍋滄鎵€鏈夎繍琛屼腑鐨勪换鍔★紝force=true
10:09:50.620 [main] INFO com.lrenyi.template.flow.resource.FlowResourceRegistry -- FlowResourceRegistry 鍏抽棴锛氭鍦ㄥ叧闂墍鏈夊叏灞€璧勬簮...
10:09:50.621 [main] INFO com.lrenyi.template.flow.resource.FlowResourceRegistry -- FlowResourceRegistry 鍏抽棴瀹屾垚
10:09:50.621 [flow-eviction] INFO com.lrenyi.template.flow.storage.EvictionCoordinator -- EvictionCoordinator stopped
10:09:50.625 [main] INFO com.lrenyi.template.flow.resource.FlowResourceRegistry -- FlowResourceRegistry 鍚姩锛氬叏灞€娑堣垂骞跺彂闄愬埗=100锛?=0 鏃剁鐢級
10:09:50.625 [main] INFO com.lrenyi.template.flow.resource.FlowResourceRegistry -- FlowResourceRegistry 鍒濆鍖栧畬鎴?
10:09:50.625 [main] INFO com.lrenyi.template.flow.manager.FlowManager -- FlowManager 鍚姩
10:09:50.627 [main] INFO com.lrenyi.template.flow.engine.FlowJoinerEngine -- 鎺ㄩ€佹ā寮忎换鍔″惎鍔? jobId=job-stop-reset, totalExpected=-1
10:09:50.627 [main] INFO com.lrenyi.template.flow.internal.FlowLauncher -- 鍋滄 Job [jobId=job-stop-reset], force=true
10:09:50.627 [main] INFO com.lrenyi.template.flow.internal.DefaultProgressTracker -- Source marked finished, jobId=job-stop-reset, productionAcquired=1, productionReleased=0, terminated=0, inStorage=0, activeConsumers=0, inProduction=1, pendingConsumer=0, inFlightPush=0
10:09:50.627 [main] INFO com.lrenyi.template.flow.internal.DefaultProgressTracker -- Job completion pending, jobId=job-stop-reset, waitingSourceFinished=false, waitingStorageDrained=false, waitingConsumerReleased=false, waitingProductionReleased=true, waitingPendingConsumer=false, waitingInFlightPush=false, productionAcquired=1, productionReleased=0, terminated=0, inStorage=0, activeConsumers=0, inProduction=1, pendingConsumer=0, inFlightPush=0
10:09:50.627 [main] INFO com.lrenyi.template.flow.manager.FlowManager -- Job [jobId=job-stop-reset] 宸蹭粠绠＄悊鍣ㄤ腑娉ㄩ攢
10:09:50.627 [main] INFO com.lrenyi.template.flow.manager.FlowManager -- 绯荤粺鍏抽棴锛氭鍦ㄦ敞閿€鎵€鏈変换鍔?..
10:09:50.627 [main] INFO com.lrenyi.template.flow.manager.FlowManager -- 姝ｅ湪鍋滄鎵€鏈夎繍琛屼腑鐨勪换鍔★紝force=true
10:09:50.627 [main] INFO com.lrenyi.template.flow.resource.FlowResourceRegistry -- FlowResourceRegistry 鍏抽棴锛氭鍦ㄥ叧闂墍鏈夊叏灞€璧勬簮...
10:09:50.627 [main] INFO com.lrenyi.template.flow.resource.FlowResourceRegistry -- FlowResourceRegistry 鍏抽棴瀹屾垚
10:09:50.628 [main] INFO com.lrenyi.template.flow.resource.FlowResourceRegistry -- FlowResourceRegistry 鍚姩锛氬叏灞€娑堣垂骞跺彂闄愬埗=100锛?=0 鏃剁鐢級
10:09:50.628 [main] INFO com.lrenyi.template.flow.resource.FlowResourceRegistry -- FlowResourceRegistry 鍒濆鍖栧畬鎴?
10:09:50.628 [flow-eviction] INFO com.lrenyi.template.flow.storage.EvictionCoordinator -- EvictionCoordinator stopped
10:09:50.628 [main] INFO com.lrenyi.template.flow.manager.FlowManager -- FlowManager 鍚姩
10:09:50.628 [main] INFO com.lrenyi.template.flow.manager.FlowManager -- 姝ｅ湪鍋滄鎵€鏈夎繍琛屼腑鐨勪换鍔★紝force=true
10:09:50.628 [main] INFO com.lrenyi.template.flow.manager.FlowManager -- 绯荤粺鍏抽棴锛氭鍦ㄦ敞閿€鎵€鏈変换鍔?..
10:09:50.628 [main] INFO com.lrenyi.template.flow.manager.FlowManager -- 姝ｅ湪鍋滄鎵€鏈夎繍琛屼腑鐨勪换鍔★紝force=true
10:09:50.629 [main] INFO com.lrenyi.template.flow.resource.FlowResourceRegistry -- FlowResourceRegistry 鍏抽棴锛氭鍦ㄥ叧闂墍鏈夊叏灞€璧勬簮...
10:09:50.629 [main] INFO com.lrenyi.template.flow.resource.FlowResourceRegistry -- FlowResourceRegistry 鍏抽棴瀹屾垚
10:09:50.630 [flow-producer-0] INFO com.lrenyi.template.flow.internal.DefaultProgressTracker -- Job completion confirmed, jobId=job-stop-reset, sourceFinished=true, productionAcquired=1, productionReleased=1, terminated=1, inStorage=0, activeConsumers=0, inProduction=0, pendingConsumer=0, inFlightPush=0, stopped=true
10:09:50.633 [main] INFO com.lrenyi.template.flow.resource.FlowResourceRegistry -- FlowResourceRegistry 鍚姩锛氬叏灞€娑堣垂骞跺彂闄愬埗=100锛?=0 鏃剁鐢級
10:09:50.633 [main] INFO com.lrenyi.template.flow.resource.FlowResourceRegistry -- FlowResourceRegistry 鍒濆鍖栧畬鎴?
10:09:50.633 [main] INFO com.lrenyi.template.flow.manager.FlowManager -- FlowManager 鍚姩
10:09:50.636 [main] INFO com.lrenyi.template.flow.engine.FlowJoinerEngine -- 椹卞姩娴佽仛鍚堜换鍔″紑濮嬶紙鍗曟祦锛? jobId=job-pull-single
10:09:50.638 [flow-producer-0] INFO com.lrenyi.template.flow.internal.DefaultProgressTracker -- Source marked finished, jobId=job-pull-single, productionAcquired=21, productionReleased=13, terminated=1, inStorage=15, activeConsumers=0, inProduction=8, pendingConsumer=0, inFlightPush=0
10:09:50.638 [flow-producer-1] INFO com.lrenyi.template.flow.engine.FlowJoinerEngine -- 瀛愭祦澶勭悊瀹屾垚, jobId=job-pull-single, subSourceSeq=2, pulledCount=12, elapsedMs=1
10:09:50.639 [flow-producer-0] INFO com.lrenyi.template.flow.internal.DefaultProgressTracker -- Job completion pending, jobId=job-pull-single, waitingSourceFinished=false, waitingStorageDrained=true, waitingConsumerReleased=false, waitingProductionReleased=true, waitingPendingConsumer=false, waitingInFlightPush=false, productionAcquired=21, productionReleased=19, terminated=1, inStorage=19, activeConsumers=0, inProduction=2, pendingConsumer=0, inFlightPush=0
10:09:50.639 [flow-producer-0] INFO com.lrenyi.template.flow.engine.FlowJoinerEngine -- 瀛愭祦澶勭悊瀹屾垚, jobId=job-pull-single, subSourceSeq=1, pulledCount=9, elapsedMs=2
10:09:50.640 [flow-consumer-12] INFO com.lrenyi.template.flow.internal.DefaultProgressTracker -- Job completion confirmed, jobId=job-pull-single, sourceFinished=true, productionAcquired=21, productionReleased=21, terminated=21, inStorage=0, activeConsumers=0, inProduction=0, pendingConsumer=0, inFlightPush=0, stopped=false
10:09:50.641 [flow-consumer-12] INFO com.lrenyi.template.flow.manager.FlowManager -- Job [jobId=job-pull-single] 宸蹭粠绠＄悊鍣ㄤ腑娉ㄩ攢
10:09:50.650 [main] INFO com.lrenyi.template.flow.engine.FlowJoinerEngine -- 瀛愭祦鐢熶骇闃舵缁撴潫, jobId=job-pull-single, submittedSubSources=10, elapsedMs=13
10:09:50.706 [main] INFO com.lrenyi.template.flow.manager.FlowManager -- 姝ｅ湪鍋滄鎵€鏈夎繍琛屼腑鐨勪换鍔★紝force=true
10:09:50.707 [main] INFO com.lrenyi.template.flow.manager.FlowManager -- 绯荤粺鍏抽棴锛氭鍦ㄦ敞閿€鎵€鏈変换鍔?..
10:09:50.707 [main] INFO com.lrenyi.template.flow.manager.FlowManager -- 姝ｅ湪鍋滄鎵€鏈夎繍琛屼腑鐨勪换鍔★紝force=true
10:09:50.707 [main] INFO com.lrenyi.template.flow.resource.FlowResourceRegistry -- FlowResourceRegistry 鍏抽棴锛氭鍦ㄥ叧闂墍鏈夊叏灞€璧勬簮...
10:09:50.707 [main] INFO com.lrenyi.template.flow.resource.FlowResourceRegistry -- FlowResourceRegistry 鍏抽棴瀹屾垚
10:09:50.707 [flow-eviction] INFO com.lrenyi.template.flow.storage.EvictionCoordinator -- EvictionCoordinator stopped
10:09:50.711 [main] INFO com.lrenyi.template.flow.resource.FlowResourceRegistry -- FlowResourceRegistry 鍚姩锛氬叏灞€娑堣垂骞跺彂闄愬埗=100锛?=0 鏃剁鐢級
10:09:50.712 [main] INFO com.lrenyi.template.flow.resource.FlowResourceRegistry -- FlowResourceRegistry 鍒濆鍖栧畬鎴?
10:09:50.712 [main] INFO com.lrenyi.template.flow.manager.FlowManager -- FlowManager 鍚姩
10:09:50.718 [main] INFO com.lrenyi.template.flow.engine.FlowJoinerEngine -- 鎺ㄩ€佹ā寮忎换鍔″惎鍔? jobId=job-push-complete, totalExpected=-1
10:09:50.719 [main] INFO com.lrenyi.template.flow.internal.DefaultProgressTracker -- Source marked finished, jobId=job-push-complete, productionAcquired=25, productionReleased=22, terminated=0, inStorage=23, activeConsumers=0, inProduction=3, pendingConsumer=0, inFlightPush=0
10:09:50.721 [main] INFO com.lrenyi.template.flow.internal.DefaultProgressTracker -- Job completion pending, jobId=job-push-complete, waitingSourceFinished=false, waitingStorageDrained=true, waitingConsumerReleased=false, waitingProductionReleased=false, waitingPendingConsumer=true, waitingInFlightPush=false, productionAcquired=25, productionReleased=25, terminated=0, inStorage=24, activeConsumers=0, inProduction=0, pendingConsumer=1, inFlightPush=0
10:09:50.721 [main] INFO com.lrenyi.template.flow.internal.FlowInletImpl -- Mark source finished declared, jobId=job-push-complete, inFlightPush=0
10:09:50.722 [flow-consumer-24] INFO com.lrenyi.template.flow.internal.DefaultProgressTracker -- Job completion confirmed, jobId=job-push-complete, sourceFinished=true, productionAcquired=25, productionReleased=25, terminated=25, inStorage=0, activeConsumers=0, inProduction=0, pendingConsumer=0, inFlightPush=0, stopped=false
10:09:50.722 [flow-consumer-24] INFO com.lrenyi.template.flow.manager.FlowManager -- Job [jobId=job-push-complete] 宸蹭粠绠＄悊鍣ㄤ腑娉ㄩ攢
10:09:50.779 [main] INFO com.lrenyi.template.flow.manager.FlowManager -- 姝ｅ湪鍋滄鎵€鏈夎繍琛屼腑鐨勪换鍔★紝force=true
10:09:50.779 [main] INFO com.lrenyi.template.flow.manager.FlowManager -- 绯荤粺鍏抽棴锛氭鍦ㄦ敞閿€鎵€鏈変换鍔?..
10:09:50.779 [main] INFO com.lrenyi.template.flow.manager.FlowManager -- 姝ｅ湪鍋滄鎵€鏈夎繍琛屼腑鐨勪换鍔★紝force=true
10:09:50.779 [main] INFO com.lrenyi.template.flow.resource.FlowResourceRegistry -- FlowResourceRegistry 鍏抽棴锛氭鍦ㄥ叧闂墍鏈夊叏灞€璧勬簮...
10:09:50.779 [main] INFO com.lrenyi.template.flow.resource.FlowResourceRegistry -- FlowResourceRegistry 鍏抽棴瀹屾垚
10:09:50.779 [flow-eviction] INFO com.lrenyi.template.flow.storage.EvictionCoordinator -- EvictionCoordinator stopped
10:09:50.789 [main] INFO com.lrenyi.template.flow.resource.FlowResourceRegistry -- FlowResourceRegistry 鍚姩锛氬叏灞€娑堣垂骞跺彂闄愬埗=100锛?=0 鏃剁鐢級
10:09:50.789 [main] INFO com.lrenyi.template.flow.resource.FlowResourceRegistry -- FlowResourceRegistry 鍒濆鍖栧畬鎴?
10:09:50.789 [main] INFO com.lrenyi.template.flow.manager.FlowManager -- FlowManager 鍚姩
10:09:50.798 [main] INFO com.lrenyi.template.flow.engine.FlowJoinerEngine -- 鎺ㄩ€佹ā寮忎换鍔″惎鍔? jobId=job-reset-after, totalExpected=-1
10:09:50.798 [main] INFO com.lrenyi.template.flow.internal.DefaultProgressTracker -- Source marked finished, jobId=job-reset-after, productionAcquired=1, productionReleased=0, terminated=0, inStorage=0, activeConsumers=0, inProduction=1, pendingConsumer=0, inFlightPush=0
10:09:50.798 [main] INFO com.lrenyi.template.flow.internal.DefaultProgressTracker -- Job completion pending, jobId=job-reset-after, waitingSourceFinished=false, waitingStorageDrained=false, waitingConsumerReleased=false, waitingProductionReleased=true, waitingPendingConsumer=false, waitingInFlightPush=false, productionAcquired=1, productionReleased=0, terminated=0, inStorage=0, activeConsumers=0, inProduction=1, pendingConsumer=0, inFlightPush=0
10:09:50.799 [main] INFO com.lrenyi.template.flow.internal.FlowInletImpl -- Mark source finished declared, jobId=job-reset-after, inFlightPush=0
10:09:50.800 [flow-consumer-0] INFO com.lrenyi.template.flow.internal.DefaultProgressTracker -- Job completion confirmed, jobId=job-reset-after, sourceFinished=true, productionAcquired=1, productionReleased=1, terminated=1, inStorage=0, activeConsumers=0, inProduction=0, pendingConsumer=0, inFlightPush=0, stopped=false
10:09:50.800 [flow-consumer-0] INFO com.lrenyi.template.flow.manager.FlowManager -- Job [jobId=job-reset-after] 宸蹭粠绠＄悊鍣ㄤ腑娉ㄩ攢
10:09:50.852 [main] INFO com.lrenyi.template.flow.manager.FlowManager -- 绯荤粺鍏抽棴锛氭鍦ㄦ敞閿€鎵€鏈変换鍔?..
10:09:50.852 [main] INFO com.lrenyi.template.flow.manager.FlowManager -- 姝ｅ湪鍋滄鎵€鏈夎繍琛屼腑鐨勪换鍔★紝force=true
10:09:50.852 [main] INFO com.lrenyi.template.flow.resource.FlowResourceRegistry -- FlowResourceRegistry 鍏抽棴锛氭鍦ㄥ叧闂墍鏈夊叏灞€璧勬簮...
10:09:50.853 [main] INFO com.lrenyi.template.flow.resource.FlowResourceRegistry -- FlowResourceRegistry 鍏抽棴瀹屾垚
10:09:50.853 [flow-eviction] INFO com.lrenyi.template.flow.storage.EvictionCoordinator -- EvictionCoordinator stopped
10:09:50.854 [main] INFO com.lrenyi.template.flow.resource.FlowResourceRegistry -- FlowResourceRegistry 鍚姩锛氬叏灞€娑堣垂骞跺彂闄愬埗=100锛?=0 鏃剁鐢級
10:09:50.854 [main] INFO com.lrenyi.template.flow.resource.FlowResourceRegistry -- FlowResourceRegistry 鍒濆鍖栧畬鎴?
10:09:50.854 [main] INFO com.lrenyi.template.flow.manager.FlowManager -- FlowManager 鍚姩
10:09:50.855 [main] INFO com.lrenyi.template.flow.engine.FlowJoinerEngine -- 鎺ㄩ€佹ā寮忎换鍔″惎鍔? jobId=job-new-after-reset, totalExpected=-1
10:09:50.855 [main] INFO com.lrenyi.template.flow.internal.DefaultProgressTracker -- Source marked finished, jobId=job-new-after-reset, productionAcquired=1, productionReleased=0, terminated=0, inStorage=0, activeConsumers=0, inProduction=1, pendingConsumer=0, inFlightPush=0
10:09:50.855 [main] INFO com.lrenyi.template.flow.internal.DefaultProgressTracker -- Job completion pending, jobId=job-new-after-reset, waitingSourceFinished=false, waitingStorageDrained=false, waitingConsumerReleased=false, waitingProductionReleased=true, waitingPendingConsumer=false, waitingInFlightPush=false, productionAcquired=1, productionReleased=0, terminated=0, inStorage=0, activeConsumers=0, inProduction=1, pendingConsumer=0, inFlightPush=0
10:09:50.855 [main] INFO com.lrenyi.template.flow.internal.FlowInletImpl -- Mark source finished declared, jobId=job-new-after-reset, inFlightPush=0
10:09:50.857 [flow-consumer-0] INFO com.lrenyi.template.flow.internal.DefaultProgressTracker -- Job completion confirmed, jobId=job-new-after-reset, sourceFinished=true, productionAcquired=1, productionReleased=1, terminated=1, inStorage=0, activeConsumers=0, inProduction=0, pendingConsumer=0, inFlightPush=0, stopped=false
10:09:50.857 [flow-consumer-0] INFO com.lrenyi.template.flow.manager.FlowManager -- Job [jobId=job-new-after-reset] 宸蹭粠绠＄悊鍣ㄤ腑娉ㄩ攢
10:09:50.917 [main] INFO com.lrenyi.template.flow.manager.FlowManager -- 姝ｅ湪鍋滄鎵€鏈夎繍琛屼腑鐨勪换鍔★紝force=true
10:09:50.918 [main] INFO com.lrenyi.template.flow.manager.FlowManager -- 绯荤粺鍏抽棴锛氭鍦ㄦ敞閿€鎵€鏈変换鍔?..
10:09:50.918 [main] INFO com.lrenyi.template.flow.manager.FlowManager -- 姝ｅ湪鍋滄鎵€鏈夎繍琛屼腑鐨勪换鍔★紝force=true
10:09:50.918 [main] INFO com.lrenyi.template.flow.resource.FlowResourceRegistry -- FlowResourceRegistry 鍏抽棴锛氭鍦ㄥ叧闂墍鏈夊叏灞€璧勬簮...
10:09:50.919 [flow-eviction] INFO com.lrenyi.template.flow.storage.EvictionCoordinator -- EvictionCoordinator stopped
10:09:50.919 [main] INFO com.lrenyi.template.flow.resource.FlowResourceRegistry -- FlowResourceRegistry 鍏抽棴瀹屾垚
10:09:50.922 [main] INFO com.lrenyi.template.flow.resource.FlowResourceRegistry -- FlowResourceRegistry 鍚姩锛氬叏灞€娑堣垂骞跺彂闄愬埗=100锛?=0 鏃剁鐢級
10:09:50.922 [main] INFO com.lrenyi.template.flow.resource.FlowResourceRegistry -- FlowResourceRegistry 鍒濆鍖栧畬鎴?
10:09:50.922 [main] INFO com.lrenyi.template.flow.manager.FlowManager -- FlowManager 鍚姩
10:09:50.923 [main] INFO com.lrenyi.template.flow.engine.FlowJoinerEngine -- 椹卞姩娴佽仛鍚堜换鍔″紑濮嬶紙鍗曟祦锛? jobId=job-pull-queue
10:09:50.925 [flow-producer-0] INFO com.lrenyi.template.flow.internal.DefaultProgressTracker -- Source marked finished, jobId=job-pull-queue, productionAcquired=15, productionReleased=6, terminated=0, inStorage=13, activeConsumers=0, inProduction=9, pendingConsumer=0, inFlightPush=0
10:09:50.926 [flow-producer-0] INFO com.lrenyi.template.flow.internal.DefaultProgressTracker -- Job completion pending, jobId=job-pull-queue, waitingSourceFinished=false, waitingStorageDrained=true, waitingConsumerReleased=false, waitingProductionReleased=true, waitingPendingConsumer=false, waitingInFlightPush=false, productionAcquired=15, productionReleased=8, terminated=0, inStorage=14, activeConsumers=0, inProduction=7, pendingConsumer=0, inFlightPush=0
10:09:50.926 [flow-producer-0] INFO com.lrenyi.template.flow.engine.FlowJoinerEngine -- 瀛愭祦澶勭悊瀹屾垚, jobId=job-pull-queue, subSourceSeq=1, pulledCount=15, elapsedMs=1
10:09:50.927 [flow-consumer-1] INFO com.lrenyi.template.flow.internal.DefaultProgressTracker -- Job completion confirmed, jobId=job-pull-queue, sourceFinished=true, productionAcquired=15, productionReleased=15, terminated=15, inStorage=0, activeConsumers=0, inProduction=0, pendingConsumer=0, inFlightPush=0, stopped=false
10:09:50.928 [flow-consumer-1] INFO com.lrenyi.template.flow.manager.FlowManager -- Job [jobId=job-pull-queue] 宸蹭粠绠＄悊鍣ㄤ腑娉ㄩ攢
10:09:50.929 [main] INFO com.lrenyi.template.flow.engine.FlowJoinerEngine -- 瀛愭祦鐢熶骇闃舵缁撴潫, jobId=job-pull-queue, submittedSubSources=6, elapsedMs=4
10:09:50.932 [main] INFO com.lrenyi.template.flow.manager.FlowManager -- 姝ｅ湪鍋滄鎵€鏈夎繍琛屼腑鐨勪换鍔★紝force=true
10:09:50.932 [main] INFO com.lrenyi.template.flow.manager.FlowManager -- 绯荤粺鍏抽棴锛氭鍦ㄦ敞閿€鎵€鏈変换鍔?..
10:09:50.932 [main] INFO com.lrenyi.template.flow.manager.FlowManager -- 姝ｅ湪鍋滄鎵€鏈夎繍琛屼腑鐨勪换鍔★紝force=true
10:09:50.932 [main] INFO com.lrenyi.template.flow.resource.FlowResourceRegistry -- FlowResourceRegistry 鍏抽棴锛氭鍦ㄥ叧闂墍鏈夊叏灞€璧勬簮...
10:09:50.934 [main] INFO com.lrenyi.template.flow.resource.FlowResourceRegistry -- FlowResourceRegistry 鍏抽棴瀹屾垚
10:09:50.934 [flow-eviction] INFO com.lrenyi.template.flow.storage.EvictionCoordinator -- EvictionCoordinator stopped
10:09:50.935 [main] INFO com.lrenyi.template.flow.resource.FlowResourceRegistry -- FlowResourceRegistry 鍚姩锛氬叏灞€娑堣垂骞跺彂闄愬埗=100锛?=0 鏃剁鐢級
10:09:50.935 [main] INFO com.lrenyi.template.flow.resource.FlowResourceRegistry -- FlowResourceRegistry 鍒濆鍖栧畬鎴?
10:09:50.935 [main] INFO com.lrenyi.template.flow.manager.FlowManager -- FlowManager 鍚姩
10:09:50.936 [main] INFO com.lrenyi.template.flow.engine.FlowJoinerEngine -- 椹卞姩娴佽仛鍚堜换鍔″紑濮嬶紙鍗曟祦锛? jobId=job-metrics-started-once
10:09:50.938 [flow-producer-0] INFO com.lrenyi.template.flow.internal.DefaultProgressTracker -- Source marked finished, jobId=job-metrics-started-once, productionAcquired=8, productionReleased=0, terminated=0, inStorage=5, activeConsumers=0, inProduction=8, pendingConsumer=0, inFlightPush=0
10:09:50.938 [flow-producer-0] INFO com.lrenyi.template.flow.internal.DefaultProgressTracker -- Job completion pending, jobId=job-metrics-started-once, waitingSourceFinished=false, waitingStorageDrained=true, waitingConsumerReleased=false, waitingProductionReleased=true, waitingPendingConsumer=false, waitingInFlightPush=false, productionAcquired=8, productionReleased=3, terminated=0, inStorage=7, activeConsumers=0, inProduction=5, pendingConsumer=0, inFlightPush=0
10:09:50.938 [flow-producer-0] INFO com.lrenyi.template.flow.engine.FlowJoinerEngine -- 瀛愭祦澶勭悊瀹屾垚, jobId=job-metrics-started-once, subSourceSeq=1, pulledCount=8, elapsedMs=1
10:09:50.939 [flow-consumer-4] INFO com.lrenyi.template.flow.internal.DefaultProgressTracker -- Job completion confirmed, jobId=job-metrics-started-once, sourceFinished=true, productionAcquired=8, productionReleased=8, terminated=8, inStorage=0, activeConsumers=0, inProduction=0, pendingConsumer=0, inFlightPush=0, stopped=false
10:09:50.939 [flow-consumer-4] INFO com.lrenyi.template.flow.manager.FlowManager -- Job [jobId=job-metrics-started-once] 宸蹭粠绠＄悊鍣ㄤ腑娉ㄩ攢
10:09:50.945 [main] INFO com.lrenyi.template.flow.engine.FlowJoinerEngine -- 瀛愭祦鐢熶骇闃舵缁撴潫, jobId=job-metrics-started-once, submittedSubSources=11, elapsedMs=8
10:09:50.946 [main] INFO com.lrenyi.template.flow.manager.FlowManager -- 姝ｅ湪鍋滄鎵€鏈夎繍琛屼腑鐨勪换鍔★紝force=true
10:09:50.947 [main] INFO com.lrenyi.template.flow.manager.FlowManager -- 绯荤粺鍏抽棴锛氭鍦ㄦ敞閿€鎵€鏈変换鍔?..
10:09:50.947 [main] INFO com.lrenyi.template.flow.manager.FlowManager -- 姝ｅ湪鍋滄鎵€鏈夎繍琛屼腑鐨勪换鍔★紝force=true
10:09:50.947 [main] INFO com.lrenyi.template.flow.resource.FlowResourceRegistry -- FlowResourceRegistry 鍏抽棴锛氭鍦ㄥ叧闂墍鏈夊叏灞€璧勬簮...
10:09:50.947 [main] INFO com.lrenyi.template.flow.resource.FlowResourceRegistry -- FlowResourceRegistry 鍏抽棴瀹屾垚
10:09:50.947 [flow-eviction] INFO com.lrenyi.template.flow.storage.EvictionCoordinator -- EvictionCoordinator stopped
10:09:50.950 [main] INFO com.lrenyi.template.flow.resource.FlowResourceRegistry -- FlowResourceRegistry 鍚姩锛氬叏灞€娑堣垂骞跺彂闄愬埗=100锛?=0 鏃剁鐢級
10:09:50.950 [main] INFO com.lrenyi.template.flow.resource.FlowResourceRegistry -- FlowResourceRegistry 鍒濆鍖栧畬鎴?
10:09:50.950 [main] INFO com.lrenyi.template.flow.manager.FlowManager -- FlowManager 鍚姩
10:09:50.952 [main] INFO com.lrenyi.template.flow.engine.FlowJoinerEngine -- 鎺ㄩ€佹ā寮忎换鍔″惎鍔? jobId=job-queue-drain, totalExpected=-1
10:09:50.953 [main] INFO com.lrenyi.template.flow.internal.FlowLauncher -- 鍋滄 Job [jobId=job-queue-drain], force=true
10:09:50.953 [main] INFO com.lrenyi.template.flow.internal.DefaultProgressTracker -- Source marked finished, jobId=job-queue-drain, productionAcquired=3, productionReleased=0, terminated=0, inStorage=2, activeConsumers=0, inProduction=3, pendingConsumer=0, inFlightPush=0
10:09:50.953 [main] INFO com.lrenyi.template.flow.internal.DefaultProgressTracker -- Job completion pending, jobId=job-queue-drain, waitingSourceFinished=false, waitingStorageDrained=true, waitingConsumerReleased=false, waitingProductionReleased=true, waitingPendingConsumer=false, waitingInFlightPush=false, productionAcquired=3, productionReleased=1, terminated=0, inStorage=2, activeConsumers=0, inProduction=2, pendingConsumer=0, inFlightPush=0
10:09:50.953 [flow-eviction] INFO com.lrenyi.template.flow.storage.EvictionCoordinator -- EvictionCoordinator stopped
10:09:50.953 [main] INFO com.lrenyi.template.flow.manager.FlowManager -- Job [jobId=job-queue-drain] 宸蹭粠绠＄悊鍣ㄤ腑娉ㄩ攢
10:09:50.955 [flow-consumer-2] INFO com.lrenyi.template.flow.internal.DefaultProgressTracker -- Job completion confirmed, jobId=job-queue-drain, sourceFinished=true, productionAcquired=3, productionReleased=3, terminated=3, inStorage=0, activeConsumers=0, inProduction=0, pendingConsumer=0, inFlightPush=0, stopped=true
10:09:51.008 [main] INFO com.lrenyi.template.flow.manager.FlowManager -- 姝ｅ湪鍋滄鎵€鏈夎繍琛屼腑鐨勪换鍔★紝force=true
10:09:51.008 [main] INFO com.lrenyi.template.flow.manager.FlowManager -- 绯荤粺鍏抽棴锛氭鍦ㄦ敞閿€鎵€鏈変换鍔?..
10:09:51.008 [main] INFO com.lrenyi.template.flow.manager.FlowManager -- 姝ｅ湪鍋滄鎵€鏈夎繍琛屼腑鐨勪换鍔★紝force=true
10:09:51.008 [main] INFO com.lrenyi.template.flow.resource.FlowResourceRegistry -- FlowResourceRegistry 鍏抽棴锛氭鍦ㄥ叧闂墍鏈夊叏灞€璧勬簮...
10:09:51.008 [main] INFO com.lrenyi.template.flow.resource.FlowResourceRegistry -- FlowResourceRegistry 鍏抽棴瀹屾垚
10:09:51.011 [main] INFO com.lrenyi.template.flow.resource.FlowResourceRegistry -- FlowResourceRegistry 鍚姩锛氬叏灞€娑堣垂骞跺彂闄愬埗=100锛?=0 鏃剁鐢級
10:09:51.011 [main] INFO com.lrenyi.template.flow.resource.FlowResourceRegistry -- FlowResourceRegistry 鍒濆鍖栧畬鎴?
10:09:51.011 [main] INFO com.lrenyi.template.flow.manager.FlowManager -- FlowManager 鍚姩
10:09:51.011 [main] INFO com.lrenyi.template.flow.engine.FlowJoinerEngine -- 椹卞姩娴佽仛鍚堜换鍔″紑濮嬶紙鍗曟祦锛? jobId=job-metrics-completed-pull
10:09:51.019 [flow-producer-1] INFO com.lrenyi.template.flow.internal.DefaultProgressTracker -- Source marked finished, jobId=job-metrics-completed-pull, productionAcquired=6, productionReleased=0, terminated=0, inStorage=2, activeConsumers=0, inProduction=6, pendingConsumer=0, inFlightPush=0
10:09:51.019 [flow-producer-1] INFO com.lrenyi.template.flow.internal.DefaultProgressTracker -- Job completion pending, jobId=job-metrics-completed-pull, waitingSourceFinished=false, waitingStorageDrained=true, waitingConsumerReleased=false, waitingProductionReleased=true, waitingPendingConsumer=false, waitingInFlightPush=false, productionAcquired=6, productionReleased=0, terminated=0, inStorage=4, activeConsumers=0, inProduction=6, pendingConsumer=0, inFlightPush=0
10:09:51.019 [flow-producer-1] INFO com.lrenyi.template.flow.engine.FlowJoinerEngine -- 瀛愭祦澶勭悊瀹屾垚, jobId=job-metrics-completed-pull, subSourceSeq=2, pulledCount=6, elapsedMs=1
10:09:51.020 [flow-consumer-5] INFO com.lrenyi.template.flow.internal.DefaultProgressTracker -- Job completion confirmed, jobId=job-metrics-completed-pull, sourceFinished=true, productionAcquired=6, productionReleased=6, terminated=6, inStorage=0, activeConsumers=0, inProduction=0, pendingConsumer=0, inFlightPush=0, stopped=false
10:09:51.020 [flow-consumer-5] INFO com.lrenyi.template.flow.manager.FlowManager -- Job [jobId=job-metrics-completed-pull] 宸蹭粠绠＄悊鍣ㄤ腑娉ㄩ攢
10:09:51.023 [main] INFO com.lrenyi.template.flow.engine.FlowJoinerEngine -- 瀛愭祦鐢熶骇闃舵缁撴潫, jobId=job-metrics-completed-pull, submittedSubSources=11, elapsedMs=7
10:09:51.025 [main] INFO com.lrenyi.template.flow.engine.FlowJoinerEngine -- 鎺ㄩ€佹ā寮忎换鍔″惎鍔? jobId=job-metrics-completed-push, totalExpected=-1
10:09:51.025 [main] INFO com.lrenyi.template.flow.internal.DefaultProgressTracker -- Source marked finished, jobId=job-metrics-completed-push, productionAcquired=6, productionReleased=0, terminated=0, inStorage=1, activeConsumers=0, inProduction=6, pendingConsumer=0, inFlightPush=0
10:09:51.025 [main] INFO com.lrenyi.template.flow.internal.DefaultProgressTracker -- Job completion pending, jobId=job-metrics-completed-push, waitingSourceFinished=false, waitingStorageDrained=true, waitingConsumerReleased=false, waitingProductionReleased=true, waitingPendingConsumer=false, waitingInFlightPush=false, productionAcquired=6, productionReleased=0, terminated=0, inStorage=1, activeConsumers=0, inProduction=6, pendingConsumer=0, inFlightPush=0
10:09:51.025 [main] INFO com.lrenyi.template.flow.internal.FlowInletImpl -- Mark source finished declared, jobId=job-metrics-completed-push, inFlightPush=0
10:09:51.026 [flow-consumer-6] INFO com.lrenyi.template.flow.internal.DefaultProgressTracker -- Job completion confirmed, jobId=job-metrics-completed-push, sourceFinished=true, productionAcquired=6, productionReleased=6, terminated=6, inStorage=0, activeConsumers=0, inProduction=0, pendingConsumer=0, inFlightPush=0, stopped=false
10:09:51.027 [flow-consumer-6] INFO com.lrenyi.template.flow.manager.FlowManager -- Job [jobId=job-metrics-completed-push] 宸蹭粠绠＄悊鍣ㄤ腑娉ㄩ攢
10:09:51.087 [main] INFO com.lrenyi.template.flow.manager.FlowManager -- 姝ｅ湪鍋滄鎵€鏈夎繍琛屼腑鐨勪换鍔★紝force=true
10:09:51.087 [main] INFO com.lrenyi.template.flow.manager.FlowManager -- 绯荤粺鍏抽棴锛氭鍦ㄦ敞閿€鎵€鏈変换鍔?..
10:09:51.087 [main] INFO com.lrenyi.template.flow.manager.FlowManager -- 姝ｅ湪鍋滄鎵€鏈夎繍琛屼腑鐨勪换鍔★紝force=true
10:09:51.088 [main] INFO com.lrenyi.template.flow.resource.FlowResourceRegistry -- FlowResourceRegistry 鍏抽棴锛氭鍦ㄥ叧闂墍鏈夊叏灞€璧勬簮...
10:09:51.088 [main] INFO com.lrenyi.template.flow.resource.FlowResourceRegistry -- FlowResourceRegistry 鍏抽棴瀹屾垚
10:09:51.088 [flow-eviction] INFO com.lrenyi.template.flow.storage.EvictionCoordinator -- EvictionCoordinator stopped
10:09:51.088 [flow-eviction] INFO com.lrenyi.template.flow.storage.EvictionCoordinator -- EvictionCoordinator stopped
10:09:51.090 [main] INFO com.lrenyi.template.flow.resource.FlowResourceRegistry -- FlowResourceRegistry 鍚姩锛氬叏灞€娑堣垂骞跺彂闄愬埗=100锛?=0 鏃剁鐢級
10:09:51.090 [main] INFO com.lrenyi.template.flow.resource.FlowResourceRegistry -- FlowResourceRegistry 鍒濆鍖栧畬鎴?
10:09:51.090 [main] INFO com.lrenyi.template.flow.manager.FlowManager -- FlowManager 鍚姩
10:09:51.092 [main] INFO com.lrenyi.template.flow.engine.FlowJoinerEngine -- 鎺ㄩ€佹ā寮忎换鍔″惎鍔? jobId=job-snapshot-reason, totalExpected=-1
10:09:51.093 [flow-consumer-0] INFO com.lrenyi.template.flow.internal.DefaultProgressTracker -- Job completion pending, jobId=job-snapshot-reason, waitingSourceFinished=true, waitingStorageDrained=true, waitingConsumerReleased=false, waitingProductionReleased=false, waitingPendingConsumer=false, waitingInFlightPush=false, productionAcquired=2, productionReleased=2, terminated=1, inStorage=1, activeConsumers=0, inProduction=0, pendingConsumer=0, inFlightPush=0
10:09:51.151 [main] INFO com.lrenyi.template.flow.internal.DefaultProgressTracker -- Source marked finished, jobId=job-snapshot-reason, productionAcquired=2, productionReleased=2, terminated=1, inStorage=1, activeConsumers=0, inProduction=0, pendingConsumer=0, inFlightPush=0
10:09:51.151 [main] INFO com.lrenyi.template.flow.internal.FlowInletImpl -- Mark source finished declared, jobId=job-snapshot-reason, inFlightPush=0
10:09:51.151 [flow-consumer-1] INFO com.lrenyi.template.flow.internal.DefaultProgressTracker -- Job completion confirmed, jobId=job-snapshot-reason, sourceFinished=true, productionAcquired=2, productionReleased=2, terminated=2, inStorage=0, activeConsumers=0, inProduction=0, pendingConsumer=0, inFlightPush=0, stopped=false
10:09:51.151 [flow-consumer-1] INFO com.lrenyi.template.flow.manager.FlowManager -- Job [jobId=job-snapshot-reason] 宸蹭粠绠＄悊鍣ㄤ腑娉ㄩ攢
10:09:51.152 [main] INFO com.lrenyi.template.flow.manager.FlowManager -- 姝ｅ湪鍋滄鎵€鏈夎繍琛屼腑鐨勪换鍔★紝force=true
10:09:51.152 [main] INFO com.lrenyi.template.flow.manager.FlowManager -- 绯荤粺鍏抽棴锛氭鍦ㄦ敞閿€鎵€鏈変换鍔?..
10:09:51.152 [main] INFO com.lrenyi.template.flow.manager.FlowManager -- 姝ｅ湪鍋滄鎵€鏈夎繍琛屼腑鐨勪换鍔★紝force=true
10:09:51.152 [main] INFO com.lrenyi.template.flow.resource.FlowResourceRegistry -- FlowResourceRegistry 鍏抽棴锛氭鍦ㄥ叧闂墍鏈夊叏灞€璧勬簮...
10:09:51.152 [main] INFO com.lrenyi.template.flow.resource.FlowResourceRegistry -- FlowResourceRegistry 鍏抽棴瀹屾垚
10:09:51.152 [flow-eviction] INFO com.lrenyi.template.flow.storage.EvictionCoordinator -- EvictionCoordinator stopped
10:09:51.153 [main] INFO com.lrenyi.template.flow.resource.FlowResourceRegistry -- FlowResourceRegistry 鍚姩锛氬叏灞€娑堣垂骞跺彂闄愬埗=100锛?=0 鏃剁鐢級
10:09:51.155 [main] INFO com.lrenyi.template.flow.resource.FlowResourceRegistry -- FlowResourceRegistry 鍒濆鍖栧畬鎴?
10:09:51.155 [main] INFO com.lrenyi.template.flow.manager.FlowManager -- FlowManager 鍚姩
10:09:51.156 [main] INFO com.lrenyi.template.flow.engine.FlowJoinerEngine -- 鎺ㄩ€佹ā寮忎换鍔″惎鍔? jobId=job-push-stop, totalExpected=-1
10:09:51.156 [main] INFO com.lrenyi.template.flow.internal.FlowLauncher -- 鍋滄 Job [jobId=job-push-stop], force=true
10:09:51.156 [main] INFO com.lrenyi.template.flow.internal.DefaultProgressTracker -- Source marked finished, jobId=job-push-stop, productionAcquired=5, productionReleased=0, terminated=0, inStorage=0, activeConsumers=0, inProduction=5, pendingConsumer=0, inFlightPush=0
10:09:51.156 [main] INFO com.lrenyi.template.flow.internal.DefaultProgressTracker -- Job completion pending, jobId=job-push-stop, waitingSourceFinished=false, waitingStorageDrained=true, waitingConsumerReleased=false, waitingProductionReleased=true, waitingPendingConsumer=false, waitingInFlightPush=false, productionAcquired=5, productionReleased=0, terminated=0, inStorage=2, activeConsumers=0, inProduction=5, pendingConsumer=0, inFlightPush=0
10:09:51.156 [flow-producer-4] INFO com.lrenyi.template.flow.internal.FlowLauncher -- Deposit task skipped because job already stopped, jobId=job-push-stop
10:09:51.156 [flow-producer-3] INFO com.lrenyi.template.flow.internal.FlowLauncher -- Deposit task skipped because job already stopped, jobId=job-push-stop
10:09:51.156 [flow-eviction] INFO com.lrenyi.template.flow.storage.EvictionCoordinator -- EvictionCoordinator stopped
10:09:51.156 [flow-consumer-2] INFO com.lrenyi.template.flow.internal.DefaultProgressTracker -- Job completion confirmed, jobId=job-push-stop, sourceFinished=true, productionAcquired=5, productionReleased=5, terminated=5, inStorage=0, activeConsumers=0, inProduction=0, pendingConsumer=0, inFlightPush=0, stopped=true
10:09:51.158 [main] INFO com.lrenyi.template.flow.manager.FlowManager -- Job [jobId=job-push-stop] 宸蹭粠绠＄悊鍣ㄤ腑娉ㄩ攢
10:09:51.158 [main] INFO com.lrenyi.template.flow.manager.FlowManager -- 姝ｅ湪鍋滄鎵€鏈夎繍琛屼腑鐨勪换鍔★紝force=true
10:09:51.158 [main] INFO com.lrenyi.template.flow.manager.FlowManager -- 绯荤粺鍏抽棴锛氭鍦ㄦ敞閿€鎵€鏈変换鍔?..
10:09:51.158 [main] INFO com.lrenyi.template.flow.manager.FlowManager -- 姝ｅ湪鍋滄鎵€鏈夎繍琛屼腑鐨勪换鍔★紝force=true
10:09:51.158 [main] INFO com.lrenyi.template.flow.resource.FlowResourceRegistry -- FlowResourceRegistry 鍏抽棴锛氭鍦ㄥ叧闂墍鏈夊叏灞€璧勬簮...
10:09:51.158 [main] INFO com.lrenyi.template.flow.resource.FlowResourceRegistry -- FlowResourceRegistry 鍏抽棴瀹屾垚
10:09:51.161 [main] INFO com.lrenyi.template.flow.resource.FlowResourceRegistry -- FlowResourceRegistry 鍚姩锛氬叏灞€娑堣垂骞跺彂闄愬埗=100锛?=0 鏃剁鐢級
10:09:51.161 [main] INFO com.lrenyi.template.flow.resource.FlowResourceRegistry -- FlowResourceRegistry 鍒濆鍖栧畬鎴?
10:09:51.161 [main] INFO com.lrenyi.template.flow.manager.FlowManager -- FlowManager 鍚姩
10:09:51.162 [main] INFO com.lrenyi.template.flow.engine.FlowJoinerEngine -- 鎺ㄩ€佹ā寮忎换鍔″惎鍔? jobId=job-terminated-released-invariant, totalExpected=-1
10:09:51.162 [flow-consumer-0] INFO com.lrenyi.template.flow.internal.DefaultProgressTracker -- Job completion pending, jobId=job-terminated-released-invariant, waitingSourceFinished=true, waitingStorageDrained=true, waitingConsumerReleased=false, waitingProductionReleased=false, waitingPendingConsumer=false, waitingInFlightPush=false, productionAcquired=3, productionReleased=3, terminated=1, inStorage=2, activeConsumers=0, inProduction=0, pendingConsumer=0, inFlightPush=0
10:09:51.164 [main] INFO com.lrenyi.template.flow.internal.DefaultProgressTracker -- Source marked finished, jobId=job-terminated-released-invariant, productionAcquired=3, productionReleased=3, terminated=1, inStorage=2, activeConsumers=0, inProduction=0, pendingConsumer=0, inFlightPush=0
10:09:51.164 [main] INFO com.lrenyi.template.flow.internal.FlowInletImpl -- Mark source finished declared, jobId=job-terminated-released-invariant, inFlightPush=0
10:09:51.164 [flow-consumer-2] INFO com.lrenyi.template.flow.internal.DefaultProgressTracker -- Job completion confirmed, jobId=job-terminated-released-invariant, sourceFinished=true, productionAcquired=3, productionReleased=3, terminated=3, inStorage=0, activeConsumers=0, inProduction=0, pendingConsumer=0, inFlightPush=0, stopped=false
10:09:51.164 [flow-consumer-2] INFO com.lrenyi.template.flow.manager.FlowManager -- Job [jobId=job-terminated-released-invariant] 宸蹭粠绠＄悊鍣ㄤ腑娉ㄩ攢
10:09:51.164 [main] INFO com.lrenyi.template.flow.manager.FlowManager -- 姝ｅ湪鍋滄鎵€鏈夎繍琛屼腑鐨勪换鍔★紝force=true
10:09:51.164 [main] INFO com.lrenyi.template.flow.manager.FlowManager -- 绯荤粺鍏抽棴锛氭鍦ㄦ敞閿€鎵€鏈変换鍔?..
10:09:51.164 [main] INFO com.lrenyi.template.flow.manager.FlowManager -- 姝ｅ湪鍋滄鎵€鏈夎繍琛屼腑鐨勪换鍔★紝force=true
10:09:51.164 [main] INFO com.lrenyi.template.flow.resource.FlowResourceRegistry -- FlowResourceRegistry 鍏抽棴锛氭鍦ㄥ叧闂墍鏈夊叏灞€璧勬簮...
10:09:51.164 [main] INFO com.lrenyi.template.flow.resource.FlowResourceRegistry -- FlowResourceRegistry 鍏抽棴瀹屾垚
10:09:51.164 [flow-eviction] INFO com.lrenyi.template.flow.storage.EvictionCoordinator -- EvictionCoordinator stopped
[ERROR] Tests run: 22, Failures: 2, Errors: 0, Skipped: 0, Time elapsed: 16.04 s <<< FAILURE! -- in com.lrenyi.template.flow.it.FlowJoinerEngineIntegrationTest
[ERROR] com.lrenyi.template.flow.it.FlowJoinerEngineIntegrationTest.itCaffeineMismatch -- Time elapsed: 15.04 s <<< FAILURE!
java.lang.AssertionError: 绛夊緟鏉′欢瓒呮椂: 10000ms
	at com.lrenyi.template.flow.it.FlowJoinerEngineIntegrationTest.awaitCondition(FlowJoinerEngineIntegrationTest.java:133)
	at com.lrenyi.template.flow.it.FlowJoinerEngineIntegrationTest.itCaffeineMismatch(FlowJoinerEngineIntegrationTest.java:340)
	at java.base/java.lang.reflect.Method.invoke(Method.java:580)
	at java.base/java.util.ArrayList.forEach(ArrayList.java:1596)
	at java.base/java.util.ArrayList.forEach(ArrayList.java:1596)

[ERROR] com.lrenyi.template.flow.it.FlowJoinerEngineIntegrationTest.itPullSingleStream -- Time elapsed: 0.077 s <<< FAILURE!
org.opentest4j.AssertionFailedError: FlowProgressSnapshot[jobId=job-pull-single, totalExpected=20, productionAcquired=21, productionReleased=21, activeConsumers=0, inStorage=0, terminated=21, startTimeMillis=1773367790636, endTimeMillis=1773367790640] ==> expected: <20> but was: <21>
	at org.junit.jupiter.api.AssertionFailureBuilder.build(AssertionFailureBuilder.java:151)
	at org.junit.jupiter.api.AssertionFailureBuilder.buildAndThrow(AssertionFailureBuilder.java:132)
	at org.junit.jupiter.api.AssertEquals.failNotEqual(AssertEquals.java:197)
	at org.junit.jupiter.api.AssertEquals.assertEquals(AssertEquals.java:166)
	at org.junit.jupiter.api.Assertions.assertEquals(Assertions.java:664)
	at com.lrenyi.template.flow.it.FlowJoinerEngineIntegrationTest.itPullSingleStream(FlowJoinerEngineIntegrationTest.java:105)
	at java.base/java.lang.reflect.Method.invoke(Method.java:580)
	at java.base/java.util.ArrayList.forEach(ArrayList.java:1596)
	at java.base/java.util.ArrayList.forEach(ArrayList.java:1596)

[INFO] Running com.lrenyi.template.flow.it.MustMatchRetryConstraintTest
10:09:51.171 [main] INFO com.lrenyi.template.flow.resource.FlowResourceRegistry -- FlowResourceRegistry 鍚姩锛氬叏灞€娑堣垂骞跺彂闄愬埗=100锛?=0 鏃剁鐢級
10:09:51.171 [main] INFO com.lrenyi.template.flow.resource.FlowResourceRegistry -- FlowResourceRegistry 鍒濆鍖栧畬鎴?
10:09:51.171 [main] INFO com.lrenyi.template.flow.manager.FlowManager -- FlowManager 鍚姩
10:09:51.173 [main] INFO com.lrenyi.template.flow.engine.FlowJoinerEngine -- 鎺ㄩ€佹ā寮忎换鍔″惎鍔? jobId=job-must-match-retry-queue, totalExpected=-1
10:09:51.173 [main] INFO com.lrenyi.template.flow.internal.FlowLauncher -- 鍋滄 Job [jobId=job-must-match-retry-queue], force=true
10:09:51.173 [main] INFO com.lrenyi.template.flow.internal.DefaultProgressTracker -- Source marked finished, jobId=job-must-match-retry-queue, productionAcquired=0, productionReleased=0, terminated=0, inStorage=0, activeConsumers=0, inProduction=0, pendingConsumer=0, inFlightPush=0
10:09:51.173 [main] INFO com.lrenyi.template.flow.internal.DefaultProgressTracker -- Job completion confirmed, jobId=job-must-match-retry-queue, sourceFinished=true, productionAcquired=0, productionReleased=0, terminated=0, inStorage=0, activeConsumers=0, inProduction=0, pendingConsumer=0, inFlightPush=0, stopped=true
10:09:51.173 [main] INFO com.lrenyi.template.flow.manager.FlowManager -- Job [jobId=job-must-match-retry-queue] 宸蹭粠绠＄悊鍣ㄤ腑娉ㄩ攢
10:09:51.173 [main] INFO com.lrenyi.template.flow.manager.FlowManager -- 绯荤粺鍏抽棴锛氭鍦ㄦ敞閿€鎵€鏈変换鍔?..
10:09:51.173 [main] INFO com.lrenyi.template.flow.manager.FlowManager -- 姝ｅ湪鍋滄鎵€鏈夎繍琛屼腑鐨勪换鍔★紝force=true
10:09:51.173 [main] INFO com.lrenyi.template.flow.resource.FlowResourceRegistry -- FlowResourceRegistry 鍏抽棴锛氭鍦ㄥ叧闂墍鏈夊叏灞€璧勬簮...
10:09:51.175 [main] INFO com.lrenyi.template.flow.resource.FlowResourceRegistry -- FlowResourceRegistry 鍏抽棴瀹屾垚
[INFO] Tests run: 1, Failures: 0, Errors: 0, Skipped: 0, Time elapsed: 0.008 s -- in com.lrenyi.template.flow.it.MustMatchRetryConstraintTest
[INFO] Running com.lrenyi.template.flow.manager.FlowManagerTest
10:09:51.178 [main] INFO com.lrenyi.template.flow.resource.FlowResourceRegistry -- FlowResourceRegistry 鍚姩锛氬叏灞€娑堣垂骞跺彂闄愬埗=100锛?=0 鏃剁鐢級
10:09:51.178 [main] INFO com.lrenyi.template.flow.resource.FlowResourceRegistry -- FlowResourceRegistry 鍒濆鍖栧畬鎴?
10:09:51.178 [main] INFO com.lrenyi.template.flow.manager.FlowManager -- FlowManager 鍚姩
10:09:51.178 [main] INFO com.lrenyi.template.flow.manager.FlowManager -- 妫€娴嬪埌 FlowManager 閰嶇疆鍙樻洿 [Limit: 100 -> 200], 姝ｅ湪閲嶅惎绠＄悊鍣?..
10:09:51.178 [main] INFO com.lrenyi.template.flow.manager.FlowManager -- 绯荤粺鍏抽棴锛氭鍦ㄦ敞閿€鎵€鏈変换鍔?..
10:09:51.178 [main] INFO com.lrenyi.template.flow.manager.FlowManager -- 姝ｅ湪鍋滄鎵€鏈夎繍琛屼腑鐨勪换鍔★紝force=true
10:09:51.178 [main] INFO com.lrenyi.template.flow.resource.FlowResourceRegistry -- 妫€娴嬪埌閰嶇疆鍙樻洿 [Limit: 100 -> 200], 姝ｅ湪閲嶆柊鍒濆鍖栬祫婧?..
10:09:51.178 [main] INFO com.lrenyi.template.flow.resource.FlowResourceRegistry -- FlowResourceRegistry 鍏抽棴锛氭鍦ㄥ叧闂墍鏈夊叏灞€璧勬簮...
10:09:51.178 [main] INFO com.lrenyi.template.flow.resource.FlowResourceRegistry -- FlowResourceRegistry 鍏抽棴瀹屾垚
10:09:51.178 [main] INFO com.lrenyi.template.flow.resource.FlowResourceRegistry -- FlowResourceRegistry 鍚姩锛氬叏灞€娑堣垂骞跺彂闄愬埗=200锛?=0 鏃剁鐢級
10:09:51.178 [main] INFO com.lrenyi.template.flow.resource.FlowResourceRegistry -- FlowResourceRegistry 鍒濆鍖栧畬鎴?
10:09:51.178 [main] INFO com.lrenyi.template.flow.manager.FlowManager -- FlowManager 鍚姩
10:09:51.179 [main] INFO com.lrenyi.template.flow.manager.FlowManager -- 绯荤粺鍏抽棴锛氭鍦ㄦ敞閿€鎵€鏈変换鍔?..
10:09:51.179 [main] INFO com.lrenyi.template.flow.manager.FlowManager -- 姝ｅ湪鍋滄鎵€鏈夎繍琛屼腑鐨勪换鍔★紝force=true
10:09:51.179 [main] INFO com.lrenyi.template.flow.resource.FlowResourceRegistry -- FlowResourceRegistry 鍏抽棴锛氭鍦ㄥ叧闂墍鏈夊叏灞€璧勬簮...
10:09:51.179 [main] INFO com.lrenyi.template.flow.resource.FlowResourceRegistry -- FlowResourceRegistry 鍏抽棴瀹屾垚
10:09:51.180 [main] INFO com.lrenyi.template.flow.resource.FlowResourceRegistry -- FlowResourceRegistry 鍚姩锛氬叏灞€娑堣垂骞跺彂闄愬埗=100锛?=0 鏃剁鐢級
10:09:51.180 [main] INFO com.lrenyi.template.flow.resource.FlowResourceRegistry -- FlowResourceRegistry 鍒濆鍖栧畬鎴?
10:09:51.180 [main] INFO com.lrenyi.template.flow.manager.FlowManager -- FlowManager 鍚姩
10:09:51.182 [main] INFO com.lrenyi.template.flow.manager.FlowManager -- 绯荤粺鍏抽棴锛氭鍦ㄦ敞閿€鎵€鏈変换鍔?..
10:09:51.182 [main] INFO com.lrenyi.template.flow.manager.FlowManager -- 姝ｅ湪鍋滄鎵€鏈夎繍琛屼腑鐨勪换鍔★紝force=true
10:09:51.182 [main] INFO com.lrenyi.template.flow.resource.FlowResourceRegistry -- FlowResourceRegistry 鍏抽棴锛氭鍦ㄥ叧闂墍鏈夊叏灞€璧勬簮...
10:09:51.182 [main] INFO com.lrenyi.template.flow.resource.FlowResourceRegistry -- FlowResourceRegistry 鍏抽棴瀹屾垚
10:09:51.184 [main] INFO com.lrenyi.template.flow.resource.FlowResourceRegistry -- FlowResourceRegistry 鍚姩锛氬叏灞€娑堣垂骞跺彂闄愬埗=100锛?=0 鏃剁鐢級
10:09:51.184 [main] INFO com.lrenyi.template.flow.resource.FlowResourceRegistry -- FlowResourceRegistry 鍒濆鍖栧畬鎴?
10:09:51.184 [main] INFO com.lrenyi.template.flow.manager.FlowManager -- FlowManager 鍚姩
10:09:51.184 [main] INFO com.lrenyi.template.flow.manager.FlowManager -- 绯荤粺鍏抽棴锛氭鍦ㄦ敞閿€鎵€鏈変换鍔?..
10:09:51.184 [main] INFO com.lrenyi.template.flow.manager.FlowManager -- 姝ｅ湪鍋滄鎵€鏈夎繍琛屼腑鐨勪换鍔★紝force=true
10:09:51.184 [main] INFO com.lrenyi.template.flow.manager.FlowManager -- FlowManager 鍚姩
10:09:51.184 [main] INFO com.lrenyi.template.flow.manager.FlowManager -- 绯荤粺鍏抽棴锛氭鍦ㄦ敞閿€鎵€鏈変换鍔?..
10:09:51.184 [main] INFO com.lrenyi.template.flow.manager.FlowManager -- 姝ｅ湪鍋滄鎵€鏈夎繍琛屼腑鐨勪换鍔★紝force=true
10:09:51.184 [main] INFO com.lrenyi.template.flow.resource.FlowResourceRegistry -- FlowResourceRegistry 鍏抽棴锛氭鍦ㄥ叧闂墍鏈夊叏灞€璧勬簮...
10:09:51.184 [main] INFO com.lrenyi.template.flow.resource.FlowResourceRegistry -- FlowResourceRegistry 鍏抽棴瀹屾垚
10:09:51.185 [main] INFO com.lrenyi.template.flow.resource.FlowResourceRegistry -- FlowResourceRegistry 鍚姩锛氬叏灞€娑堣垂骞跺彂闄愬埗=100锛?=0 鏃剁鐢級
10:09:51.185 [main] INFO com.lrenyi.template.flow.resource.FlowResourceRegistry -- FlowResourceRegistry 鍒濆鍖栧畬鎴?
10:09:51.185 [main] INFO com.lrenyi.template.flow.manager.FlowManager -- FlowManager 鍚姩
10:09:51.185 [main] INFO com.lrenyi.template.flow.manager.FlowManager -- 绯荤粺鍏抽棴锛氭鍦ㄦ敞閿€鎵€鏈変换鍔?..
10:09:51.185 [main] INFO com.lrenyi.template.flow.manager.FlowManager -- 姝ｅ湪鍋滄鎵€鏈夎繍琛屼腑鐨勪换鍔★紝force=true
10:09:51.185 [main] INFO com.lrenyi.template.flow.resource.FlowResourceRegistry -- FlowResourceRegistry 鍏抽棴锛氭鍦ㄥ叧闂墍鏈夊叏灞€璧勬簮...
10:09:51.185 [main] INFO com.lrenyi.template.flow.resource.FlowResourceRegistry -- FlowResourceRegistry 鍏抽棴瀹屾垚
10:09:51.186 [main] INFO com.lrenyi.template.flow.resource.FlowResourceRegistry -- FlowResourceRegistry 鍚姩锛氬叏灞€娑堣垂骞跺彂闄愬埗=100锛?=0 鏃剁鐢級
10:09:51.186 [main] INFO com.lrenyi.template.flow.resource.FlowResourceRegistry -- FlowResourceRegistry 鍒濆鍖栧畬鎴?
10:09:51.186 [main] INFO com.lrenyi.template.flow.manager.FlowManager -- FlowManager 鍚姩
10:09:51.186 [main] INFO com.lrenyi.template.flow.manager.FlowManager -- 绯荤粺鍏抽棴锛氭鍦ㄦ敞閿€鎵€鏈変换鍔?..
10:09:51.186 [main] INFO com.lrenyi.template.flow.manager.FlowManager -- 姝ｅ湪鍋滄鎵€鏈夎繍琛屼腑鐨勪换鍔★紝force=true
10:09:51.186 [main] INFO com.lrenyi.template.flow.resource.FlowResourceRegistry -- FlowResourceRegistry 鍏抽棴锛氭鍦ㄥ叧闂墍鏈夊叏灞€璧勬簮...
10:09:51.186 [main] INFO com.lrenyi.template.flow.resource.FlowResourceRegistry -- FlowResourceRegistry 鍏抽棴瀹屾垚
10:09:51.188 [main] INFO com.lrenyi.template.flow.resource.FlowResourceRegistry -- FlowResourceRegistry 鍚姩锛氬叏灞€娑堣垂骞跺彂闄愬埗=100锛?=0 鏃剁鐢級
10:09:51.188 [main] INFO com.lrenyi.template.flow.resource.FlowResourceRegistry -- FlowResourceRegistry 鍒濆鍖栧畬鎴?
10:09:51.188 [main] INFO com.lrenyi.template.flow.manager.FlowManager -- FlowManager 鍚姩
10:09:51.188 [main] INFO com.lrenyi.template.flow.resource.FlowResourceRegistry -- FlowResourceRegistry 鍏抽棴锛氭鍦ㄥ叧闂墍鏈夊叏灞€璧勬簮...
10:09:51.188 [main] INFO com.lrenyi.template.flow.resource.FlowResourceRegistry -- FlowResourceRegistry 鍏抽棴瀹屾垚
10:09:51.189 [main] INFO com.lrenyi.template.flow.resource.FlowResourceRegistry -- FlowResourceRegistry 鍚姩锛氬叏灞€娑堣垂骞跺彂闄愬埗=100锛?=0 鏃剁鐢級
10:09:51.189 [main] INFO com.lrenyi.template.flow.resource.FlowResourceRegistry -- FlowResourceRegistry 鍒濆鍖栧畬鎴?
10:09:51.189 [main] INFO com.lrenyi.template.flow.manager.FlowManager -- FlowManager 鍚姩
10:09:51.189 [main] INFO com.lrenyi.template.flow.manager.FlowManager -- 绯荤粺鍏抽棴锛氭鍦ㄦ敞閿€鎵€鏈変换鍔?..
10:09:51.189 [main] INFO com.lrenyi.template.flow.manager.FlowManager -- 姝ｅ湪鍋滄鎵€鏈夎繍琛屼腑鐨勪换鍔★紝force=true
10:09:51.189 [main] INFO com.lrenyi.template.flow.resource.FlowResourceRegistry -- FlowResourceRegistry 鍏抽棴锛氭鍦ㄥ叧闂墍鏈夊叏灞€璧勬簮...
10:09:51.189 [main] INFO com.lrenyi.template.flow.resource.FlowResourceRegistry -- FlowResourceRegistry 鍏抽棴瀹屾垚
[INFO] Tests run: 7, Failures: 0, Errors: 0, Skipped: 0, Time elapsed: 0.013 s -- in com.lrenyi.template.flow.manager.FlowManagerTest
[INFO] Running com.lrenyi.template.flow.resource.FlowResourceRegistryTest
10:09:51.191 [main] INFO com.lrenyi.template.flow.resource.FlowResourceRegistry -- FlowResourceRegistry 鍚姩锛氬叏灞€娑堣垂骞跺彂闄愬埗=16锛?=0 鏃剁鐢級
10:09:51.191 [main] INFO com.lrenyi.template.flow.resource.FlowResourceRegistry -- FlowResourceRegistry 鍒濆鍖栧畬鎴?
10:09:51.191 [main] INFO com.lrenyi.template.flow.resource.FlowResourceRegistry -- FlowResourceRegistry 鍏抽棴锛氭鍦ㄥ叧闂墍鏈夊叏灞€璧勬簮...
10:09:51.192 [main] INFO com.lrenyi.template.flow.resource.FlowResourceRegistry -- FlowResourceRegistry 鍏抽棴瀹屾垚
10:09:51.194 [main] INFO com.lrenyi.template.flow.resource.FlowResourceRegistry -- FlowResourceRegistry 鍚姩锛氬叏灞€娑堣垂骞跺彂闄愬埗=8锛?=0 鏃剁鐢級
10:09:51.194 [main] INFO com.lrenyi.template.flow.resource.FlowResourceRegistry -- FlowResourceRegistry 鍒濆鍖栧畬鎴?
10:09:51.194 [main] INFO com.lrenyi.template.flow.resource.FlowResourceRegistry -- FlowResourceRegistry 鍏抽棴锛氭鍦ㄥ叧闂墍鏈夊叏灞€璧勬簮...
10:09:51.194 [main] INFO com.lrenyi.template.flow.resource.FlowResourceRegistry -- FlowResourceRegistry 鍏抽棴瀹屾垚
10:09:51.197 [main] INFO com.lrenyi.template.flow.resource.FlowResourceRegistry -- FlowResourceRegistry 鍚姩锛氬叏灞€娑堣垂骞跺彂闄愬埗=1锛?=0 鏃剁鐢級
10:09:51.197 [main] INFO com.lrenyi.template.flow.resource.FlowResourceRegistry -- FlowResourceRegistry 鍒濆鍖栧畬鎴?
10:09:51.197 [main] INFO com.lrenyi.template.flow.manager.FlowManager -- FlowManager 鍚姩
10:09:52.011 [main] INFO com.lrenyi.template.flow.manager.FlowManager -- 绯荤粺鍏抽棴锛氭鍦ㄦ敞閿€鎵€鏈変换鍔?..
10:09:52.011 [main] INFO com.lrenyi.template.flow.manager.FlowManager -- 姝ｅ湪鍋滄鎵€鏈夎繍琛屼腑鐨勪换鍔★紝force=true
10:09:52.011 [main] INFO com.lrenyi.template.flow.internal.FlowLauncher -- 鍋滄 Job [jobId=job-acquire-fail], force=true
10:09:52.012 [main] INFO com.lrenyi.template.flow.manager.FlowManager -- Job [jobId=job-acquire-fail] 宸蹭粠绠＄悊鍣ㄤ腑娉ㄩ攢
10:09:52.012 [main] INFO com.lrenyi.template.flow.resource.FlowResourceRegistry -- FlowResourceRegistry 鍏抽棴锛氭鍦ㄥ叧闂墍鏈夊叏灞€璧勬簮...
10:09:52.012 [flow-eviction] INFO com.lrenyi.template.flow.storage.EvictionCoordinator -- EvictionCoordinator stopped
10:09:57.017 [main] WARN com.lrenyi.template.flow.resource.FlowResourceRegistry -- 娴佹秷璐规墽琛屽櫒 鏈兘鍦?绉掑唴鍏抽棴锛屽己鍒跺叧闂?
10:09:57.017 [main] INFO com.lrenyi.template.flow.resource.FlowResourceRegistry -- FlowResourceRegistry 鍏抽棴瀹屾垚
Exception in thread "flow-consumer-0" java.lang.RuntimeException: java.lang.InterruptedException
	at com.lrenyi.template.flow.resource.FlowResourceRegistryTest$BlockingTracker.onConsumerReleased(FlowResourceRegistryTest.java:125)
	at com.lrenyi.template.flow.internal.FlowFinalizer.lambda$submitConsumer$1(FlowFinalizer.java:121)
	at java.base/java.util.concurrent.ThreadPerTaskExecutor$TaskRunner.run(ThreadPerTaskExecutor.java:314)
	at java.base/java.lang.VirtualThread.run(VirtualThread.java:309)
Caused by: java.lang.InterruptedException
	at java.base/java.util.concurrent.locks.AbstractQueuedSynchronizer.acquireSharedInterruptibly(AbstractQueuedSynchronizer.java:1100)
	at java.base/java.util.concurrent.CountDownLatch.await(CountDownLatch.java:230)
	at com.lrenyi.template.flow.resource.FlowResourceRegistryTest$BlockingTracker.onConsumerReleased(FlowResourceRegistryTest.java:122)
	... 3 more
[ERROR] Tests run: 3, Failures: 1, Errors: 0, Skipped: 0, Time elapsed: 5.828 s <<< FAILURE! -- in com.lrenyi.template.flow.resource.FlowResourceRegistryTest
[ERROR] com.lrenyi.template.flow.resource.FlowResourceRegistryTest.submitConsumerToGlobalAcquireFailureShouldRollbackPendingCounter -- Time elapsed: 5.823 s <<< FAILURE!
org.opentest4j.AssertionFailedError: Second's increment was rolled back; first task still holds 1 until it completes ==> expected: <1> but was: <0>
	at org.junit.jupiter.api.AssertionFailureBuilder.build(AssertionFailureBuilder.java:151)
	at org.junit.jupiter.api.AssertionFailureBuilder.buildAndThrow(AssertionFailureBuilder.java:132)
	at org.junit.jupiter.api.AssertEquals.failNotEqual(AssertEquals.java:197)
	at org.junit.jupiter.api.AssertEquals.assertEquals(AssertEquals.java:166)
	at org.junit.jupiter.api.Assertions.assertEquals(Assertions.java:664)
	at com.lrenyi.template.flow.resource.FlowResourceRegistryTest.submitConsumerToGlobalAcquireFailureShouldRollbackPendingCounter(FlowResourceRegistryTest.java:102)
	at java.base/java.lang.reflect.Method.invoke(Method.java:580)
	at java.base/java.util.ArrayList.forEach(ArrayList.java:1596)
	at java.base/java.util.ArrayList.forEach(ArrayList.java:1596)

[INFO] Running com.lrenyi.template.flow.resource.PermitPairTest
[INFO] Tests run: 6, Failures: 0, Errors: 0, Skipped: 0, Time elapsed: 0.124 s -- in com.lrenyi.template.flow.resource.PermitPairTest
[INFO] Running com.lrenyi.template.flow.resource.ResourceShutdownExceptionTest
[INFO] Tests run: 4, Failures: 0, Errors: 0, Skipped: 0, Time elapsed: 0.004 s -- in com.lrenyi.template.flow.resource.ResourceShutdownExceptionTest
[INFO] Running com.lrenyi.template.flow.source.FlowSourceAdaptersTest
[INFO] Tests run: 9, Failures: 0, Errors: 0, Skipped: 0, Time elapsed: 0.012 s -- in com.lrenyi.template.flow.source.FlowSourceAdaptersTest
[INFO] Running com.lrenyi.template.flow.storage.BoundedTimedFlowStorageTest
10:09:57.164 [main] INFO com.lrenyi.template.flow.resource.FlowResourceRegistry -- FlowResourceRegistry 鍚姩锛氬叏灞€娑堣垂骞跺彂闄愬埗=10锛?=0 鏃剁鐢級
10:09:57.164 [main] INFO com.lrenyi.template.flow.resource.FlowResourceRegistry -- FlowResourceRegistry 鍒濆鍖栧畬鎴?
10:09:57.164 [main] INFO com.lrenyi.template.flow.manager.FlowManager -- FlowManager 鍚姩
10:09:57.345 [main] INFO com.lrenyi.template.flow.manager.FlowManager -- 绯荤粺鍏抽棴锛氭鍦ㄦ敞閿€鎵€鏈変换鍔?..
10:09:57.345 [main] INFO com.lrenyi.template.flow.manager.FlowManager -- 姝ｅ湪鍋滄鎵€鏈夎繍琛屼腑鐨勪换鍔★紝force=true
10:09:57.345 [main] INFO com.lrenyi.template.flow.resource.FlowResourceRegistry -- FlowResourceRegistry 鍏抽棴锛氭鍦ㄥ叧闂墍鏈夊叏灞€璧勬簮...
10:09:57.345 [main] INFO com.lrenyi.template.flow.resource.FlowResourceRegistry -- FlowResourceRegistry 鍏抽棴瀹屾垚
10:09:57.350 [main] INFO com.lrenyi.template.flow.resource.FlowResourceRegistry -- FlowResourceRegistry 鍚姩锛氬叏灞€娑堣垂骞跺彂闄愬埗=10锛?=0 鏃剁鐢級
10:09:57.350 [main] INFO com.lrenyi.template.flow.resource.FlowResourceRegistry -- FlowResourceRegistry 鍒濆鍖栧畬鎴?
10:09:57.350 [main] INFO com.lrenyi.template.flow.manager.FlowManager -- FlowManager 鍚姩
10:09:57.351 [main] INFO com.lrenyi.template.flow.manager.FlowManager -- 绯荤粺鍏抽棴锛氭鍦ㄦ敞閿€鎵€鏈変换鍔?..
10:09:57.351 [main] INFO com.lrenyi.template.flow.manager.FlowManager -- 姝ｅ湪鍋滄鎵€鏈夎繍琛屼腑鐨勪换鍔★紝force=true
10:09:57.351 [main] INFO com.lrenyi.template.flow.resource.FlowResourceRegistry -- FlowResourceRegistry 鍏抽棴锛氭鍦ㄥ叧闂墍鏈夊叏灞€璧勬簮...
10:09:57.351 [flow-eviction] INFO com.lrenyi.template.flow.storage.EvictionCoordinator -- EvictionCoordinator stopped
10:09:57.351 [main] INFO com.lrenyi.template.flow.resource.FlowResourceRegistry -- FlowResourceRegistry 鍏抽棴瀹屾垚
10:09:57.353 [main] INFO com.lrenyi.template.flow.resource.FlowResourceRegistry -- FlowResourceRegistry 鍚姩锛氬叏灞€娑堣垂骞跺彂闄愬埗=10锛?=0 鏃剁鐢級
10:09:57.353 [main] INFO com.lrenyi.template.flow.resource.FlowResourceRegistry -- FlowResourceRegistry 鍒濆鍖栧畬鎴?
10:09:57.353 [main] INFO com.lrenyi.template.flow.manager.FlowManager -- FlowManager 鍚姩
10:09:57.355 [main] INFO com.lrenyi.template.flow.engine.FlowJoinerEngine -- 鎺ㄩ€佹ā寮忎换鍔″惎鍔? jobId=test-bounded-storage-sc2, totalExpected=-1
10:09:57.357 [main] INFO com.lrenyi.template.flow.internal.DefaultProgressTracker -- Source marked finished, jobId=test-bounded-storage-sc2, productionAcquired=3, productionReleased=2, terminated=0, inStorage=2, activeConsumers=0, inProduction=1, pendingConsumer=0, inFlightPush=0
10:09:57.357 [main] INFO com.lrenyi.template.flow.internal.DefaultProgressTracker -- Job completion pending, jobId=test-bounded-storage-sc2, waitingSourceFinished=false, waitingStorageDrained=true, waitingConsumerReleased=false, waitingProductionReleased=true, waitingPendingConsumer=false, waitingInFlightPush=false, productionAcquired=3, productionReleased=2, terminated=0, inStorage=2, activeConsumers=0, inProduction=1, pendingConsumer=0, inFlightPush=0
10:09:57.357 [main] INFO com.lrenyi.template.flow.internal.FlowInletImpl -- Mark source finished declared, jobId=test-bounded-storage-sc2, inFlightPush=0
10:09:57.358 [flow-consumer-0] INFO com.lrenyi.template.flow.internal.DefaultProgressTracker -- Job completion confirmed, jobId=test-bounded-storage-sc2, sourceFinished=true, productionAcquired=3, productionReleased=3, terminated=3, inStorage=0, activeConsumers=0, inProduction=0, pendingConsumer=0, inFlightPush=0, stopped=false
10:09:57.358 [flow-consumer-0] INFO com.lrenyi.template.flow.manager.FlowManager -- Job [jobId=test-bounded-storage-sc2] 宸蹭粠绠＄悊鍣ㄤ腑娉ㄩ攢
10:09:57.420 [main] INFO com.lrenyi.template.flow.manager.FlowManager -- 绯荤粺鍏抽棴锛氭鍦ㄦ敞閿€鎵€鏈変换鍔?..
10:09:57.420 [main] INFO com.lrenyi.template.flow.manager.FlowManager -- 姝ｅ湪鍋滄鎵€鏈夎繍琛屼腑鐨勪换鍔★紝force=true
10:09:57.420 [main] INFO com.lrenyi.template.flow.resource.FlowResourceRegistry -- FlowResourceRegistry 鍏抽棴锛氭鍦ㄥ叧闂墍鏈夊叏灞€璧勬簮...
10:09:57.421 [main] INFO com.lrenyi.template.flow.resource.FlowResourceRegistry -- FlowResourceRegistry 鍏抽棴瀹屾垚
10:09:57.421 [flow-eviction] INFO com.lrenyi.template.flow.storage.EvictionCoordinator -- EvictionCoordinator stopped
10:09:57.422 [main] INFO com.lrenyi.template.flow.resource.FlowResourceRegistry -- FlowResourceRegistry 鍚姩锛氬叏灞€娑堣垂骞跺彂闄愬埗=10锛?=0 鏃剁鐢級
10:09:57.422 [main] INFO com.lrenyi.template.flow.resource.FlowResourceRegistry -- FlowResourceRegistry 鍒濆鍖栧畬鎴?
10:09:57.422 [main] INFO com.lrenyi.template.flow.manager.FlowManager -- FlowManager 鍚姩
10:09:57.425 [main] INFO com.lrenyi.template.flow.engine.FlowJoinerEngine -- 鎺ㄩ€佹ā寮忎换鍔″惎鍔? jobId=test-bounded-storage-sc3, totalExpected=-1
10:09:57.426 [main] INFO com.lrenyi.template.flow.internal.DefaultProgressTracker -- Source marked finished, jobId=test-bounded-storage-sc3, productionAcquired=3, productionReleased=3, terminated=0, inStorage=3, activeConsumers=0, inProduction=0, pendingConsumer=0, inFlightPush=0
10:09:57.426 [main] INFO com.lrenyi.template.flow.internal.DefaultProgressTracker -- Job completion pending, jobId=test-bounded-storage-sc3, waitingSourceFinished=false, waitingStorageDrained=true, waitingConsumerReleased=false, waitingProductionReleased=false, waitingPendingConsumer=false, waitingInFlightPush=false, productionAcquired=3, productionReleased=3, terminated=0, inStorage=3, activeConsumers=0, inProduction=0, pendingConsumer=0, inFlightPush=0
10:09:57.426 [main] INFO com.lrenyi.template.flow.internal.FlowInletImpl -- Mark source finished declared, jobId=test-bounded-storage-sc3, inFlightPush=0
10:09:57.575 [flow-consumer-1] INFO com.lrenyi.template.flow.internal.DefaultProgressTracker -- Job completion confirmed, jobId=test-bounded-storage-sc3, sourceFinished=true, productionAcquired=3, productionReleased=3, terminated=3, inStorage=0, activeConsumers=0, inProduction=0, pendingConsumer=0, inFlightPush=0, stopped=false
10:09:57.576 [flow-consumer-1] INFO com.lrenyi.template.flow.manager.FlowManager -- Job [jobId=test-bounded-storage-sc3] 宸蹭粠绠＄悊鍣ㄤ腑娉ㄩ攢
10:09:57.618 [main] INFO com.lrenyi.template.flow.manager.FlowManager -- 绯荤粺鍏抽棴锛氭鍦ㄦ敞閿€鎵€鏈変换鍔?..
10:09:57.618 [main] INFO com.lrenyi.template.flow.manager.FlowManager -- 姝ｅ湪鍋滄鎵€鏈夎繍琛屼腑鐨勪换鍔★紝force=true
10:09:57.618 [main] INFO com.lrenyi.template.flow.resource.FlowResourceRegistry -- FlowResourceRegistry 鍏抽棴锛氭鍦ㄥ叧闂墍鏈夊叏灞€璧勬簮...
10:09:57.618 [main] INFO com.lrenyi.template.flow.resource.FlowResourceRegistry -- FlowResourceRegistry 鍏抽棴瀹屾垚
10:09:57.618 [flow-eviction] INFO com.lrenyi.template.flow.storage.EvictionCoordinator -- EvictionCoordinator stopped
10:09:57.622 [main] INFO com.lrenyi.template.flow.resource.FlowResourceRegistry -- FlowResourceRegistry 鍚姩锛氬叏灞€娑堣垂骞跺彂闄愬埗=10锛?=0 鏃剁鐢級
10:09:57.622 [main] INFO com.lrenyi.template.flow.resource.FlowResourceRegistry -- FlowResourceRegistry 鍒濆鍖栧畬鎴?
10:09:57.622 [main] INFO com.lrenyi.template.flow.manager.FlowManager -- FlowManager 鍚姩
10:09:57.622 [flow-eviction] INFO com.lrenyi.template.flow.storage.EvictionCoordinator -- EvictionCoordinator stopped
10:09:57.624 [main] INFO com.lrenyi.template.flow.manager.FlowManager -- 绯荤粺鍏抽棴锛氭鍦ㄦ敞閿€鎵€鏈変换鍔?..
10:09:57.624 [main] INFO com.lrenyi.template.flow.manager.FlowManager -- 姝ｅ湪鍋滄鎵€鏈夎繍琛屼腑鐨勪换鍔★紝force=true
10:09:57.624 [main] INFO com.lrenyi.template.flow.resource.FlowResourceRegistry -- FlowResourceRegistry 鍏抽棴锛氭鍦ㄥ叧闂墍鏈夊叏灞€璧勬簮...
10:09:57.624 [main] INFO com.lrenyi.template.flow.resource.FlowResourceRegistry -- FlowResourceRegistry 鍏抽棴瀹屾垚
10:09:57.624 [main] INFO com.lrenyi.template.flow.resource.FlowResourceRegistry -- FlowResourceRegistry 鍚姩锛氬叏灞€娑堣垂骞跺彂闄愬埗=10锛?=0 鏃剁鐢級
10:09:57.626 [main] INFO com.lrenyi.template.flow.resource.FlowResourceRegistry -- FlowResourceRegistry 鍒濆鍖栧畬鎴?
10:09:57.626 [main] INFO com.lrenyi.template.flow.manager.FlowManager -- FlowManager 鍚姩
10:09:57.626 [flow-eviction] INFO com.lrenyi.template.flow.storage.EvictionCoordinator -- EvictionCoordinator stopped
10:09:57.627 [main] INFO com.lrenyi.template.flow.manager.FlowManager -- 绯荤粺鍏抽棴锛氭鍦ㄦ敞閿€鎵€鏈変换鍔?..
10:09:57.627 [main] INFO com.lrenyi.template.flow.manager.FlowManager -- 姝ｅ湪鍋滄鎵€鏈夎繍琛屼腑鐨勪换鍔★紝force=true
10:09:57.627 [main] INFO com.lrenyi.template.flow.resource.FlowResourceRegistry -- FlowResourceRegistry 鍏抽棴锛氭鍦ㄥ叧闂墍鏈夊叏灞€璧勬簮...
10:09:57.627 [main] INFO com.lrenyi.template.flow.resource.FlowResourceRegistry -- FlowResourceRegistry 鍏抽棴瀹屾垚
10:09:57.629 [main] INFO com.lrenyi.template.flow.resource.FlowResourceRegistry -- FlowResourceRegistry 鍚姩锛氬叏灞€娑堣垂骞跺彂闄愬埗=10锛?=0 鏃剁鐢級
10:09:57.629 [main] INFO com.lrenyi.template.flow.resource.FlowResourceRegistry -- FlowResourceRegistry 鍒濆鍖栧畬鎴?
10:09:57.629 [main] INFO com.lrenyi.template.flow.manager.FlowManager -- FlowManager 鍚姩
10:09:57.630 [main] INFO com.lrenyi.template.flow.engine.FlowJoinerEngine -- 鎺ㄩ€佹ā寮忎换鍔″惎鍔? jobId=test-bounded-storage, totalExpected=-1
10:09:57.686 [flow-consumer-0] INFO com.lrenyi.template.flow.internal.DefaultProgressTracker -- Job completion pending, jobId=test-bounded-storage, waitingSourceFinished=true, waitingStorageDrained=false, waitingConsumerReleased=true, waitingProductionReleased=false, waitingPendingConsumer=false, waitingInFlightPush=false, productionAcquired=2, productionReleased=2, terminated=1, inStorage=0, activeConsumers=1, inProduction=0, pendingConsumer=0, inFlightPush=0
10:09:57.748 [main] INFO com.lrenyi.template.flow.internal.DefaultProgressTracker -- Source marked finished, jobId=test-bounded-storage, productionAcquired=3, productionReleased=2, terminated=2, inStorage=0, activeConsumers=0, inProduction=1, pendingConsumer=0, inFlightPush=0
10:09:57.748 [main] INFO com.lrenyi.template.flow.internal.FlowInletImpl -- Mark source finished declared, jobId=test-bounded-storage, inFlightPush=0
10:09:57.795 [flow-consumer-1] INFO com.lrenyi.template.flow.internal.DefaultProgressTracker -- Job completion confirmed, jobId=test-bounded-storage, sourceFinished=true, productionAcquired=3, productionReleased=3, terminated=3, inStorage=0, activeConsumers=0, inProduction=0, pendingConsumer=0, inFlightPush=0, stopped=false
10:09:57.795 [flow-consumer-1] INFO com.lrenyi.template.flow.manager.FlowManager -- Job [jobId=test-bounded-storage] 宸蹭粠绠＄悊鍣ㄤ腑娉ㄩ攢
10:09:57.810 [main] INFO com.lrenyi.template.flow.manager.FlowManager -- 绯荤粺鍏抽棴锛氭鍦ㄦ敞閿€鎵€鏈変换鍔?..
10:09:57.811 [main] INFO com.lrenyi.template.flow.manager.FlowManager -- 姝ｅ湪鍋滄鎵€鏈夎繍琛屼腑鐨勪换鍔★紝force=true
10:09:57.811 [main] INFO com.lrenyi.template.flow.resource.FlowResourceRegistry -- FlowResourceRegistry 鍏抽棴锛氭鍦ㄥ叧闂墍鏈夊叏灞€璧勬簮...
10:09:57.811 [main] INFO com.lrenyi.template.flow.resource.FlowResourceRegistry -- FlowResourceRegistry 鍏抽棴瀹屾垚
10:09:57.811 [flow-eviction] INFO com.lrenyi.template.flow.storage.EvictionCoordinator -- EvictionCoordinator stopped
[ERROR] Tests run: 7, Failures: 1, Errors: 0, Skipped: 0, Time elapsed: 0.649 s <<< FAILURE! -- in com.lrenyi.template.flow.storage.BoundedTimedFlowStorageTest
[ERROR] com.lrenyi.template.flow.storage.BoundedTimedFlowStorageTest.timeoutEviction_consumesEntryWithTimeoutReason -- Time elapsed: 0.183 s <<< FAILURE!
org.opentest4j.AssertionFailedError: expected: <TIMEOUT> but was: <SINGLE_CONSUMED>
	at org.junit.jupiter.api.AssertionFailureBuilder.build(AssertionFailureBuilder.java:151)
	at org.junit.jupiter.api.AssertionFailureBuilder.buildAndThrow(AssertionFailureBuilder.java:132)
	at org.junit.jupiter.api.AssertEquals.failNotEqual(AssertEquals.java:197)
	at org.junit.jupiter.api.AssertEquals.assertEquals(AssertEquals.java:182)
	at org.junit.jupiter.api.AssertEquals.assertEquals(AssertEquals.java:177)
	at org.junit.jupiter.api.Assertions.assertEquals(Assertions.java:1145)
	at com.lrenyi.template.flow.storage.BoundedTimedFlowStorageTest.timeoutEviction_consumesEntryWithTimeoutReason(BoundedTimedFlowStorageTest.java:177)
	at java.base/java.lang.reflect.Method.invoke(Method.java:580)
	at java.base/java.util.ArrayList.forEach(ArrayList.java:1596)
	at java.base/java.util.ArrayList.forEach(ArrayList.java:1596)

[INFO] Running com.lrenyi.template.flow.storage.DefaultDeferredExpiryPolicyTest
[INFO] Tests run: 3, Failures: 0, Errors: 0, Skipped: 0, Time elapsed: 0.006 s -- in com.lrenyi.template.flow.storage.DefaultDeferredExpiryPolicyTest
[INFO] Running com.lrenyi.template.flow.storage.FlowSlotTest
[INFO] Tests run: 2, Failures: 0, Errors: 0, Skipped: 0, Time elapsed: 0.002 s -- in com.lrenyi.template.flow.storage.FlowSlotTest
[INFO] Running com.lrenyi.template.flow.storage.FlowStorageTest
[INFO] Tests run: 4, Failures: 0, Errors: 0, Skipped: 0, Time elapsed: 0.008 s -- in com.lrenyi.template.flow.storage.FlowStorageTest
[INFO] 
[INFO] Results:
[INFO] 
[ERROR] Failures: 
[ERROR]   MatchRetryCoordinatorTest.tryConsumeRetryByReasonAndExhaust:47 expected: <false> but was: <true>
[ERROR]   FlowAndBackpressureMetricsIntegrationTest$BackpressureMetricNamesTests.consumerConcurrencyDimensionMetricsRecordAcquireAndRelease:387 consumer-concurrency DIM_ACQUIRE_ATTEMPTS 搴旀湁璁板綍 ==> expected: <true> but was: <false>
[ERROR]   FlowAndBackpressureMetricsIntegrationTest$BackpressureMetricNamesTests.inFlightConsumerDimensionMetricsRecordAcquireAndRelease:370 in-flight-consumer DIM_ACQUIRE_ATTEMPTS 搴旀湁璁板綍 ==> expected: <true> but was: <false>
[ERROR]   FlowAndBackpressureMetricsIntegrationTest$BackpressureMetricNamesTests.inFlightProductionDimensionMetricsRecordAcquireAndRelease:353 in-flight-production DIM_ACQUIRE_ATTEMPTS 搴旀湁璁板綍 ==> expected: <true> but was: <false>
[ERROR]   FlowAndBackpressureMetricsIntegrationTest$BackpressureMetricNamesTests.producerConcurrencyDimensionMetricsRecordAcquireAndRelease:335 producer-concurrency DIM_ACQUIRE_ATTEMPTS 搴旀湁璁板綍 ==> expected: <true> but was: <false>
[ERROR]   FlowAndBackpressureMetricsIntegrationTest$BackpressureMetricNamesTests.storageDimensionMetricsRecordAcquireAndRelease:314 storage DIM_ACQUIRE_ATTEMPTS 搴旀湁璁板綍 ==> expected: <true> but was: <false>
[ERROR]   FlowJoinerEngineIntegrationTest.itCaffeineMismatch:340->awaitCondition:133 绛夊緟鏉′欢瓒呮椂: 10000ms
[ERROR]   FlowJoinerEngineIntegrationTest.itPullSingleStream:105 FlowProgressSnapshot[jobId=job-pull-single, totalExpected=20, productionAcquired=21, productionReleased=21, activeConsumers=0, inStorage=0, terminated=21, startTimeMillis=1773367790636, endTimeMillis=1773367790640] ==> expected: <20> but was: <21>
[ERROR]   FlowResourceRegistryTest.submitConsumerToGlobalAcquireFailureShouldRollbackPendingCounter:102 Second's increment was rolled back; first task still holds 1 until it completes ==> expected: <1> but was: <0>
[ERROR]   BoundedTimedFlowStorageTest.timeoutEviction_consumesEntryWithTimeoutReason:177 expected: <TIMEOUT> but was: <SINGLE_CONSUMED>
[INFO] 
[ERROR] Tests run: 133, Failures: 10, Errors: 0, Skipped: 0
[INFO] 
[INFO] ------------------------------------------------------------------------
[INFO] BUILD FAILURE
[INFO] ------------------------------------------------------------------------
[INFO] Total time:  38.473 s
[INFO] Finished at: 2026-03-13T10:09:58+08:00
[INFO] ------------------------------------------------------------------------
[ERROR] Failed to execute goal org.apache.maven.plugins:maven-surefire-plugin:3.1.2:test (default-test) on project template-flow: There are test failures.
[ERROR] 
[ERROR] Please refer to D:\github.com\app.template\template-flow\target\surefire-reports for the individual test results.
[ERROR] Please refer to dump files (if any exist) [date].dump, [date]-jvmRun[N].dump and [date].dumpstream.
[ERROR] -> [Help 1]
[ERROR] 
[ERROR] To see the full stack trace of the errors, re-run Maven with the -e switch.
[ERROR] Re-run Maven using the -X switch to enable full debug logging.
[ERROR] 
[ERROR] For more information about the errors and possible solutions, please read the following articles:
[ERROR] [Help 1] http://cwiki.apache.org/confluence/display/MAVEN/MojoFailureException
